../Core/Src/main.c:126:6:BitShiftCombine	24	static
../Core/Src/main.c:133:9:highByte	24	static
../Core/Src/main.c:138:9:lowbyte	24	static
../Core/Src/main.c:145:6:HAL_TIM_IC_CaptureCallback	16	static
../Core/Src/main.c:161:6:HAL_CAN_RxFifo0MsgPendingCallback	16	static
../Core/Src/main.c:267:6:NEXTION_SendNumber	72	static
../Core/Src/main.c:273:6:NEXTION_SendLambda1	72	static
../Core/Src/main.c:279:6:NEXTION_SendString	72	static
../Core/Src/main.c:285:6:NEXTION_SendPage	72	static
../Core/Src/main.c:291:6:Dwin_SendNumber	24	static
../Core/Src/main.c:295:6:Dwin_SendFloat	40	static
../Core/Src/main.c:305:6:Dwin_SendPage	32	static
../Core/Src/main.c:311:6:HAL_GPIO_EXTI_Callback	16	static
../Core/Src/main.c:343:6:HAL_TIM_PWM_PulseFinishedCallback	16	static
../Core/Src/main.c:349:6:Set_LED	24	static
../Core/Src/main.c:359:6:Set_Brightness	40	static
../Core/Src/main.c:381:6:WS2812_Send	32	static
../Core/Src/main.c:419:9:rainbow	40	static
../Core/Src/main.c:458:5:main	40	static
../Core/Src/main.c:875:6:SystemClock_Config	88	static
../Core/Src/main.c:922:13:MX_ADC1_Init	24	static
../Core/Src/main.c:969:13:MX_CAN_Init	48	static
../Core/Src/main.c:1020:13:MX_TIM1_Init	56	static
../Core/Src/main.c:1070:13:MX_TIM2_Init	48	static
../Core/Src/main.c:1119:13:MX_TIM3_Init	56	static
../Core/Src/main.c:1168:13:MX_USART3_UART_Init	8	static
../Core/Src/main.c:1199:13:MX_DMA_Init	16	static
../Core/Src/main.c:1217:13:MX_GPIO_Init	40	static
../Core/Src/main.c:1292:6:Error_Handler	4	static,ignoring_inline_asm
