Archive member included to satisfy reference by file (symbol)

c:/st/stm32cubeide_1.11.0/stm32cubeide/plugins/com.st.stm32cube.ide.mcu.externaltools.gnu-tools-for-stm32.10.3-2021.10.win32_1.0.100.202210260954/tools/bin/../lib/gcc/arm-none-eabi/10.3.1/../../../../arm-none-eabi/lib/thumb/v7e-m+fp/hard\libc_nano.a(lib_a-errno.o)
                              ./Core/Src/syscalls.o (__errno)
c:/st/stm32cubeide_1.11.0/stm32cubeide/plugins/com.st.stm32cube.ide.mcu.externaltools.gnu-tools-for-stm32.10.3-2021.10.win32_1.0.100.202210260954/tools/bin/../lib/gcc/arm-none-eabi/10.3.1/../../../../arm-none-eabi/lib/thumb/v7e-m+fp/hard\libc_nano.a(lib_a-exit.o)
                              c:/st/stm32cubeide_1.11.0/stm32cubeide/plugins/com.st.stm32cube.ide.mcu.externaltools.gnu-tools-for-stm32.10.3-2021.10.win32_1.0.100.202210260954/tools/bin/../lib/gcc/arm-none-eabi/10.3.1/../../../../arm-none-eabi/lib/thumb/v7e-m+fp/hard/crt0.o (exit)
c:/st/stm32cubeide_1.11.0/stm32cubeide/plugins/com.st.stm32cube.ide.mcu.externaltools.gnu-tools-for-stm32.10.3-2021.10.win32_1.0.100.202210260954/tools/bin/../lib/gcc/arm-none-eabi/10.3.1/../../../../arm-none-eabi/lib/thumb/v7e-m+fp/hard\libc_nano.a(lib_a-impure.o)
                              c:/st/stm32cubeide_1.11.0/stm32cubeide/plugins/com.st.stm32cube.ide.mcu.externaltools.gnu-tools-for-stm32.10.3-2021.10.win32_1.0.100.202210260954/tools/bin/../lib/gcc/arm-none-eabi/10.3.1/../../../../arm-none-eabi/lib/thumb/v7e-m+fp/hard\libc_nano.a(lib_a-exit.o) (_global_impure_ptr)
c:/st/stm32cubeide_1.11.0/stm32cubeide/plugins/com.st.stm32cube.ide.mcu.externaltools.gnu-tools-for-stm32.10.3-2021.10.win32_1.0.100.202210260954/tools/bin/../lib/gcc/arm-none-eabi/10.3.1/../../../../arm-none-eabi/lib/thumb/v7e-m+fp/hard\libc_nano.a(lib_a-init.o)
                              c:/st/stm32cubeide_1.11.0/stm32cubeide/plugins/com.st.stm32cube.ide.mcu.externaltools.gnu-tools-for-stm32.10.3-2021.10.win32_1.0.100.202210260954/tools/bin/../lib/gcc/arm-none-eabi/10.3.1/../../../../arm-none-eabi/lib/thumb/v7e-m+fp/hard/crt0.o (__libc_init_array)
c:/st/stm32cubeide_1.11.0/stm32cubeide/plugins/com.st.stm32cube.ide.mcu.externaltools.gnu-tools-for-stm32.10.3-2021.10.win32_1.0.100.202210260954/tools/bin/../lib/gcc/arm-none-eabi/10.3.1/../../../../arm-none-eabi/lib/thumb/v7e-m+fp/hard\libc_nano.a(lib_a-memset.o)
                              c:/st/stm32cubeide_1.11.0/stm32cubeide/plugins/com.st.stm32cube.ide.mcu.externaltools.gnu-tools-for-stm32.10.3-2021.10.win32_1.0.100.202210260954/tools/bin/../lib/gcc/arm-none-eabi/10.3.1/../../../../arm-none-eabi/lib/thumb/v7e-m+fp/hard/crt0.o (memset)
c:/st/stm32cubeide_1.11.0/stm32cubeide/plugins/com.st.stm32cube.ide.mcu.externaltools.gnu-tools-for-stm32.10.3-2021.10.win32_1.0.100.202210260954/tools/bin/../lib/gcc/arm-none-eabi/10.3.1/../../../../arm-none-eabi/lib/thumb/v7e-m+fp/hard\libc_nano.a(lib_a-sprintf.o)
                              ./Core/Src/main.o (sprintf)
c:/st/stm32cubeide_1.11.0/stm32cubeide/plugins/com.st.stm32cube.ide.mcu.externaltools.gnu-tools-for-stm32.10.3-2021.10.win32_1.0.100.202210260954/tools/bin/../lib/gcc/arm-none-eabi/10.3.1/../../../../arm-none-eabi/lib/thumb/v7e-m+fp/hard\libc_nano.a(lib_a-strlen.o)
                              ./Core/Src/main.o (strlen)
c:/st/stm32cubeide_1.11.0/stm32cubeide/plugins/com.st.stm32cube.ide.mcu.externaltools.gnu-tools-for-stm32.10.3-2021.10.win32_1.0.100.202210260954/tools/bin/../lib/gcc/arm-none-eabi/10.3.1/../../../../arm-none-eabi/lib/thumb/v7e-m+fp/hard\libc_nano.a(lib_a-nano-svfprintf.o)
                              c:/st/stm32cubeide_1.11.0/stm32cubeide/plugins/com.st.stm32cube.ide.mcu.externaltools.gnu-tools-for-stm32.10.3-2021.10.win32_1.0.100.202210260954/tools/bin/../lib/gcc/arm-none-eabi/10.3.1/../../../../arm-none-eabi/lib/thumb/v7e-m+fp/hard\libc_nano.a(lib_a-sprintf.o) (_svfprintf_r)
c:/st/stm32cubeide_1.11.0/stm32cubeide/plugins/com.st.stm32cube.ide.mcu.externaltools.gnu-tools-for-stm32.10.3-2021.10.win32_1.0.100.202210260954/tools/bin/../lib/gcc/arm-none-eabi/10.3.1/../../../../arm-none-eabi/lib/thumb/v7e-m+fp/hard\libc_nano.a(lib_a-nano-vfprintf_i.o)
                              c:/st/stm32cubeide_1.11.0/stm32cubeide/plugins/com.st.stm32cube.ide.mcu.externaltools.gnu-tools-for-stm32.10.3-2021.10.win32_1.0.100.202210260954/tools/bin/../lib/gcc/arm-none-eabi/10.3.1/../../../../arm-none-eabi/lib/thumb/v7e-m+fp/hard\libc_nano.a(lib_a-nano-svfprintf.o) (_printf_i)
c:/st/stm32cubeide_1.11.0/stm32cubeide/plugins/com.st.stm32cube.ide.mcu.externaltools.gnu-tools-for-stm32.10.3-2021.10.win32_1.0.100.202210260954/tools/bin/../lib/gcc/arm-none-eabi/10.3.1/../../../../arm-none-eabi/lib/thumb/v7e-m+fp/hard\libc_nano.a(lib_a-memchr.o)
[...]
Memory Configuration

Name             Origin             Length             Attributes
RAM              0x0000000020000000 0x0000000000020000 xrw
FLASH            0x0000000008000000 0x0000000000080000 xr
*default*        0x0000000000000000 0xffffffffffffffff

Linker script and memory map

LOAD c:/st/stm32cubeide_1.11.0/stm32cubeide/plugins/com.st.stm32cube.ide.mcu.externaltools.gnu-tools-for-stm32.10.3-2021.10.win32_1.0.100.202210260954/tools/bin/../lib/gcc/arm-none-eabi/10.3.1/thumb/v7e-m+fp/hard/crti.o
LOAD c:/st/stm32cubeide_1.11.0/stm32cubeide/plugins/com.st.stm32cube.ide.mcu.externaltools.gnu-tools-for-stm32.10.3-2021.10.win32_1.0.100.202210260954/tools/bin/../lib/gcc/arm-none-eabi/10.3.1/thumb/v7e-m+fp/hard/crtbegin.o
LOAD c:/st/stm32cubeide_1.11.0/stm32cubeide/plugins/com.st.stm32cube.ide.mcu.externaltools.gnu-tools-for-stm32.10.3-2021.10.win32_1.0.100.202210260954/tools/bin/../lib/gcc/arm-none-eabi/10.3.1/../../../../arm-none-eabi/lib/thumb/v7e-m+fp/hard/crt0.o
LOAD ./Core/Src/main.o
LOAD ./Core/Src/stm32f4xx_hal_msp.o
LOAD ./Core/Src/stm32f4xx_it.o
LOAD ./Core/Src/syscalls.o
LOAD ./Core/Src/sysmem.o
LOAD ./Core/Src/system_stm32f4xx.o
LOAD ./Core/Startup/startup_stm32f446retx.o
LOAD ./Drivers/STM32F4xx_HAL_Driver/Src/stm32f4xx_hal.o
LOAD ./Drivers/STM32F4xx_HAL_Driver/Src/stm32f4xx_hal_can.o
LOAD ./Drivers/STM32F4xx_HAL_Driver/Src/stm32f4xx_hal_cortex.o
LOAD ./Drivers/STM32F4xx_HAL_Driver/Src/stm32f4xx_hal_dma.o
LOAD ./Drivers/STM32F4xx_HAL_Driver/Src/stm32f4xx_hal_dma_ex.o
LOAD ./Drivers/STM32F4xx_HAL_Driver/Src/stm32f4xx_hal_exti.o
LOAD ./Drivers/STM32F4xx_HAL_Driver/Src/stm32f4xx_hal_flash.o
LOAD ./Drivers/STM32F4xx_HAL_Driver/Src/stm32f4xx_hal_flash_ex.o
LOAD ./Drivers/STM32F4xx_HAL_Driver/Src/stm32f4xx_hal_flash_ramfunc.o
LOAD ./Drivers/STM32F4xx_HAL_Driver/Src/stm32f4xx_hal_gpio.o
LOAD ./Drivers/STM32F4xx_HAL_Driver/Src/stm32f4xx_hal_pwr.o
LOAD ./Drivers/STM32F4xx_HAL_Driver/Src/stm32f4xx_hal_pwr_ex.o
LOAD ./Drivers/STM32F4xx_HAL_Driver/Src/stm32f4xx_hal_rcc.o
LOAD ./Drivers/STM32F4xx_HAL_Driver/Src/stm32f4xx_hal_rcc_ex.o
LOAD ./Drivers/STM32F4xx_HAL_Driver/Src/stm32f4xx_hal_tim.o
LOAD ./Drivers/STM32F4xx_HAL_Driver/Src/stm32f4xx_hal_tim_ex.o
LOAD ./Drivers/STM32F4xx_HAL_Driver/Src/stm32f4xx_hal_uart.o
START GROUP
LOAD c:/st/stm32cubeide_1.11.0/stm32cubeide/plugins/com.st.stm32cube.ide.mcu.externaltools.gnu-tools-for-stm32.10.3-2021.10.win32_1.0.100.202210260954/tools/bin/../lib/gcc/arm-none-eabi/10.3.1/../../../../arm-none-eabi/lib/thumb/v7e-m+fp/hard\libc_nano.a
LOAD c:/st/stm32cubeide_1.11.0/stm32cubeide/plugins/com.st.stm32cube.ide.mcu.externaltools.gnu-tools-for-stm32.10.3-2021.10.win32_1.0.100.202210260954/tools/bin/../lib/gcc/arm-none-eabi/10.3.1/../../../../arm-none-eabi/lib/thumb/v7e-m+fp/hard\libm.a
END GROUP
START GROUP
LOAD c:/st/stm32cubeide_1.11.0/stm32cubeide/plugins/com.st.stm32cube.ide.mcu.externaltools.gnu-tools-for-stm32.10.3-2021.10.win32_1.0.100.202210260954/tools/bin/../lib/gcc/arm-none-eabi/10.3.1/thumb/v7e-m+fp/hard\libgcc.a
LOAD c:/st/stm32cubeide_1.11.0/stm32cubeide/plugins/com.st.stm32cube.ide.mcu.externaltools.gnu-tools-for-stm32.10.3-2021.10.win32_1.0.100.202210260954/tools/bin/../lib/gcc/arm-none-eabi/10.3.1/../../../../arm-none-eabi/lib/thumb/v7e-m+fp/hard\libc_nano.a
END GROUP
START GROUP
LOAD c:/st/stm32cubeide_1.11.0/stm32cubeide/plugins/com.st.stm32cube.ide.mcu.externaltools.gnu-tools-for-stm32.10.3-2021.10.win32_1.0.100.202210260954/tools/bin/../lib/gcc/arm-none-eabi/10.3.1/thumb/v7e-m+fp/hard\libgcc.a
LOAD c:/st/stm32cubeide_1.11.0/stm32cubeide/plugins/com.st.stm32cube.ide.mcu.externaltools.gnu-tools-for-stm32.10.3-2021.10.win32_1.0.100.202210260954/tools/bin/../lib/gcc/arm-none-eabi/10.3.1/../../../../arm-none-eabi/lib/thumb/v7e-m+fp/hard\libc_nano.a
LOAD c:/st/stm32cubeide_1.11.0/stm32cubeide/plugins/com.st.stm32cube.ide.mcu.externaltools.gnu-tools-for-stm32.10.3-2021.10.win32_1.0.100.202210260954/tools/bin/../lib/gcc/arm-none-eabi/10.3.1/../../../../arm-none-eabi/lib/thumb/v7e-m+fp/hard\libnosys.a
END GROUP
START GROUP
LOAD c:/st/stm32cubeide_1.11.0/stm32cubeide/plugins/com.st.stm32cube.ide.mcu.externaltools.gnu-tools-for-stm32.10.3-2021.10.win32_1.0.100.202210260954/tools/bin/../lib/gcc/arm-none-eabi/10.3.1/thumb/v7e-m+fp/hard\libgcc.a
LOAD c:/st/stm32cubeide_1.11.0/stm32cubeide/plugins/com.st.stm32cube.ide.mcu.externaltools.gnu-tools-for-stm32.10.3-2021.10.win32_1.0.100.202210260954/tools/bin/../lib/gcc/arm-none-eabi/10.3.1/../../../../arm-none-eabi/lib/thumb/v7e-m+fp/hard\libc_nano.a
LOAD c:/st/stm32cubeide_1.11.0/stm32cubeide/plugins/com.st.stm32cube.ide.mcu.externaltools.gnu-tools-for-stm32.10.3-2021.10.win32_1.0.100.202210260954/tools/bin/../lib/gcc/arm-none-eabi/10.3.1/../../../../arm-none-eabi/lib/thumb/v7e-m+fp/hard\libnosys.a
END GROUP
LOAD c:/st/stm32cubeide_1.11.0/stm32cubeide/plugins/com.st.stm32cube.ide.mcu.externaltools.gnu-tools-for-stm32.10.3-2021.10.win32_1.0.100.202210260954/tools/bin/../lib/gcc/arm-none-eabi/10.3.1/thumb/v7e-m+fp/hard/crtend.o
LOAD c:/st/stm32cubeide_1.11.0/stm32cubeide/plugins/com.st.stm32cube.ide.mcu.externaltools.gnu-tools-for-stm32.10.3-2021.10.win32_1.0.100.202210260954/tools/bin/../lib/gcc/arm-none-eabi/10.3.1/thumb/v7e-m+fp/hard/crtn.o
                0x0000000020020000                _estack = (ORIGIN (RAM) + LENGTH (RAM))
                0x0000000000000200                _Min_Heap_Size = 0x200
                0x0000000000000400                _Min_Stack_Size = 0x400

.isr_vector     0x0000000008000000      0x1c4
                0x0000000008000000                . = ALIGN (0x4)
 *(.isr_vector)
 .isr_vector    0x0000000008000000      0x1c4 ./Core/Startup/startup_stm32f446retx.o
                0x0000000008000000                g_pfnVectors
                0x00000000080001c4                . = ALIGN (0x4)

.text           0x00000000080001d0     0x4a58
                0x00000000080001d0                . = ALIGN (0x4)
 *(.text)
 .text          0x00000000080001d0       0x40 c:/st/stm32cubeide_1.11.0/stm32cubeide/plugins/com.st.stm32cube.ide.mcu.externaltools.gnu-tools-for-stm32.10.3-2021.10.win32_1.0.100.202210260954/tools/bin/../lib/gcc/arm-none-eabi/10.3.1/thumb/v7e-m+fp/hard/crtbegin.o
 .text          0x0000000008000210       0x10 c:/st/stm32cubeide_1.11.0/stm32cubeide/plugins/com.st.stm32cube.ide.mcu.externaltools.gnu-tools-for-stm32.10.3-2021.10.win32_1.0.100.202210260954/tools/bin/../lib/gcc/arm-none-eabi/10.3.1/../../../../arm-none-eabi/lib/thumb/v7e-m+fp/hard\libc_nano.a(lib_a-strlen.o)
                0x0000000008000210                strlen
 .text          0x0000000008000220       0xa0 c:/st/stm32cubeide_1.11.0/stm32cubeide/plugins/com.st.stm32cube.ide.mcu.externaltools.gnu-tools-for-stm32.10.3-2021.10.win32_1.0.100.202210260954/tools/bin/../lib/gcc/arm-none-eabi/10.3.1/../../../../arm-none-eabi/lib/thumb/v7e-m+fp/hard\libc_nano.a(lib_a-memchr.o)
                0x0000000008000220                memchr
 .text          0x00000000080002c0       0x30 c:/st/stm32cubeide_1.11.0/stm32cubeide/plugins/com.st.stm32cube.ide.mcu.externaltools.gnu-tools-for-stm32.10.3-2021.10.win32_1.0.100.202210260954/tools/bin/../lib/gcc/arm-none-eabi/10.3.1/thumb/v7e-m+fp/hard\libgcc.a(_aeabi_uldivmod.o)
                0x00000000080002c0                __aeabi_uldivmod
 .text          0x00000000080002f0      0x2d0 c:/st/stm32cubeide_1.11.0/stm32cubeide/plugins/com.st.stm32cube.ide.mcu.externaltools.gnu-tools-for-stm32.10.3-2021.10.win32_1.0.100.202210260954/tools/bin/../lib/gcc/arm-none-eabi/10.3.1/thumb/v7e-m+fp/hard\libgcc.a(_udivmoddi4.o)
                0x00000000080002f0                __udivmoddi4
 .text          0x00000000080005c0        0x4 c:/st/stm32cubeide_1.11.0/stm32cubeide/plugins/com.st.stm32cube.ide.mcu.externaltools.gnu-tools-for-stm32.10.3-2021.10.win32_1.0.100.202210260954/tools/bin/../lib/gcc/arm-none-eabi/10.3.1/thumb/v7e-m+fp/hard\libgcc.a(_dvmd_tls.o)
                0x00000000080005c0                __aeabi_idiv0
                0x00000000080005c0                __aeabi_ldiv0
 *(.text*)
 .text.BitShiftCombine
                0x00000000080005c4       0x30 ./Core/Src/main.o
                0x00000000080005c4                BitShiftCombine
 .text.HAL_CAN_RxFifo0MsgPendingCallback
                0x00000000080005f4      0x3f4 ./Core/Src/main.o
                0x00000000080005f4                HAL_CAN_RxFifo0MsgPendingCallback
 .text.main     0x00000000080009e8      0x1b8 ./Core/Src/main.o
                0x00000000080009e8                main
 .text.SystemClock_Config
                0x0000000008000ba0       0xe4 ./Core/Src/main.o
                0x0000000008000ba0                SystemClock_Config
 .text.MX_CAN1_Init
                0x0000000008000c84       0xc8 ./Core/Src/main.o
 .text.MX_CAN2_Init
                0x0000000008000d4c       0xc8 ./Core/Src/main.o
 .text.MX_USART1_UART_Init
                0x0000000008000e14       0x54 ./Core/Src/main.o
 .text.MX_GPIO_Init
                0x0000000008000e68       0xbc ./Core/Src/main.o
 .text.HAL_UART_RxCpltCallback
                0x0000000008000f24       0xa0 ./Core/Src/main.o
                0x0000000008000f24                HAL_UART_RxCpltCallback
 .text.Error_Handler
                0x0000000008000fc4        0xa ./Core/Src/main.o
                0x0000000008000fc4                Error_Handler
 *fill*         0x0000000008000fce        0x2 
 .text.HAL_MspInit
                0x0000000008000fd0       0x50 ./Core/Src/stm32f4xx_hal_msp.o
                0x0000000008000fd0                HAL_MspInit
 .text.HAL_CAN_MspInit
                0x0000000008001020      0x164 ./Core/Src/stm32f4xx_hal_msp.o
                0x0000000008001020                HAL_CAN_MspInit
 .text.HAL_UART_MspInit
                0x0000000008001184       0xe0 ./Core/Src/stm32f4xx_hal_msp.o
                0x0000000008001184                HAL_UART_MspInit
 .text.NMI_Handler
                0x0000000008001264        0x6 ./Core/Src/stm32f4xx_it.o
                0x0000000008001264                NMI_Handler
 .text.HardFault_Handler
                0x000000000800126a        0x6 ./Core/Src/stm32f4xx_it.o
                0x000000000800126a                HardFault_Handler
 .text.MemManage_Handler
                0x0000000008001270        0x6 ./Core/Src/stm32f4xx_it.o
                0x0000000008001270                MemManage_Handler
 .text.BusFault_Handler
                0x0000000008001276        0x6 ./Core/Src/stm32f4xx_it.o
                0x0000000008001276                BusFault_Handler
 .text.UsageFault_Handler
                0x000000000800127c        0x6 ./Core/Src/stm32f4xx_it.o
                0x000000000800127c                UsageFault_Handler
 .text.SVC_Handler
                0x0000000008001282        0xe ./Core/Src/stm32f4xx_it.o
                0x0000000008001282                SVC_Handler
 .text.DebugMon_Handler
                0x0000000008001290        0xe ./Core/Src/stm32f4xx_it.o
                0x0000000008001290                DebugMon_Handler
 .text.PendSV_Handler
                0x000000000800129e        0xe ./Core/Src/stm32f4xx_it.o
                0x000000000800129e                PendSV_Handler
 .text.SysTick_Handler
                0x00000000080012ac        0xc ./Core/Src/stm32f4xx_it.o
                0x00000000080012ac                SysTick_Handler
 .text.CAN1_RX0_IRQHandler
                0x00000000080012b8       0x14 ./Core/Src/stm32f4xx_it.o
                0x00000000080012b8                CAN1_RX0_IRQHandler
 .text.USART1_IRQHandler
                0x00000000080012cc       0x14 ./Core/Src/stm32f4xx_it.o
                0x00000000080012cc                USART1_IRQHandler
 .text.CAN2_RX0_IRQHandler
                0x00000000080012e0       0x14 ./Core/Src/stm32f4xx_it.o
                0x00000000080012e0                CAN2_RX0_IRQHandler
 .text._sbrk    0x00000000080012f4       0x6c ./Core/Src/sysmem.o
                0x00000000080012f4                _sbrk
 .text.SystemInit
                0x0000000008001360       0x24 ./Core/Src/system_stm32f4xx.o
                0x0000000008001360                SystemInit
 .text.Reset_Handler
                0x0000000008001384       0x50 ./Core/Startup/startup_stm32f446retx.o
                0x0000000008001384                Reset_Handler
 .text.Default_Handler
                0x00000000080013d4        0x2 ./Core/Startup/startup_stm32f446retx.o
                0x00000000080013d4                RTC_Alarm_IRQHandler
                0x00000000080013d4                EXTI2_IRQHandler
                0x00000000080013d4                TIM8_CC_IRQHandler
                0x00000000080013d4                FMPI2C1_EV_IRQHandler
                0x00000000080013d4                SPI4_IRQHandler
                0x00000000080013d4                TIM1_CC_IRQHandler
                0x00000000080013d4                DMA2_Stream5_IRQHandler
                0x00000000080013d4                DMA1_Stream5_IRQHandler
                0x00000000080013d4                PVD_IRQHandler
                0x00000000080013d4                SDIO_IRQHandler
                0x00000000080013d4                TAMP_STAMP_IRQHandler
                0x00000000080013d4                CAN2_RX1_IRQHandler
                0x00000000080013d4                EXTI3_IRQHandler
                0x00000000080013d4                TIM8_TRG_COM_TIM14_IRQHandler
                0x00000000080013d4                TIM1_UP_TIM10_IRQHandler
                0x00000000080013d4                TIM8_UP_TIM13_IRQHandler
                0x00000000080013d4                I2C3_ER_IRQHandler
                0x00000000080013d4                EXTI0_IRQHandler
                0x00000000080013d4                I2C2_EV_IRQHandler
                0x00000000080013d4                DMA1_Stream2_IRQHandler
                0x00000000080013d4                FPU_IRQHandler
                0x00000000080013d4                OTG_HS_WKUP_IRQHandler
                0x00000000080013d4                CAN2_SCE_IRQHandler
                0x00000000080013d4                DMA2_Stream2_IRQHandler
                0x00000000080013d4                SPI1_IRQHandler
                0x00000000080013d4                TIM6_DAC_IRQHandler
                0x00000000080013d4                TIM1_BRK_TIM9_IRQHandler
                0x00000000080013d4                DCMI_IRQHandler
                0x00000000080013d4                DMA2_Stream3_IRQHandler
                0x00000000080013d4                SAI2_IRQHandler
                0x00000000080013d4                USART6_IRQHandler
                0x00000000080013d4                USART3_IRQHandler
                0x00000000080013d4                CAN1_RX1_IRQHandler
                0x00000000080013d4                UART5_IRQHandler
                0x00000000080013d4                DMA2_Stream0_IRQHandler
                0x00000000080013d4                TIM4_IRQHandler
                0x00000000080013d4                QUADSPI_IRQHandler
                0x00000000080013d4                I2C1_EV_IRQHandler
                0x00000000080013d4                DMA1_Stream6_IRQHandler
                0x00000000080013d4                DMA1_Stream1_IRQHandler
                0x00000000080013d4                UART4_IRQHandler
                0x00000000080013d4                TIM3_IRQHandler
                0x00000000080013d4                RCC_IRQHandler
                0x00000000080013d4                TIM8_BRK_TIM12_IRQHandler
                0x00000000080013d4                Default_Handler
                0x00000000080013d4                CEC_IRQHandler
                0x00000000080013d4                EXTI15_10_IRQHandler
                0x00000000080013d4                ADC_IRQHandler
                0x00000000080013d4                DMA1_Stream7_IRQHandler
                0x00000000080013d4                TIM7_IRQHandler
                0x00000000080013d4                CAN2_TX_IRQHandler
                0x00000000080013d4                TIM5_IRQHandler
                0x00000000080013d4                DMA2_Stream7_IRQHandler
                0x00000000080013d4                I2C3_EV_IRQHandler
                0x00000000080013d4                EXTI9_5_IRQHandler
                0x00000000080013d4                RTC_WKUP_IRQHandler
                0x00000000080013d4                SPDIF_RX_IRQHandler
                0x00000000080013d4                SPI2_IRQHandler
                0x00000000080013d4                OTG_HS_EP1_IN_IRQHandler
                0x00000000080013d4                DMA1_Stream0_IRQHandler
                0x00000000080013d4                CAN1_TX_IRQHandler
                0x00000000080013d4                FMPI2C1_ER_IRQHandler
                0x00000000080013d4                EXTI4_IRQHandler
                0x00000000080013d4                OTG_HS_EP1_OUT_IRQHandler
                0x00000000080013d4                WWDG_IRQHandler
                0x00000000080013d4                TIM2_IRQHandler
                0x00000000080013d4                OTG_FS_WKUP_IRQHandler
                0x00000000080013d4                TIM1_TRG_COM_TIM11_IRQHandler
                0x00000000080013d4                OTG_HS_IRQHandler
                0x00000000080013d4                EXTI1_IRQHandler
                0x00000000080013d4                USART2_IRQHandler
                0x00000000080013d4                I2C2_ER_IRQHandler
                0x00000000080013d4                DMA2_Stream1_IRQHandler
                0x00000000080013d4                CAN1_SCE_IRQHandler
                0x00000000080013d4                FLASH_IRQHandler
                0x00000000080013d4                DMA2_Stream4_IRQHandler
                0x00000000080013d4                OTG_FS_IRQHandler
                0x00000000080013d4                SPI3_IRQHandler
                0x00000000080013d4                DMA1_Stream4_IRQHandler
                0x00000000080013d4                I2C1_ER_IRQHandler
                0x00000000080013d4                FMC_IRQHandler
                0x00000000080013d4                DMA2_Stream6_IRQHandler
                0x00000000080013d4                SAI1_IRQHandler
                0x00000000080013d4                DMA1_Stream3_IRQHandler
 *fill*         0x00000000080013d6        0x2 
 .text.HAL_Init
                0x00000000080013d8       0x44 ./Drivers/STM32F4xx_HAL_Driver/Src/stm32f4xx_hal.o
                0x00000000080013d8                HAL_Init
 .text.HAL_InitTick
                0x000000000800141c       0x60 ./Drivers/STM32F4xx_HAL_Driver/Src/stm32f4xx_hal.o
                0x000000000800141c                HAL_InitTick
 .text.HAL_IncTick
                0x000000000800147c       0x28 ./Drivers/STM32F4xx_HAL_Driver/Src/stm32f4xx_hal.o
                0x000000000800147c                HAL_IncTick
 .text.HAL_GetTick
                0x00000000080014a4       0x18 ./Drivers/STM32F4xx_HAL_Driver/Src/stm32f4xx_hal.o
                0x00000000080014a4                HAL_GetTick
 .text.HAL_Delay
                0x00000000080014bc       0x48 ./Drivers/STM32F4xx_HAL_Driver/Src/stm32f4xx_hal.o
                0x00000000080014bc                HAL_Delay
 .text.HAL_CAN_Init
                0x0000000008001504      0x1f6 ./Drivers/STM32F4xx_HAL_Driver/Src/stm32f4xx_hal_can.o
                0x0000000008001504                HAL_CAN_Init
 *fill*         0x00000000080016fa        0x2 
 .text.HAL_CAN_ConfigFilter
                0x00000000080016fc      0x1c0 ./Drivers/STM32F4xx_HAL_Driver/Src/stm32f4xx_hal_can.o
                0x00000000080016fc                HAL_CAN_ConfigFilter
 .text.HAL_CAN_Start
                0x00000000080018bc       0x88 ./Drivers/STM32F4xx_HAL_Driver/Src/stm32f4xx_hal_can.o
                0x00000000080018bc                HAL_CAN_Start
 .text.HAL_CAN_GetRxMessage
                0x0000000008001944      0x224 ./Drivers/STM32F4xx_HAL_Driver/Src/stm32f4xx_hal_can.o
                0x0000000008001944                HAL_CAN_GetRxMessage
 .text.HAL_CAN_ActivateNotification
                0x0000000008001b68       0x4c ./Drivers/STM32F4xx_HAL_Driver/Src/stm32f4xx_hal_can.o
                0x0000000008001b68                HAL_CAN_ActivateNotification
 .text.HAL_CAN_IRQHandler
                0x0000000008001bb4      0x36e ./Drivers/STM32F4xx_HAL_Driver/Src/stm32f4xx_hal_can.o
                0x0000000008001bb4                HAL_CAN_IRQHandler
 .text.HAL_CAN_TxMailbox0CompleteCallback
                0x0000000008001f22       0x14 ./Drivers/STM32F4xx_HAL_Driver/Src/stm32f4xx_hal_can.o
                0x0000000008001f22                HAL_CAN_TxMailbox0CompleteCallback
 .text.HAL_CAN_TxMailbox1CompleteCallback
                0x0000000008001f36       0x14 ./Drivers/STM32F4xx_HAL_Driver/Src/stm32f4xx_hal_can.o
                0x0000000008001f36                HAL_CAN_TxMailbox1CompleteCallback
 .text.HAL_CAN_TxMailbox2CompleteCallback
                0x0000000008001f4a       0x14 ./Drivers/STM32F4xx_HAL_Driver/Src/stm32f4xx_hal_can.o
                0x0000000008001f4a                HAL_CAN_TxMailbox2CompleteCallback
 .text.HAL_CAN_TxMailbox0AbortCallback
                0x0000000008001f5e       0x14 ./Drivers/STM32F4xx_HAL_Driver/Src/stm32f4xx_hal_can.o
                0x0000000008001f5e                HAL_CAN_TxMailbox0AbortCallback
 .text.HAL_CAN_TxMailbox1AbortCallback
                0x0000000008001f72       0x14 ./Drivers/STM32F4xx_HAL_Driver/Src/stm32f4xx_hal_can.o
                0x0000000008001f72                HAL_CAN_TxMailbox1AbortCallback
 .text.HAL_CAN_TxMailbox2AbortCallback
                0x0000000008001f86       0x14 ./Drivers/STM32F4xx_HAL_Driver/Src/stm32f4xx_hal_can.o
                0x0000000008001f86                HAL_CAN_TxMailbox2AbortCallback
 .text.HAL_CAN_RxFifo0FullCallback
                0x0000000008001f9a       0x14 ./Drivers/STM32F4xx_HAL_Driver/Src/stm32f4xx_hal_can.o
                0x0000000008001f9a                HAL_CAN_RxFifo0FullCallback
 .text.HAL_CAN_RxFifo1MsgPendingCallback
                0x0000000008001fae       0x14 ./Drivers/STM32F4xx_HAL_Driver/Src/stm32f4xx_hal_can.o
                0x0000000008001fae                HAL_CAN_RxFifo1MsgPendingCallback
 .text.HAL_CAN_RxFifo1FullCallback
                0x0000000008001fc2       0x14 ./Drivers/STM32F4xx_HAL_Driver/Src/stm32f4xx_hal_can.o
                0x0000000008001fc2                HAL_CAN_RxFifo1FullCallback
 .text.HAL_CAN_SleepCallback
                0x0000000008001fd6       0x14 ./Drivers/STM32F4xx_HAL_Driver/Src/stm32f4xx_hal_can.o
                0x0000000008001fd6                HAL_CAN_SleepCallback
 .text.HAL_CAN_WakeUpFromRxMsgCallback
                0x0000000008001fea       0x14 ./Drivers/STM32F4xx_HAL_Driver/Src/stm32f4xx_hal_can.o
                0x0000000008001fea                HAL_CAN_WakeUpFromRxMsgCallback
 .text.HAL_CAN_ErrorCallback
                0x0000000008001ffe       0x14 ./Drivers/STM32F4xx_HAL_Driver/Src/stm32f4xx_hal_can.o
                0x0000000008001ffe                HAL_CAN_ErrorCallback
 *fill*         0x0000000008002012        0x2 
 .text.__NVIC_SetPriorityGrouping
                0x0000000008002014       0x48 ./Drivers/STM32F4xx_HAL_Driver/Src/stm32f4xx_hal_cortex.o
 .text.__NVIC_GetPriorityGrouping
                0x000000000800205c       0x1c ./Drivers/STM32F4xx_HAL_Driver/Src/stm32f4xx_hal_cortex.o
 .text.__NVIC_EnableIRQ
                0x0000000008002078       0x3c ./Drivers/STM32F4xx_HAL_Driver/Src/stm32f4xx_hal_cortex.o
 .text.__NVIC_SetPriority
                0x00000000080020b4       0x54 ./Drivers/STM32F4xx_HAL_Driver/Src/stm32f4xx_hal_cortex.o
 .text.NVIC_EncodePriority
                0x0000000008002108       0x66 ./Drivers/STM32F4xx_HAL_Driver/Src/stm32f4xx_hal_cortex.o
 *fill*         0x000000000800216e        0x2 
 .text.SysTick_Config
                0x0000000008002170       0x44 ./Drivers/STM32F4xx_HAL_Driver/Src/stm32f4xx_hal_cortex.o
 .text.HAL_NVIC_SetPriorityGrouping
                0x00000000080021b4       0x16 ./Drivers/STM32F4xx_HAL_Driver/Src/stm32f4xx_hal_cortex.o
                0x00000000080021b4                HAL_NVIC_SetPriorityGrouping
 .text.HAL_NVIC_SetPriority
                0x00000000080021ca       0x38 ./Drivers/STM32F4xx_HAL_Driver/Src/stm32f4xx_hal_cortex.o
                0x00000000080021ca                HAL_NVIC_SetPriority
 .text.HAL_NVIC_EnableIRQ
                0x0000000008002202       0x1c ./Drivers/STM32F4xx_HAL_Driver/Src/stm32f4xx_hal_cortex.o
                0x0000000008002202                HAL_NVIC_EnableIRQ
 .text.HAL_SYSTICK_Config
                0x000000000800221e       0x18 ./Drivers/STM32F4xx_HAL_Driver/Src/stm32f4xx_hal_cortex.o
                0x000000000800221e                HAL_SYSTICK_Config
 .text.HAL_DMA_Abort
                0x0000000008002236       0xe0 ./Drivers/STM32F4xx_HAL_Driver/Src/stm32f4xx_hal_dma.o
                0x0000000008002236                HAL_DMA_Abort
 .text.HAL_DMA_Abort_IT
                0x0000000008002316       0x44 ./Drivers/STM32F4xx_HAL_Driver/Src/stm32f4xx_hal_dma.o
                0x0000000008002316                HAL_DMA_Abort_IT
 *fill*         0x000000000800235a        0x2 
 .text.HAL_GPIO_Init
                0x000000000800235c      0x328 ./Drivers/STM32F4xx_HAL_Driver/Src/stm32f4xx_hal_gpio.o
                0x000000000800235c                HAL_GPIO_Init
 .text.HAL_GPIO_WritePin
                0x0000000008002684       0x32 ./Drivers/STM32F4xx_HAL_Driver/Src/stm32f4xx_hal_gpio.o
                0x0000000008002684                HAL_GPIO_WritePin
 .text.HAL_GPIO_TogglePin
                0x00000000080026b6       0x34 ./Drivers/STM32F4xx_HAL_Driver/Src/stm32f4xx_hal_gpio.o
                0x00000000080026b6                HAL_GPIO_TogglePin
 *fill*         0x00000000080026ea        0x2 
 .text.HAL_PWREx_EnableOverDrive
                0x00000000080026ec       0xa0 ./Drivers/STM32F4xx_HAL_Driver/Src/stm32f4xx_hal_pwr_ex.o
                0x00000000080026ec                HAL_PWREx_EnableOverDrive
 .text.HAL_RCC_ClockConfig
                0x000000000800278c      0x1cc ./Drivers/STM32F4xx_HAL_Driver/Src/stm32f4xx_hal_rcc.o
                0x000000000800278c                HAL_RCC_ClockConfig
 .text.HAL_RCC_GetHCLKFreq
                0x0000000008002958       0x18 ./Drivers/STM32F4xx_HAL_Driver/Src/stm32f4xx_hal_rcc.o
                0x0000000008002958                HAL_RCC_GetHCLKFreq
 .text.HAL_RCC_GetPCLK1Freq
                0x0000000008002970       0x28 ./Drivers/STM32F4xx_HAL_Driver/Src/stm32f4xx_hal_rcc.o
                0x0000000008002970                HAL_RCC_GetPCLK1Freq
 .text.HAL_RCC_GetPCLK2Freq
                0x0000000008002998       0x28 ./Drivers/STM32F4xx_HAL_Driver/Src/stm32f4xx_hal_rcc.o
                0x0000000008002998                HAL_RCC_GetPCLK2Freq
 .text.HAL_RCC_GetSysClockFreq
                0x00000000080029c0      0x45c ./Drivers/STM32F4xx_HAL_Driver/Src/stm32f4xx_hal_rcc_ex.o
                0x00000000080029c0                HAL_RCC_GetSysClockFreq
 .text.HAL_RCC_OscConfig
                0x0000000008002e1c      0x53c ./Drivers/STM32F4xx_HAL_Driver/Src/stm32f4xx_hal_rcc_ex.o
                0x0000000008002e1c                HAL_RCC_OscConfig
 .text.HAL_UART_Init
                0x0000000008003358       0x9a ./Drivers/STM32F4xx_HAL_Driver/Src/stm32f4xx_hal_uart.o
                0x0000000008003358                HAL_UART_Init
 .text.HAL_UART_Transmit_IT
                0x00000000080033f2       0x8a ./Drivers/STM32F4xx_HAL_Driver/Src/stm32f4xx_hal_uart.o
                0x00000000080033f2                HAL_UART_Transmit_IT
 .text.HAL_UART_Receive_IT
                0x000000000800347c       0x60 ./Drivers/STM32F4xx_HAL_Driver/Src/stm32f4xx_hal_uart.o
                0x000000000800347c                HAL_UART_Receive_IT
 .text.HAL_UART_IRQHandler
                0x00000000080034dc      0x51c ./Drivers/STM32F4xx_HAL_Driver/Src/stm32f4xx_hal_uart.o
                0x00000000080034dc                HAL_UART_IRQHandler
 .text.HAL_UART_TxCpltCallback
                0x00000000080039f8       0x14 ./Drivers/STM32F4xx_HAL_Driver/Src/stm32f4xx_hal_uart.o
                0x00000000080039f8                HAL_UART_TxCpltCallback
 .text.HAL_UART_ErrorCallback
                0x0000000008003a0c       0x14 ./Drivers/STM32F4xx_HAL_Driver/Src/stm32f4xx_hal_uart.o
                0x0000000008003a0c                HAL_UART_ErrorCallback
 .text.HAL_UARTEx_RxEventCallback
                0x0000000008003a20       0x18 ./Drivers/STM32F4xx_HAL_Driver/Src/stm32f4xx_hal_uart.o
                0x0000000008003a20                HAL_UARTEx_RxEventCallback
 .text.UART_Start_Receive_IT
                0x0000000008003a38       0x7c ./Drivers/STM32F4xx_HAL_Driver/Src/stm32f4xx_hal_uart.o
                0x0000000008003a38                UART_Start_Receive_IT
 .text.UART_EndRxTransfer
                0x0000000008003ab4       0xc6 ./Drivers/STM32F4xx_HAL_Driver/Src/stm32f4xx_hal_uart.o
 .text.UART_DMAAbortOnError
                0x0000000008003b7a       0x28 ./Drivers/STM32F4xx_HAL_Driver/Src/stm32f4xx_hal_uart.o
 .text.UART_Transmit_IT
                0x0000000008003ba2       0xa0 ./Drivers/STM32F4xx_HAL_Driver/Src/stm32f4xx_hal_uart.o
 .text.UART_EndTransmit_IT
                0x0000000008003c42       0x30 ./Drivers/STM32F4xx_HAL_Driver/Src/stm32f4xx_hal_uart.o
 .text.UART_Receive_IT
                0x0000000008003c72      0x176 ./Drivers/STM32F4xx_HAL_Driver/Src/stm32f4xx_hal_uart.o
 .text.UART_SetConfig
                0x0000000008003de8      0x4e8 ./Drivers/STM32F4xx_HAL_Driver/Src/stm32f4xx_hal_uart.o
 .text.__errno  0x00000000080042d0        0xc c:/st/stm32cubeide_1.11.0/stm32cubeide/plugins/com.st.stm32cube.ide.mcu.externaltools.gnu-tools-for-stm32.10.3-2021.10.win32_1.0.100.202210260954/tools/bin/../lib/gcc/arm-none-eabi/10.3.1/../../../../arm-none-eabi/lib/thumb/v7e-m+fp/hard\libc_nano.a(lib_a-errno.o)
                0x00000000080042d0                __errno
 .text.__libc_init_array
                0x00000000080042dc       0x48 c:/st/stm32cubeide_1.11.0/stm32cubeide/plugins/com.st.stm32cube.ide.mcu.externaltools.gnu-tools-for-stm32.10.3-2021.10.win32_1.0.100.202210260954/tools/bin/../lib/gcc/arm-none-eabi/10.3.1/../../../../arm-none-eabi/lib/thumb/v7e-m+fp/hard\libc_nano.a(lib_a-init.o)
                0x00000000080042dc                __libc_init_array
 .text.memset   0x0000000008004324       0x10 c:/st/stm32cubeide_1.11.0/stm32cubeide/plugins/com.st.stm32cube.ide.mcu.externaltools.gnu-tools-for-stm32.10.3-2021.10.win32_1.0.100.202210260954/tools/bin/../lib/gcc/arm-none-eabi/10.3.1/../../../../arm-none-eabi/lib/thumb/v7e-m+fp/hard\libc_nano.a(lib_a-memset.o)
                0x0000000008004324                memset
 .text.sprintf  0x0000000008004334       0x40 c:/st/stm32cubeide_1.11.0/stm32cubeide/plugins/com.st.stm32cube.ide.mcu.externaltools.gnu-tools-for-stm32.10.3-2021.10.win32_1.0.100.202210260954/tools/bin/../lib/gcc/arm-none-eabi/10.3.1/../../../../arm-none-eabi/lib/thumb/v7e-m+fp/hard\libc_nano.a(lib_a-sprintf.o)
                0x0000000008004334                siprintf
                0x0000000008004334                sprintf
 .text.__ssputs_r
                0x0000000008004374       0xb6 c:/st/stm32cubeide_1.11.0/stm32cubeide/plugins/com.st.stm32cube.ide.mcu.externaltools.gnu-tools-for-stm32.10.3-2021.10.win32_1.0.100.202210260954/tools/bin/../lib/gcc/arm-none-eabi/10.3.1/../../../../arm-none-eabi/lib/thumb/v7e-m+fp/hard\libc_nano.a(lib_a-nano-svfprintf.o)
                0x0000000008004374                __ssputs_r
 *fill*         0x000000000800442a        0x2 
 .text._svfprintf_r
                0x000000000800442c      0x200 c:/st/stm32cubeide_1.11.0/stm32cubeide/plugins/com.st.stm32cube.ide.mcu.externaltools.gnu-tools-for-stm32.10.3-2021.10.win32_1.0.100.202210260954/tools/bin/../lib/gcc/arm-none-eabi/10.3.1/../../../../arm-none-eabi/lib/thumb/v7e-m+fp/hard\libc_nano.a(lib_a-nano-svfprintf.o)
                0x000000000800442c                _svfiprintf_r
                0x000000000800442c                _svfprintf_r
 .text._printf_common
                0x000000000800462c       0xda c:/st/stm32cubeide_1.11.0/stm32cubeide/plugins/com.st.stm32cube.ide.mcu.externaltools.gnu-tools-for-stm32.10.3-2021.10.win32_1.0.100.202210260954/tools/bin/../lib/gcc/arm-none-eabi/10.3.1/../../../../arm-none-eabi/lib/thumb/v7e-m+fp/hard\libc_nano.a(lib_a-nano-vfprintf_i.o)
                0x000000000800462c                _printf_common
 *fill*         0x0000000008004706        0x2 
 .text._printf_i
                0x0000000008004708      0x24c c:/st/stm32cubeide_1.11.0/stm32cubeide/plugins/com.st.stm32cube.ide.mcu.externaltools.gnu-tools-for-stm32.10.3-2021.10.win32_1.0.100.202210260954/tools/bin/../lib/gcc/arm-none-eabi/10.3.1/../../../../arm-none-eabi/lib/thumb/v7e-m+fp/hard\libc_nano.a(lib_a-nano-vfprintf_i.o)
                0x0000000008004708                _printf_i
 .text.memcpy   0x0000000008004954       0x1c c:/st/stm32cubeide_1.11.0/stm32cubeide/plugins/com.st.stm32cube.ide.mcu.externaltools.gnu-tools-for-stm32.10.3-2021.10.win32_1.0.100.202210260954/tools/bin/../lib/gcc/arm-none-eabi/10.3.1/../../../../arm-none-eabi/lib/thumb/v7e-m+fp/hard\libc_nano.a(lib_a-memcpy-stub.o)
                0x0000000008004954                memcpy
 .text.memmove  0x0000000008004970       0x34 c:/st/stm32cubeide_1.11.0/stm32cubeide/plugins/com.st.stm32cube.ide.mcu.externaltools.gnu-tools-for-stm32.10.3-2021.10.win32_1.0.100.202210260954/tools/bin/../lib/gcc/arm-none-eabi/10.3.1/../../../../arm-none-eabi/lib/thumb/v7e-m+fp/hard\libc_nano.a(lib_a-memmove.o)
                0x0000000008004970                memmove
 .text._free_r  0x00000000080049a4       0x98 c:/st/stm32cubeide_1.11.0/stm32cubeide/plugins/com.st.stm32cube.ide.mcu.externaltools.gnu-tools-for-stm32.10.3-2021.10.win32_1.0.100.202210260954/tools/bin/../lib/gcc/arm-none-eabi/10.3.1/../../../../arm-none-eabi/lib/thumb/v7e-m+fp/hard\libc_nano.a(lib_a-nano-freer.o)
                0x00000000080049a4                _free_r
 .text.sbrk_aligned
                0x0000000008004a3c       0x40 c:/st/stm32cubeide_1.11.0/stm32cubeide/plugins/com.st.stm32cube.ide.mcu.externaltools.gnu-tools-for-stm32.10.3-2021.10.win32_1.0.100.202210260954/tools/bin/../lib/gcc/arm-none-eabi/10.3.1/../../../../arm-none-eabi/lib/thumb/v7e-m+fp/hard\libc_nano.a(lib_a-nano-mallocr.o)
 .text._malloc_r
                0x0000000008004a7c       0xe8 c:/st/stm32cubeide_1.11.0/stm32cubeide/plugins/com.st.stm32cube.ide.mcu.externaltools.gnu-tools-for-stm32.10.3-2021.10.win32_1.0.100.202210260954/tools/bin/../lib/gcc/arm-none-eabi/10.3.1/../../../../arm-none-eabi/lib/thumb/v7e-m+fp/hard\libc_nano.a(lib_a-nano-mallocr.o)
                0x0000000008004a7c                _malloc_r
 .text._realloc_r
                0x0000000008004b64       0x5e c:/st/stm32cubeide_1.11.0/stm32cubeide/plugins/com.st.stm32cube.ide.mcu.externaltools.gnu-tools-for-stm32.10.3-2021.10.win32_1.0.100.202210260954/tools/bin/../lib/gcc/arm-none-eabi/10.3.1/../../../../arm-none-eabi/lib/thumb/v7e-m+fp/hard\libc_nano.a(lib_a-nano-reallocr.o)
                0x0000000008004b64                _realloc_r
 *fill*         0x0000000008004bc2        0x2 
 .text._sbrk_r  0x0000000008004bc4       0x20 c:/st/stm32cubeide_1.11.0/stm32cubeide/plugins/com.st.stm32cube.ide.mcu.externaltools.gnu-tools-for-stm32.10.3-2021.10.win32_1.0.100.202210260954/tools/bin/../lib/gcc/arm-none-eabi/10.3.1/../../../../arm-none-eabi/lib/thumb/v7e-m+fp/hard\libc_nano.a(lib_a-sbrkr.o)
                0x0000000008004bc4                _sbrk_r
 .text.__malloc_lock
                0x0000000008004be4        0xc c:/st/stm32cubeide_1.11.0/stm32cubeide/plugins/com.st.stm32cube.ide.mcu.externaltools.gnu-tools-for-stm32.10.3-2021.10.win32_1.0.100.202210260954/tools/bin/../lib/gcc/arm-none-eabi/10.3.1/../../../../arm-none-eabi/lib/thumb/v7e-m+fp/hard\libc_nano.a(lib_a-mlock.o)
                0x0000000008004be4                __malloc_lock
 .text.__malloc_unlock
                0x0000000008004bf0        0xc c:/st/stm32cubeide_1.11.0/stm32cubeide/plugins/com.st.stm32cube.ide.mcu.externaltools.gnu-tools-for-stm32.10.3-2021.10.win32_1.0.100.202210260954/tools/bin/../lib/gcc/arm-none-eabi/10.3.1/../../../../arm-none-eabi/lib/thumb/v7e-m+fp/hard\libc_nano.a(lib_a-mlock.o)
                0x0000000008004bf0                __malloc_unlock
 .text._malloc_usable_size_r
                0x0000000008004bfc       0x10 c:/st/stm32cubeide_1.11.0/stm32cubeide/plugins/com.st.stm32cube.ide.mcu.externaltools.gnu-tools-for-stm32.10.3-2021.10.win32_1.0.100.202210260954/tools/bin/../lib/gcc/arm-none-eabi/10.3.1/../../../../arm-none-eabi/lib/thumb/v7e-m+fp/hard\libc_nano.a(lib_a-nano-msizer.o)
                0x0000000008004bfc                _malloc_usable_size_r
 .text.__retarget_lock_acquire_recursive
                0x0000000008004c0c        0x2 c:/st/stm32cubeide_1.11.0/stm32cubeide/plugins/com.st.stm32cube.ide.mcu.externaltools.gnu-tools-for-stm32.10.3-2021.10.win32_1.0.100.202210260954/tools/bin/../lib/gcc/arm-none-eabi/10.3.1/../../../../arm-none-eabi/lib/thumb/v7e-m+fp/hard\libc_nano.a(lib_a-lock.o)
                0x0000000008004c0c                __retarget_lock_acquire_recursive
 .text.__retarget_lock_release_recursive
                0x0000000008004c0e        0x2 c:/st/stm32cubeide_1.11.0/stm32cubeide/plugins/com.st.stm32cube.ide.mcu.externaltools.gnu-tools-for-stm32.10.3-2021.10.win32_1.0.100.202210260954/tools/bin/../lib/gcc/arm-none-eabi/10.3.1/../../../../arm-none-eabi/lib/thumb/v7e-m+fp/hard\libc_nano.a(lib_a-lock.o)
                0x0000000008004c0e                __retarget_lock_release_recursive
 *(.glue_7)
 .glue_7        0x0000000008004c10        0x0 linker stubs
 *(.glue_7t)
 .glue_7t       0x0000000008004c10        0x0 linker stubs
 *(.eh_frame)
 .eh_frame      0x0000000008004c10        0x0 c:/st/stm32cubeide_1.11.0/stm32cubeide/plugins/com.st.stm32cube.ide.mcu.externaltools.gnu-tools-for-stm32.10.3-2021.10.win32_1.0.100.202210260954/tools/bin/../lib/gcc/arm-none-eabi/10.3.1/thumb/v7e-m+fp/hard/crtbegin.o
 *(.init)
 .init          0x0000000008004c10        0x4 c:/st/stm32cubeide_1.11.0/stm32cubeide/plugins/com.st.stm32cube.ide.mcu.externaltools.gnu-tools-for-stm32.10.3-2021.10.win32_1.0.100.202210260954/tools/bin/../lib/gcc/arm-none-eabi/10.3.1/thumb/v7e-m+fp/hard/crti.o
                0x0000000008004c10                _init
 .init          0x0000000008004c14        0x8 c:/st/stm32cubeide_1.11.0/stm32cubeide/plugins/com.st.stm32cube.ide.mcu.externaltools.gnu-tools-for-stm32.10.3-2021.10.win32_1.0.100.202210260954/tools/bin/../lib/gcc/arm-none-eabi/10.3.1/thumb/v7e-m+fp/hard/crtn.o
 *(.fini)
 .fini          0x0000000008004c1c        0x4 c:/st/stm32cubeide_1.11.0/stm32cubeide/plugins/com.st.stm32cube.ide.mcu.externaltools.gnu-tools-for-stm32.10.3-2021.10.win32_1.0.100.202210260954/tools/bin/../lib/gcc/arm-none-eabi/10.3.1/thumb/v7e-m+fp/hard/crti.o
                0x0000000008004c1c                _fini
 .fini          0x0000000008004c20        0x8 c:/st/stm32cubeide_1.11.0/stm32cubeide/plugins/com.st.stm32cube.ide.mcu.externaltools.gnu-tools-for-stm32.10.3-2021.10.win32_1.0.100.202210260954/tools/bin/../lib/gcc/arm-none-eabi/10.3.1/thumb/v7e-m+fp/hard/crtn.o
                0x0000000008004c28                . = ALIGN (0x4)
                0x0000000008004c28                _etext = .

.vfp11_veneer   0x0000000008004c28        0x0
 .vfp11_veneer  0x0000000008004c28        0x0 linker stubs

.v4_bx          0x0000000008004c28        0x0
 .v4_bx         0x0000000008004c28        0x0 linker stubs

.iplt           0x0000000008004c28        0x0
 .iplt          0x0000000008004c28        0x0 c:/st/stm32cubeide_1.11.0/stm32cubeide/plugins/com.st.stm32cube.ide.mcu.externaltools.gnu-tools-for-stm32.10.3-2021.10.win32_1.0.100.202210260954/tools/bin/../lib/gcc/arm-none-eabi/10.3.1/thumb/v7e-m+fp/hard/crtbegin.o

.rodata         0x0000000008004c28       0xac
                0x0000000008004c28                . = ALIGN (0x4)
 *(.rodata)
 .rodata        0x0000000008004c28       0x5f ./Core/Src/main.o
 *(.rodata*)
 *fill*         0x0000000008004c87        0x1 
 .rodata.AHBPrescTable
                0x0000000008004c88       0x10 ./Core/Src/system_stm32f4xx.o
                0x0000000008004c88                AHBPrescTable
 .rodata.APBPrescTable
                0x0000000008004c98        0x8 ./Core/Src/system_stm32f4xx.o
                0x0000000008004c98                APBPrescTable
 .rodata._svfprintf_r.str1.1
                0x0000000008004ca0       0x11 c:/st/stm32cubeide_1.11.0/stm32cubeide/plugins/com.st.stm32cube.ide.mcu.externaltools.gnu-tools-for-stm32.10.3-2021.10.win32_1.0.100.202210260954/tools/bin/../lib/gcc/arm-none-eabi/10.3.1/../../../../arm-none-eabi/lib/thumb/v7e-m+fp/hard\libc_nano.a(lib_a-nano-svfprintf.o)
 .rodata._printf_i.str1.1
                0x0000000008004cb1       0x22 c:/st/stm32cubeide_1.11.0/stm32cubeide/plugins/com.st.stm32cube.ide.mcu.externaltools.gnu-tools-for-stm32.10.3-2021.10.win32_1.0.100.202210260954/tools/bin/../lib/gcc/arm-none-eabi/10.3.1/../../../../arm-none-eabi/lib/thumb/v7e-m+fp/hard\libc_nano.a(lib_a-nano-vfprintf_i.o)
                0x0000000008004cd4                . = ALIGN (0x4)
 *fill*         0x0000000008004cd3        0x1 

.ARM.extab      0x0000000008004cd4        0x0
                0x0000000008004cd4                . = ALIGN (0x4)
 *(.ARM.extab* .gnu.linkonce.armextab.*)
                0x0000000008004cd4                . = ALIGN (0x4)

.ARM            0x0000000008004cd4        0x8
                0x0000000008004cd4                . = ALIGN (0x4)
                0x0000000008004cd4                __exidx_start = .
 *(.ARM.exidx*)
 .ARM.exidx     0x0000000008004cd4        0x8 c:/st/stm32cubeide_1.11.0/stm32cubeide/plugins/com.st.stm32cube.ide.mcu.externaltools.gnu-tools-for-stm32.10.3-2021.10.win32_1.0.100.202210260954/tools/bin/../lib/gcc/arm-none-eabi/10.3.1/thumb/v7e-m+fp/hard\libgcc.a(_udivmoddi4.o)
                0x0000000008004cdc                __exidx_end = .
                0x0000000008004cdc                . = ALIGN (0x4)

.rel.dyn        0x0000000008004cdc        0x0
 .rel.iplt      0x0000000008004cdc        0x0 c:/st/stm32cubeide_1.11.0/stm32cubeide/plugins/com.st.stm32cube.ide.mcu.externaltools.gnu-tools-for-stm32.10.3-2021.10.win32_1.0.100.202210260954/tools/bin/../lib/gcc/arm-none-eabi/10.3.1/thumb/v7e-m+fp/hard/crtbegin.o

.preinit_array  0x0000000008004cdc        0x0
                0x0000000008004cdc                . = ALIGN (0x4)
                0x0000000008004cdc                PROVIDE (__preinit_array_start = .)
 *(.preinit_array*)
                0x0000000008004cdc                PROVIDE (__preinit_array_end = .)
                0x0000000008004cdc                . = ALIGN (0x4)

.init_array     0x0000000008004cdc        0x4
                0x0000000008004cdc                . = ALIGN (0x4)
                0x0000000008004cdc                PROVIDE (__init_array_start = .)
 *(SORT_BY_NAME(.init_array.*))
 *(.init_array*)
 .init_array    0x0000000008004cdc        0x4 c:/st/stm32cubeide_1.11.0/stm32cubeide/plugins/com.st.stm32cube.ide.mcu.externaltools.gnu-tools-for-stm32.10.3-2021.10.win32_1.0.100.202210260954/tools/bin/../lib/gcc/arm-none-eabi/10.3.1/thumb/v7e-m+fp/hard/crtbegin.o
                0x0000000008004ce0                PROVIDE (__init_array_end = .)
                0x0000000008004ce0                . = ALIGN (0x4)

.fini_array     0x0000000008004ce0        0x4
                0x0000000008004ce0                . = ALIGN (0x4)
                [!provide]                        PROVIDE (__fini_array_start = .)
 *(SORT_BY_NAME(.fini_array.*))
 *(.fini_array*)
 .fini_array    0x0000000008004ce0        0x4 c:/st/stm32cubeide_1.11.0/stm32cubeide/plugins/com.st.stm32cube.ide.mcu.externaltools.gnu-tools-for-stm32.10.3-2021.10.win32_1.0.100.202210260954/tools/bin/../lib/gcc/arm-none-eabi/10.3.1/thumb/v7e-m+fp/hard/crtbegin.o
                [!provide]                        PROVIDE (__fini_array_end = .)
                0x0000000008004ce4                . = ALIGN (0x4)
                0x0000000008004ce4                _sidata = LOADADDR (.data)

.data           0x0000000020000000      0x188 load address 0x0000000008004ce4
                0x0000000020000000                . = ALIGN (0x4)
                0x0000000020000000                _sdata = .
 *(.data)
 *(.data*)
 .data.msg      0x0000000020000000       0x58 ./Core/Src/main.o
                0x0000000020000000                msg
 .data.msg2     0x0000000020000058       0xbd ./Core/Src/main.o
                0x0000000020000058                msg2
 *fill*         0x0000000020000115        0x3 
 .data.SystemCoreClock
                0x0000000020000118        0x4 ./Core/Src/system_stm32f4xx.o
                0x0000000020000118                SystemCoreClock
 .data.uwTickPrio
                0x000000002000011c        0x4 ./Drivers/STM32F4xx_HAL_Driver/Src/stm32f4xx_hal.o
                0x000000002000011c                uwTickPrio
 .data.uwTickFreq
                0x0000000020000120        0x1 ./Drivers/STM32F4xx_HAL_Driver/Src/stm32f4xx_hal.o
                0x0000000020000120                uwTickFreq
 *fill*         0x0000000020000121        0x3 
 .data._impure_ptr
                0x0000000020000124        0x4 c:/st/stm32cubeide_1.11.0/stm32cubeide/plugins/com.st.stm32cube.ide.mcu.externaltools.gnu-tools-for-stm32.10.3-2021.10.win32_1.0.100.202210260954/tools/bin/../lib/gcc/arm-none-eabi/10.3.1/../../../../arm-none-eabi/lib/thumb/v7e-m+fp/hard\libc_nano.a(lib_a-impure.o)
                0x0000000020000124                _impure_ptr
 .data.impure_data
                0x0000000020000128       0x60 c:/st/stm32cubeide_1.11.0/stm32cubeide/plugins/com.st.stm32cube.ide.mcu.externaltools.gnu-tools-for-stm32.10.3-2021.10.win32_1.0.100.202210260954/tools/bin/../lib/gcc/arm-none-eabi/10.3.1/../../../../arm-none-eabi/lib/thumb/v7e-m+fp/hard\libc_nano.a(lib_a-impure.o)
 *(.RamFunc)
 *(.RamFunc*)
                0x0000000020000188                . = ALIGN (0x4)
                0x0000000020000188                _edata = .

.igot.plt       0x0000000020000188        0x0 load address 0x0000000008004e6c
 .igot.plt      0x0000000020000188        0x0 c:/st/stm32cubeide_1.11.0/stm32cubeide/plugins/com.st.stm32cube.ide.mcu.externaltools.gnu-tools-for-stm32.10.3-2021.10.win32_1.0.100.202210260954/tools/bin/../lib/gcc/arm-none-eabi/10.3.1/thumb/v7e-m+fp/hard/crtbegin.o
                0x0000000020000188                . = ALIGN (0x4)

.bss            0x0000000020000188      0x378 load address 0x0000000008004e6c
                0x0000000020000188                _sbss = .
                0x0000000020000188                __bss_start__ = _sbss
 *(.bss)
 .bss           0x0000000020000188       0x1c c:/st/stm32cubeide_1.11.0/stm32cubeide/plugins/com.st.stm32cube.ide.mcu.externaltools.gnu-tools-for-stm32.10.3-2021.10.win32_1.0.100.202210260954/tools/bin/../lib/gcc/arm-none-eabi/10.3.1/thumb/v7e-m+fp/hard/crtbegin.o
 *(.bss*)
 .bss.hcan1     0x00000000200001a4       0x28 ./Core/Src/main.o
                0x00000000200001a4                hcan1
 .bss.hcan2     0x00000000200001cc       0x28 ./Core/Src/main.o
                0x00000000200001cc                hcan2
 .bss.huart1    0x00000000200001f4       0x44 ./Core/Src/main.o
                0x00000000200001f4                huart1
 .bss.RxHeader  0x0000000020000238       0x1c ./Core/Src/main.o
                0x0000000020000238                RxHeader
 .bss.RxData    0x0000000020000254        0x8 ./Core/Src/main.o
                0x0000000020000254                RxData
 .bss.TPS       0x000000002000025c        0x1 ./Core/Src/main.o
                0x000000002000025c                TPS
 .bss.TPS1      0x000000002000025d        0x1 ./Core/Src/main.o
                0x000000002000025d                TPS1
 .bss.RPM       0x000000002000025e        0x1 ./Core/Src/main.o
                0x000000002000025e                RPM
 .bss.RPM1      0x000000002000025f        0x1 ./Core/Src/main.o
                0x000000002000025f                RPM1
 .bss.MAP       0x0000000020000260        0x1 ./Core/Src/main.o
                0x0000000020000260                MAP
 .bss.MAP1      0x0000000020000261        0x1 ./Core/Src/main.o
                0x0000000020000261                MAP1
 .bss.IAT       0x0000000020000262        0x1 ./Core/Src/main.o
                0x0000000020000262                IAT
 .bss.IAT1      0x0000000020000263        0x1 ./Core/Src/main.o
                0x0000000020000263                IAT1
 .bss.FP        0x0000000020000264        0x1 ./Core/Src/main.o
                0x0000000020000264                FP
 .bss.FP1       0x0000000020000265        0x1 ./Core/Src/main.o
                0x0000000020000265                FP1
 .bss.IGT       0x0000000020000266        0x1 ./Core/Src/main.o
                0x0000000020000266                IGT
 .bss.IGT1      0x0000000020000267        0x1 ./Core/Src/main.o
                0x0000000020000267                IGT1
 .bss.IGT2      0x0000000020000268        0x1 ./Core/Src/main.o
                0x0000000020000268                IGT2
 .bss.OP        0x0000000020000269        0x1 ./Core/Src/main.o
                0x0000000020000269                OP
 .bss.OP1       0x000000002000026a        0x1 ./Core/Src/main.o
                0x000000002000026a                OP1
 .bss.ET        0x000000002000026b        0x1 ./Core/Src/main.o
                0x000000002000026b                ET
 .bss.OT        0x000000002000026c        0x1 ./Core/Src/main.o
                0x000000002000026c                OT
 .bss.Lambda    0x000000002000026d        0x1 ./Core/Src/main.o
                0x000000002000026d                Lambda
 .bss.Gear      0x000000002000026e        0x1 ./Core/Src/main.o
                0x000000002000026e                Gear
 .bss.LapTime   0x000000002000026f        0x1 ./Core/Src/main.o
                0x000000002000026f                LapTime
 .bss.LapTime1  0x0000000020000270        0x1 ./Core/Src/main.o
                0x0000000020000270                LapTime1
 .bss.FU        0x0000000020000271        0x1 ./Core/Src/main.o
                0x0000000020000271                FU
 .bss.FU1       0x0000000020000272        0x1 ./Core/Src/main.o
                0x0000000020000272                FU1
 .bss.FrontBrakePress
                0x0000000020000273        0x1 ./Core/Src/main.o
                0x0000000020000273                FrontBrakePress
 .bss.FrontBrakePress1
                0x0000000020000274        0x1 ./Core/Src/main.o
                0x0000000020000274                FrontBrakePress1
 .bss.RearBrakePress
                0x0000000020000275        0x1 ./Core/Src/main.o
                0x0000000020000275                RearBrakePress
 .bss.RearBrakePress1
                0x0000000020000276        0x1 ./Core/Src/main.o
                0x0000000020000276                RearBrakePress1
 *fill*         0x0000000020000277        0x1 
 .bss.RearBrakePress2
                0x0000000020000278        0x4 ./Core/Src/main.o
                0x0000000020000278                RearBrakePress2
 .bss.FrontBrakePress2
                0x000000002000027c        0x4 ./Core/Src/main.o
                0x000000002000027c                FrontBrakePress2
 .bss.TPS2      0x0000000020000280        0x4 ./Core/Src/main.o
                0x0000000020000280                TPS2
 .bss.OP2       0x0000000020000284        0x4 ./Core/Src/main.o
                0x0000000020000284                OP2
 .bss.RPM2      0x0000000020000288        0x4 ./Core/Src/main.o
                0x0000000020000288                RPM2
 .bss.BatV      0x000000002000028c        0x4 ./Core/Src/main.o
                0x000000002000028c                BatV
 .bss.MAP2      0x0000000020000290        0x4 ./Core/Src/main.o
                0x0000000020000290                MAP2
 .bss.IAT2      0x0000000020000294        0x4 ./Core/Src/main.o
                0x0000000020000294                IAT2
 .bss.FP2       0x0000000020000298        0x4 ./Core/Src/main.o
                0x0000000020000298                FP2
 .bss.Speed     0x000000002000029c        0x4 ./Core/Src/main.o
                0x000000002000029c                Speed
 .bss.LapTime2  0x00000000200002a0        0x4 ./Core/Src/main.o
                0x00000000200002a0                LapTime2
 .bss.FU2       0x00000000200002a4        0x4 ./Core/Src/main.o
                0x00000000200002a4                FU2
 .bss.InnerFLIR
                0x00000000200002a8        0x4 ./Core/Src/main.o
                0x00000000200002a8                InnerFLIR
 .bss.InnerFRIR
                0x00000000200002ac        0x4 ./Core/Src/main.o
                0x00000000200002ac                InnerFRIR
 .bss.InnerRRIR
                0x00000000200002b0        0x4 ./Core/Src/main.o
                0x00000000200002b0                InnerRRIR
 .bss.InnerRLIR
                0x00000000200002b4        0x4 ./Core/Src/main.o
                0x00000000200002b4                InnerRLIR
 .bss.CenterFRIR
                0x00000000200002b8        0x4 ./Core/Src/main.o
                0x00000000200002b8                CenterFRIR
 .bss.CenterRRIR
                0x00000000200002bc        0x4 ./Core/Src/main.o
                0x00000000200002bc                CenterRRIR
 .bss.CenterFLIR
                0x00000000200002c0        0x4 ./Core/Src/main.o
                0x00000000200002c0                CenterFLIR
 .bss.CenterRLIR
                0x00000000200002c4        0x4 ./Core/Src/main.o
                0x00000000200002c4                CenterRLIR
 .bss.OuterFRIR
                0x00000000200002c8        0x4 ./Core/Src/main.o
                0x00000000200002c8                OuterFRIR
 .bss.OuterRRIR
                0x00000000200002cc        0x4 ./Core/Src/main.o
                0x00000000200002cc                OuterRRIR
 .bss.OuterFLIR
                0x00000000200002d0        0x4 ./Core/Src/main.o
                0x00000000200002d0                OuterFLIR
 .bss.OuterRLIR
                0x00000000200002d4        0x4 ./Core/Src/main.o
                0x00000000200002d4                OuterRLIR
 .bss.CHASSIS_TEMP
                0x00000000200002d8        0x4 ./Core/Src/main.o
                0x00000000200002d8                CHASSIS_TEMP
 .bss.text      0x00000000200002dc      0x100 ./Core/Src/main.o
                0x00000000200002dc                text
 .bss.text2     0x00000000200003dc      0x100 ./Core/Src/main.o
                0x00000000200003dc                text2
 .bss.data      0x00000000200004dc        0x1 ./Core/Src/main.o
                0x00000000200004dc                data
 *fill*         0x00000000200004dd        0x3 
 .bss.datacheck
                0x00000000200004e0        0x4 ./Core/Src/main.o
                0x00000000200004e0                datacheck
 .bss.HAL_RCC_CAN1_CLK_ENABLED
                0x00000000200004e4        0x4 ./Core/Src/stm32f4xx_hal_msp.o
 .bss.__sbrk_heap_end
                0x00000000200004e8        0x4 ./Core/Src/sysmem.o
 .bss.uwTick    0x00000000200004ec        0x4 ./Drivers/STM32F4xx_HAL_Driver/Src/stm32f4xx_hal.o
                0x00000000200004ec                uwTick
 .bss.__malloc_free_list
                0x00000000200004f0        0x4 c:/st/stm32cubeide_1.11.0/stm32cubeide/plugins/com.st.stm32cube.ide.mcu.externaltools.gnu-tools-for-stm32.10.3-2021.10.win32_1.0.100.202210260954/tools/bin/../lib/gcc/arm-none-eabi/10.3.1/../../../../arm-none-eabi/lib/thumb/v7e-m+fp/hard\libc_nano.a(lib_a-nano-mallocr.o)
                0x00000000200004f0                __malloc_free_list
 .bss.__malloc_sbrk_start
                0x00000000200004f4        0x4 c:/st/stm32cubeide_1.11.0/stm32cubeide/plugins/com.st.stm32cube.ide.mcu.externaltools.gnu-tools-for-stm32.10.3-2021.10.win32_1.0.100.202210260954/tools/bin/../lib/gcc/arm-none-eabi/10.3.1/../../../../arm-none-eabi/lib/thumb/v7e-m+fp/hard\libc_nano.a(lib_a-nano-mallocr.o)
                0x00000000200004f4                __malloc_sbrk_start
 .bss.errno     0x00000000200004f8        0x4 c:/st/stm32cubeide_1.11.0/stm32cubeide/plugins/com.st.stm32cube.ide.mcu.externaltools.gnu-tools-for-stm32.10.3-2021.10.win32_1.0.100.202210260954/tools/bin/../lib/gcc/arm-none-eabi/10.3.1/../../../../arm-none-eabi/lib/thumb/v7e-m+fp/hard\libc_nano.a(lib_a-reent.o)
                0x00000000200004f8                errno
 .bss.__lock___malloc_recursive_mutex
                0x00000000200004fc        0x1 c:/st/stm32cubeide_1.11.0/stm32cubeide/plugins/com.st.stm32cube.ide.mcu.externaltools.gnu-tools-for-stm32.10.3-2021.10.win32_1.0.100.202210260954/tools/bin/../lib/gcc/arm-none-eabi/10.3.1/../../../../arm-none-eabi/lib/thumb/v7e-m+fp/hard\libc_nano.a(lib_a-lock.o)
                0x00000000200004fc                __lock___malloc_recursive_mutex
 *(COMMON)
                0x0000000020000500                . = ALIGN (0x4)
 *fill*         0x00000000200004fd        0x3 
                0x0000000020000500                _ebss = .
                0x0000000020000500                __bss_end__ = _ebss

._user_heap_stack
                0x0000000020000500      0x600 load address 0x0000000008004e6c
                0x0000000020000500                . = ALIGN (0x8)
                [!provide]                        PROVIDE (end = .)
                0x0000000020000500                PROVIDE (_end = .)
                0x0000000020000700                . = (. + _Min_Heap_Size)
 *fill*         0x0000000020000500      0x200 
                0x0000000020000b00                . = (. + _Min_Stack_Size)
 *fill*         0x0000000020000700      0x400 
                0x0000000020000b00                . = ALIGN (0x8)

/DISCARD/
 libc.a(*)
 libm.a(*)
 libgcc.a(*)

.ARM.attributes
                0x0000000000000000       0x30
 *(.ARM.attributes)
 .ARM.attributes
                0x0000000000000000       0x1e c:/st/stm32cubeide_1.11.0/stm32cubeide/plugins/com.st.stm32cube.ide.mcu.externaltools.gnu-tools-for-stm32.10.3-2021.10.win32_1.0.100.202210260954/tools/bin/../lib/gcc/arm-none-eabi/10.3.1/thumb/v7e-m+fp/hard/crti.o
 .ARM.attributes
                0x000000000000001e       0x34 c:/st/stm32cubeide_1.11.0/stm32cubeide/plugins/com.st.stm32cube.ide.mcu.externaltools.gnu-tools-for-stm32.10.3-2021.10.win32_1.0.100.202210260954/tools/bin/../lib/gcc/arm-none-eabi/10.3.1/thumb/v7e-m+fp/hard/crtbegin.o
 .ARM.attributes
                0x0000000000000052       0x34 ./Core/Src/main.o
 .ARM.attributes
                0x0000000000000086       0x34 ./Core/Src/stm32f4xx_hal_msp.o
 .ARM.attributes
                0x00000000000000ba       0x34 ./Core/Src/stm32f4xx_it.o
 .ARM.attributes
                0x00000000000000ee       0x34 ./Core/Src/sysmem.o
 .ARM.attributes
                0x0000000000000122       0x34 ./Core/Src/system_stm32f4xx.o
 .ARM.attributes
                0x0000000000000156       0x21 ./Core/Startup/startup_stm32f446retx.o
 .ARM.attributes
                0x0000000000000177       0x34 ./Drivers/STM32F4xx_HAL_Driver/Src/stm32f4xx_hal.o
 .ARM.attributes
                0x00000000000001ab       0x34 ./Drivers/STM32F4xx_HAL_Driver/Src/stm32f4xx_hal_can.o
 .ARM.attributes
                0x00000000000001df       0x34 ./Drivers/STM32F4xx_HAL_Driver/Src/stm32f4xx_hal_cortex.o
 .ARM.attributes
                0x0000000000000213       0x34 ./Drivers/STM32F4xx_HAL_Driver/Src/stm32f4xx_hal_dma.o
 .ARM.attributes
                0x0000000000000247       0x34 ./Drivers/STM32F4xx_HAL_Driver/Src/stm32f4xx_hal_gpio.o
 .ARM.attributes
                0x000000000000027b       0x34 ./Drivers/STM32F4xx_HAL_Driver/Src/stm32f4xx_hal_pwr_ex.o
 .ARM.attributes
                0x00000000000002af       0x34 ./Drivers/STM32F4xx_HAL_Driver/Src/stm32f4xx_hal_rcc.o
 .ARM.attributes
                0x00000000000002e3       0x34 ./Drivers/STM32F4xx_HAL_Driver/Src/stm32f4xx_hal_rcc_ex.o
 .ARM.attributes
                0x0000000000000317       0x34 ./Drivers/STM32F4xx_HAL_Driver/Src/stm32f4xx_hal_uart.o
 .ARM.attributes
                0x000000000000034b       0x34 c:/st/stm32cubeide_1.11.0/stm32cubeide/plugins/com.st.stm32cube.ide.mcu.externaltools.gnu-tools-for-stm32.10.3-2021.10.win32_1.0.100.202210260954/tools/bin/../lib/gcc/arm-none-eabi/10.3.1/../../../../arm-none-eabi/lib/thumb/v7e-m+fp/hard\libc_nano.a(lib_a-errno.o)
 .ARM.attributes
                0x000000000000037f       0x34 c:/st/stm32cubeide_1.11.0/stm32cubeide/plugins/com.st.stm32cube.ide.mcu.externaltools.gnu-tools-for-stm32.10.3-2021.10.win32_1.0.100.202210260954/tools/bin/../lib/gcc/arm-none-eabi/10.3.1/../../../../arm-none-eabi/lib/thumb/v7e-m+fp/hard\libc_nano.a(lib_a-impure.o)
 .ARM.attributes
                0x00000000000003b3       0x34 c:/st/stm32cubeide_1.11.0/stm32cubeide/plugins/com.st.stm32cube.ide.mcu.externaltools.gnu-tools-for-stm32.10.3-2021.10.win32_1.0.100.202210260954/tools/bin/../lib/gcc/arm-none-eabi/10.3.1/../../../../arm-none-eabi/lib/thumb/v7e-m+fp/hard\libc_nano.a(lib_a-init.o)
 .ARM.attributes
                0x00000000000003e7       0x34 c:/st/stm32cubeide_1.11.0/stm32cubeide/plugins/com.st.stm32cube.ide.mcu.externaltools.gnu-tools-for-stm32.10.3-2021.10.win32_1.0.100.202210260954/tools/bin/../lib/gcc/arm-none-eabi/10.3.1/../../../../arm-none-eabi/lib/thumb/v7e-m+fp/hard\libc_nano.a(lib_a-memset.o)
 .ARM.attributes
                0x000000000000041b       0x34 c:/st/stm32cubeide_1.11.0/stm32cubeide/plugins/com.st.stm32cube.ide.mcu.externaltools.gnu-tools-for-stm32.10.3-2021.10.win32_1.0.100.202210260954/tools/bin/../lib/gcc/arm-none-eabi/10.3.1/../../../../arm-none-eabi/lib/thumb/v7e-m+fp/hard\libc_nano.a(lib_a-sprintf.o)
 .ARM.attributes
                0x000000000000044f       0x17 c:/st/stm32cubeide_1.11.0/stm32cubeide/plugins/com.st.stm32cube.ide.mcu.externaltools.gnu-tools-for-stm32.10.3-2021.10.win32_1.0.100.202210260954/tools/bin/../lib/gcc/arm-none-eabi/10.3.1/../../../../arm-none-eabi/lib/thumb/v7e-m+fp/hard\libc_nano.a(lib_a-strlen.o)
 .ARM.attributes
                0x0000000000000466       0x34 c:/st/stm32cubeide_1.11.0/stm32cubeide/plugins/com.st.stm32cube.ide.mcu.externaltools.gnu-tools-for-stm32.10.3-2021.10.win32_1.0.100.202210260954/tools/bin/../lib/gcc/arm-none-eabi/10.3.1/../../../../arm-none-eabi/lib/thumb/v7e-m+fp/hard\libc_nano.a(lib_a-nano-svfprintf.o)
 .ARM.attributes
                0x000000000000049a       0x34 c:/st/stm32cubeide_1.11.0/stm32cubeide/plugins/com.st.stm32cube.ide.mcu.externaltools.gnu-tools-for-stm32.10.3-2021.10.win32_1.0.100.202210260954/tools/bin/../lib/gcc/arm-none-eabi/10.3.1/../../../../arm-none-eabi/lib/thumb/v7e-m+fp/hard\libc_nano.a(lib_a-nano-vfprintf_i.o)
 .ARM.attributes
                0x00000000000004ce       0x1c c:/st/stm32cubeide_1.11.0/stm32cubeide/plugins/com.st.stm32cube.ide.mcu.externaltools.gnu-tools-for-stm32.10.3-2021.10.win32_1.0.100.202210260954/tools/bin/../lib/gcc/arm-none-eabi/10.3.1/../../../../arm-none-eabi/lib/thumb/v7e-m+fp/hard\libc_nano.a(lib_a-memchr.o)
 .ARM.attributes
                0x00000000000004ea       0x34 c:/st/stm32cubeide_1.11.0/stm32cubeide/plugins/com.st.stm32cube.ide.mcu.externaltools.gnu-tools-for-stm32.10.3-2021.10.win32_1.0.100.202210260954/tools/bin/../lib/gcc/arm-none-eabi/10.3.1/../../../../arm-none-eabi/lib/thumb/v7e-m+fp/hard\libc_nano.a(lib_a-memcpy-stub.o)
 .ARM.attributes
                0x000000000000051e       0x34 c:/st/stm32cubeide_1.11.0/stm32cubeide/plugins/com.st.stm32cube.ide.mcu.externaltools.gnu-tools-for-stm32.10.3-2021.10.win32_1.0.100.202210260954/tools/bin/../lib/gcc/arm-none-eabi/10.3.1/../../../../arm-none-eabi/lib/thumb/v7e-m+fp/hard\libc_nano.a(lib_a-memmove.o)
 .ARM.attributes
                0x0000000000000552       0x34 c:/st/stm32cubeide_1.11.0/stm32cubeide/plugins/com.st.stm32cube.ide.mcu.externaltools.gnu-tools-for-stm32.10.3-2021.10.win32_1.0.100.202210260954/tools/bin/../lib/gcc/arm-none-eabi/10.3.1/../../../../arm-none-eabi/lib/thumb/v7e-m+fp/hard\libc_nano.a(lib_a-nano-freer.o)
 .ARM.attributes
                0x0000000000000586       0x34 c:/st/stm32cubeide_1.11.0/stm32cubeide/plugins/com.st.stm32cube.ide.mcu.externaltools.gnu-tools-for-stm32.10.3-2021.10.win32_1.0.100.202210260954/tools/bin/../lib/gcc/arm-none-eabi/10.3.1/../../../../arm-none-eabi/lib/thumb/v7e-m+fp/hard\libc_nano.a(lib_a-nano-mallocr.o)
 .ARM.attributes
                0x00000000000005ba       0x34 c:/st/stm32cubeide_1.11.0/stm32cubeide/plugins/com.st.stm32cube.ide.mcu.externaltools.gnu-tools-for-stm32.10.3-2021.10.win32_1.0.100.202210260954/tools/bin/../lib/gcc/arm-none-eabi/10.3.1/../../../../arm-none-eabi/lib/thumb/v7e-m+fp/hard\libc_nano.a(lib_a-nano-reallocr.o)
 .ARM.attributes
                0x00000000000005ee       0x34 c:/st/stm32cubeide_1.11.0/stm32cubeide/plugins/com.st.stm32cube.ide.mcu.externaltools.gnu-tools-for-stm32.10.3-2021.10.win32_1.0.100.202210260954/tools/bin/../lib/gcc/arm-none-eabi/10.3.1/../../../../arm-none-eabi/lib/thumb/v7e-m+fp/hard\libc_nano.a(lib_a-sbrkr.o)
 .ARM.attributes
                0x0000000000000622       0x34 c:/st/stm32cubeide_1.11.0/stm32cubeide/plugins/com.st.stm32cube.ide.mcu.externaltools.gnu-tools-for-stm32.10.3-2021.10.win32_1.0.100.202210260954/tools/bin/../lib/gcc/arm-none-eabi/10.3.1/../../../../arm-none-eabi/lib/thumb/v7e-m+fp/hard\libc_nano.a(lib_a-mlock.o)
 .ARM.attributes
                0x0000000000000656       0x34 c:/st/stm32cubeide_1.11.0/stm32cubeide/plugins/com.st.stm32cube.ide.mcu.externaltools.gnu-tools-for-stm32.10.3-2021.10.win32_1.0.100.202210260954/tools/bin/../lib/gcc/arm-none-eabi/10.3.1/../../../../arm-none-eabi/lib/thumb/v7e-m+fp/hard\libc_nano.a(lib_a-nano-msizer.o)
 .ARM.attributes
                0x000000000000068a       0x34 c:/st/stm32cubeide_1.11.0/stm32cubeide/plugins/com.st.stm32cube.ide.mcu.externaltools.gnu-tools-for-stm32.10.3-2021.10.win32_1.0.100.202210260954/tools/bin/../lib/gcc/arm-none-eabi/10.3.1/../../../../arm-none-eabi/lib/thumb/v7e-m+fp/hard\libc_nano.a(lib_a-reent.o)
 .ARM.attributes
                0x00000000000006be       0x34 c:/st/stm32cubeide_1.11.0/stm32cubeide/plugins/com.st.stm32cube.ide.mcu.externaltools.gnu-tools-for-stm32.10.3-2021.10.win32_1.0.100.202210260954/tools/bin/../lib/gcc/arm-none-eabi/10.3.1/../../../../arm-none-eabi/lib/thumb/v7e-m+fp/hard\libc_nano.a(lib_a-lock.o)
 .ARM.attributes
                0x00000000000006f2       0x1e c:/st/stm32cubeide_1.11.0/stm32cubeide/plugins/com.st.stm32cube.ide.mcu.externaltools.gnu-tools-for-stm32.10.3-2021.10.win32_1.0.100.202210260954/tools/bin/../lib/gcc/arm-none-eabi/10.3.1/thumb/v7e-m+fp/hard\libgcc.a(_aeabi_uldivmod.o)
 .ARM.attributes
                0x0000000000000710       0x34 c:/st/stm32cubeide_1.11.0/stm32cubeide/plugins/com.st.stm32cube.ide.mcu.externaltools.gnu-tools-for-stm32.10.3-2021.10.win32_1.0.100.202210260954/tools/bin/../lib/gcc/arm-none-eabi/10.3.1/thumb/v7e-m+fp/hard\libgcc.a(_udivmoddi4.o)
 .ARM.attributes
                0x0000000000000744       0x1e c:/st/stm32cubeide_1.11.0/stm32cubeide/plugins/com.st.stm32cube.ide.mcu.externaltools.gnu-tools-for-stm32.10.3-2021.10.win32_1.0.100.202210260954/tools/bin/../lib/gcc/arm-none-eabi/10.3.1/thumb/v7e-m+fp/hard\libgcc.a(_dvmd_tls.o)
 .ARM.attributes
                0x0000000000000762       0x1e c:/st/stm32cubeide_1.11.0/stm32cubeide/plugins/com.st.stm32cube.ide.mcu.externaltools.gnu-tools-for-stm32.10.3-2021.10.win32_1.0.100.202210260954/tools/bin/../lib/gcc/arm-none-eabi/10.3.1/thumb/v7e-m+fp/hard/crtn.o
OUTPUT(Telemetry_Art_24_Double_CANBUS.elf elf32-littlearm)
LOAD linker stubs
LOAD c:/st/stm32cubeide_1.11.0/stm32cubeide/plugins/com.st.stm32cube.ide.mcu.externaltools.gnu-tools-for-stm32.10.3-2021.10.win32_1.0.100.202210260954/tools/bin/../lib/gcc/arm-none-eabi/10.3.1/../../../../arm-none-eabi/lib/thumb/v7e-m+fp/hard\libc.a
LOAD c:/st/stm32cubeide_1.11.0/stm32cubeide/plugins/com.st.stm32cube.ide.mcu.externaltools.gnu-tools-for-stm32.10.3-2021.10.win32_1.0.100.202210260954/tools/bin/../lib/gcc/arm-none-eabi/10.3.1/../../../../arm-none-eabi/lib/thumb/v7e-m+fp/hard\libm.a
LOAD c:/st/stm32cubeide_1.11.0/stm32cubeide/plugins/com.st.stm32cube.ide.mcu.externaltools.gnu-tools-for-stm32.10.3-2021.10.win32_1.0.100.202210260954/tools/bin/../lib/gcc/arm-none-eabi/10.3.1/thumb/v7e-m+fp/hard\libgcc.a

.debug_info     0x0000000000000000     0xc11b
 .debug_info    0x0000000000000000     0x192e ./Core/Src/main.o
 .debug_info    0x000000000000192e     0x1133 ./Core/Src/stm32f4xx_hal_msp.o
 .debug_info    0x0000000000002a61      0xa99 ./Core/Src/stm32f4xx_it.o
 .debug_info    0x00000000000034fa      0x171 ./Core/Src/sysmem.o
 .debug_info    0x000000000000366b      0x55b ./Core/Src/system_stm32f4xx.o
 .debug_info    0x0000000000003bc6       0x22 ./Core/Startup/startup_stm32f446retx.o
 .debug_info    0x0000000000003be8      0x9d2 ./Drivers/STM32F4xx_HAL_Driver/Src/stm32f4xx_hal.o
 .debug_info    0x00000000000045ba      0xfc6 ./Drivers/STM32F4xx_HAL_Driver/Src/stm32f4xx_hal_can.o
 .debug_info    0x0000000000005580      0xe39 ./Drivers/STM32F4xx_HAL_Driver/Src/stm32f4xx_hal_cortex.o
 .debug_info    0x00000000000063b9      0x94f ./Drivers/STM32F4xx_HAL_Driver/Src/stm32f4xx_hal_dma.o
 .debug_info    0x0000000000006d08      0x7be ./Drivers/STM32F4xx_HAL_Driver/Src/stm32f4xx_hal_gpio.o
 .debug_info    0x00000000000074c6      0x702 ./Drivers/STM32F4xx_HAL_Driver/Src/stm32f4xx_hal_pwr_ex.o
 .debug_info    0x0000000000007bc8      0x9ab ./Drivers/STM32F4xx_HAL_Driver/Src/stm32f4xx_hal_rcc.o
 .debug_info    0x0000000000008573      0x9ec ./Drivers/STM32F4xx_HAL_Driver/Src/stm32f4xx_hal_rcc_ex.o
 .debug_info    0x0000000000008f5f     0x31bc ./Drivers/STM32F4xx_HAL_Driver/Src/stm32f4xx_hal_uart.o

.debug_abbrev   0x0000000000000000     0x1d8e
 .debug_abbrev  0x0000000000000000      0x308 ./Core/Src/main.o
 .debug_abbrev  0x0000000000000308      0x217 ./Core/Src/stm32f4xx_hal_msp.o
 .debug_abbrev  0x000000000000051f      0x1ba ./Core/Src/stm32f4xx_it.o
 .debug_abbrev  0x00000000000006d9       0xbb ./Core/Src/sysmem.o
 .debug_abbrev  0x0000000000000794      0x116 ./Core/Src/system_stm32f4xx.o
 .debug_abbrev  0x00000000000008aa       0x12 ./Core/Startup/startup_stm32f446retx.o
 .debug_abbrev  0x00000000000008bc      0x20d ./Drivers/STM32F4xx_HAL_Driver/Src/stm32f4xx_hal.o
 .debug_abbrev  0x0000000000000ac9      0x22e ./Drivers/STM32F4xx_HAL_Driver/Src/stm32f4xx_hal_can.o
 .debug_abbrev  0x0000000000000cf7      0x316 ./Drivers/STM32F4xx_HAL_Driver/Src/stm32f4xx_hal_cortex.o
 .debug_abbrev  0x000000000000100d      0x25b ./Drivers/STM32F4xx_HAL_Driver/Src/stm32f4xx_hal_dma.o
 .debug_abbrev  0x0000000000001268      0x1c4 ./Drivers/STM32F4xx_HAL_Driver/Src/stm32f4xx_hal_gpio.o
 .debug_abbrev  0x000000000000142c      0x1c9 ./Drivers/STM32F4xx_HAL_Driver/Src/stm32f4xx_hal_pwr_ex.o
 .debug_abbrev  0x00000000000015f5      0x2aa ./Drivers/STM32F4xx_HAL_Driver/Src/stm32f4xx_hal_rcc.o
 .debug_abbrev  0x000000000000189f      0x1fb ./Drivers/STM32F4xx_HAL_Driver/Src/stm32f4xx_hal_rcc_ex.o
 .debug_abbrev  0x0000000000001a9a      0x2f4 ./Drivers/STM32F4xx_HAL_Driver/Src/stm32f4xx_hal_uart.o

.debug_aranges  0x0000000000000000      0x918
 .debug_aranges
                0x0000000000000000       0x68 ./Core/Src/main.o
 .debug_aranges
                0x0000000000000068       0x40 ./Core/Src/stm32f4xx_hal_msp.o
 .debug_aranges
                0x00000000000000a8       0x78 ./Core/Src/stm32f4xx_it.o
 .debug_aranges
                0x0000000000000120       0x20 ./Core/Src/sysmem.o
 .debug_aranges
                0x0000000000000140       0x28 ./Core/Src/system_stm32f4xx.o
 .debug_aranges
                0x0000000000000168       0x28 ./Core/Startup/startup_stm32f446retx.o
 .debug_aranges
                0x0000000000000190       0xf0 ./Drivers/STM32F4xx_HAL_Driver/Src/stm32f4xx_hal.o
 .debug_aranges
                0x0000000000000280      0x138 ./Drivers/STM32F4xx_HAL_Driver/Src/stm32f4xx_hal_can.o
 .debug_aranges
                0x00000000000003b8      0x118 ./Drivers/STM32F4xx_HAL_Driver/Src/stm32f4xx_hal_cortex.o
 .debug_aranges
                0x00000000000004d0       0x90 ./Drivers/STM32F4xx_HAL_Driver/Src/stm32f4xx_hal_dma.o
 .debug_aranges
                0x0000000000000560       0x58 ./Drivers/STM32F4xx_HAL_Driver/Src/stm32f4xx_hal_gpio.o
 .debug_aranges
                0x00000000000005b8       0x60 ./Drivers/STM32F4xx_HAL_Driver/Src/stm32f4xx_hal_pwr_ex.o
 .debug_aranges
                0x0000000000000618       0x88 ./Drivers/STM32F4xx_HAL_Driver/Src/stm32f4xx_hal_rcc.o
 .debug_aranges
                0x00000000000006a0       0x78 ./Drivers/STM32F4xx_HAL_Driver/Src/stm32f4xx_hal_rcc_ex.o
 .debug_aranges
                0x0000000000000718      0x200 ./Drivers/STM32F4xx_HAL_Driver/Src/stm32f4xx_hal_uart.o

.debug_ranges   0x0000000000000000      0x860
 .debug_ranges  0x0000000000000000       0x58 ./Core/Src/main.o
 .debug_ranges  0x0000000000000058       0x30 ./Core/Src/stm32f4xx_hal_msp.o
 .debug_ranges  0x0000000000000088       0x68 ./Core/Src/stm32f4xx_it.o
 .debug_ranges  0x00000000000000f0       0x10 ./Core/Src/sysmem.o
 .debug_ranges  0x0000000000000100       0x18 ./Core/Src/system_stm32f4xx.o
 .debug_ranges  0x0000000000000118       0x20 ./Core/Startup/startup_stm32f446retx.o
 .debug_ranges  0x0000000000000138       0xe0 ./Drivers/STM32F4xx_HAL_Driver/Src/stm32f4xx_hal.o
 .debug_ranges  0x0000000000000218      0x128 ./Drivers/STM32F4xx_HAL_Driver/Src/stm32f4xx_hal_can.o
 .debug_ranges  0x0000000000000340      0x108 ./Drivers/STM32F4xx_HAL_Driver/Src/stm32f4xx_hal_cortex.o
 .debug_ranges  0x0000000000000448       0x80 ./Drivers/STM32F4xx_HAL_Driver/Src/stm32f4xx_hal_dma.o
 .debug_ranges  0x00000000000004c8       0x48 ./Drivers/STM32F4xx_HAL_Driver/Src/stm32f4xx_hal_gpio.o
 .debug_ranges  0x0000000000000510       0x50 ./Drivers/STM32F4xx_HAL_Driver/Src/stm32f4xx_hal_pwr_ex.o
 .debug_ranges  0x0000000000000560       0x78 ./Drivers/STM32F4xx_HAL_Driver/Src/stm32f4xx_hal_rcc.o
 .debug_ranges  0x00000000000005d8       0x68 ./Drivers/STM32F4xx_HAL_Driver/Src/stm32f4xx_hal_rcc_ex.o
 .debug_ranges  0x0000000000000640      0x220 ./Drivers/STM32F4xx_HAL_Driver/Src/stm32f4xx_hal_uart.o

.debug_macro    0x0000000000000000    0x21ae7
 .debug_macro   0x0000000000000000      0x391 ./Core/Src/main.o
 .debug_macro   0x0000000000000391      0xa78 ./Core/Src/main.o
 .debug_macro   0x0000000000000e09      0x29b ./Core/Src/main.o
 .debug_macro   0x00000000000010a4       0x2e ./Core/Src/main.o
 .debug_macro   0x00000000000010d2       0x28 ./Core/Src/main.o
 .debug_macro   0x00000000000010fa       0x22 ./Core/Src/main.o
 .debug_macro   0x000000000000111c       0x8e ./Core/Src/main.o
 .debug_macro   0x00000000000011aa       0x51 ./Core/Src/main.o
 .debug_macro   0x00000000000011fb      0x103 ./Core/Src/main.o
 .debug_macro   0x00000000000012fe       0x6a ./Core/Src/main.o
 .debug_macro   0x0000000000001368      0x1df ./Core/Src/main.o
 .debug_macro   0x0000000000001547       0x1c ./Core/Src/main.o
 .debug_macro   0x0000000000001563       0x22 ./Core/Src/main.o
 .debug_macro   0x0000000000001585       0xd9 ./Core/Src/main.o
 .debug_macro   0x000000000000165e     0x102d ./Core/Src/main.o
 .debug_macro   0x000000000000268b      0x11f ./Core/Src/main.o
 .debug_macro   0x00000000000027aa    0x16749 ./Core/Src/main.o
 .debug_macro   0x0000000000018ef3       0x6d ./Core/Src/main.o
 .debug_macro   0x0000000000018f60     0x367e ./Core/Src/main.o
 .debug_macro   0x000000000001c5de      0x174 ./Core/Src/main.o
 .debug_macro   0x000000000001c752       0x5c ./Core/Src/main.o
 .debug_macro   0x000000000001c7ae      0xc90 ./Core/Src/main.o
 .debug_macro   0x000000000001d43e      0x9fe ./Core/Src/main.o
 .debug_macro   0x000000000001de3c      0x115 ./Core/Src/main.o
 .debug_macro   0x000000000001df51      0x1a0 ./Core/Src/main.o
 .debug_macro   0x000000000001e0f1       0xa5 ./Core/Src/main.o
 .debug_macro   0x000000000001e196      0x16d ./Core/Src/main.o
 .debug_macro   0x000000000001e303      0x287 ./Core/Src/main.o
 .debug_macro   0x000000000001e58a       0x5f ./Core/Src/main.o
 .debug_macro   0x000000000001e5e9      0x236 ./Core/Src/main.o
 .debug_macro   0x000000000001e81f      0x40f ./Core/Src/main.o
 .debug_macro   0x000000000001ec2e      0x132 ./Core/Src/main.o
 .debug_macro   0x000000000001ed60      0x29c ./Core/Src/main.o
 .debug_macro   0x000000000001effc       0x2e ./Core/Src/main.o
 .debug_macro   0x000000000001f02a      0x11a ./Core/Src/main.o
 .debug_macro   0x000000000001f144       0xe8 ./Core/Src/main.o
 .debug_macro   0x000000000001f22c       0x89 ./Core/Src/main.o
 .debug_macro   0x000000000001f2b5      0x295 ./Core/Src/main.o
 .debug_macro   0x000000000001f54a      0x126 ./Core/Src/main.o
 .debug_macro   0x000000000001f670       0x52 ./Core/Src/main.o
 .debug_macro   0x000000000001f6c2       0x1e ./Core/Src/main.o
 .debug_macro   0x000000000001f6e0       0x3c ./Core/Src/main.o
 .debug_macro   0x000000000001f71c       0x34 ./Core/Src/main.o
 .debug_macro   0x000000000001f750       0x16 ./Core/Src/main.o
 .debug_macro   0x000000000001f766       0x43 ./Core/Src/main.o
 .debug_macro   0x000000000001f7a9       0x34 ./Core/Src/main.o
 .debug_macro   0x000000000001f7dd       0x10 ./Core/Src/main.o
 .debug_macro   0x000000000001f7ed       0x58 ./Core/Src/main.o
 .debug_macro   0x000000000001f845       0x71 ./Core/Src/main.o
 .debug_macro   0x000000000001f8b6       0x1c ./Core/Src/main.o
 .debug_macro   0x000000000001f8d2      0x12a ./Core/Src/main.o
 .debug_macro   0x000000000001f9fc      0x341 ./Core/Src/main.o
 .debug_macro   0x000000000001fd3d       0x10 ./Core/Src/main.o
 .debug_macro   0x000000000001fd4d       0x35 ./Core/Src/main.o
 .debug_macro   0x000000000001fd82       0x20 ./Core/Src/main.o
 .debug_macro   0x000000000001fda2       0x1c ./Core/Src/main.o
 .debug_macro   0x000000000001fdbe       0x10 ./Core/Src/main.o
 .debug_macro   0x000000000001fdce       0x10 ./Core/Src/main.o
 .debug_macro   0x000000000001fdde       0x1c ./Core/Src/main.o
 .debug_macro   0x000000000001fdfa       0x52 ./Core/Src/main.o
 .debug_macro   0x000000000001fe4c       0x22 ./Core/Src/main.o
 .debug_macro   0x000000000001fe6e       0x10 ./Core/Src/main.o
 .debug_macro   0x000000000001fe7e       0x52 ./Core/Src/main.o
 .debug_macro   0x000000000001fed0       0xd5 ./Core/Src/main.o
 .debug_macro   0x000000000001ffa5       0x1c ./Core/Src/main.o
 .debug_macro   0x000000000001ffc1       0x3d ./Core/Src/main.o
 .debug_macro   0x000000000001fffe       0x16 ./Core/Src/main.o
 .debug_macro   0x0000000000020014      0x145 ./Core/Src/main.o
 .debug_macro   0x0000000000020159       0x16 ./Core/Src/main.o
 .debug_macro   0x000000000002016f       0x16 ./Core/Src/main.o
 .debug_macro   0x0000000000020185       0x29 ./Core/Src/main.o
 .debug_macro   0x00000000000201ae      0x1ce ./Core/Src/stm32f4xx_hal_msp.o
 .debug_macro   0x000000000002037c      0x1d8 ./Core/Src/stm32f4xx_it.o
 .debug_macro   0x0000000000020554       0xff ./Core/Src/sysmem.o
 .debug_macro   0x0000000000020653      0x23b ./Core/Src/sysmem.o
 .debug_macro   0x000000000002088e      0x1c4 ./Core/Src/system_stm32f4xx.o
 .debug_macro   0x0000000000020a52      0x224 ./Drivers/STM32F4xx_HAL_Driver/Src/stm32f4xx_hal.o
 .debug_macro   0x0000000000020c76      0x1cc ./Drivers/STM32F4xx_HAL_Driver/Src/stm32f4xx_hal_can.o
 .debug_macro   0x0000000000020e42      0x1c4 ./Drivers/STM32F4xx_HAL_Driver/Src/stm32f4xx_hal_cortex.o
 .debug_macro   0x0000000000021006      0x1ca ./Drivers/STM32F4xx_HAL_Driver/Src/stm32f4xx_hal_dma.o
 .debug_macro   0x00000000000211d0      0x1ca ./Drivers/STM32F4xx_HAL_Driver/Src/stm32f4xx_hal_gpio.o
 .debug_macro   0x000000000002139a      0x1dc ./Drivers/STM32F4xx_HAL_Driver/Src/stm32f4xx_hal_pwr_ex.o
 .debug_macro   0x0000000000021576      0x1e8 ./Drivers/STM32F4xx_HAL_Driver/Src/stm32f4xx_hal_rcc.o
 .debug_macro   0x000000000002175e      0x1c4 ./Drivers/STM32F4xx_HAL_Driver/Src/stm32f4xx_hal_rcc_ex.o
 .debug_macro   0x0000000000021922      0x1c5 ./Drivers/STM32F4xx_HAL_Driver/Src/stm32f4xx_hal_uart.o

.debug_line     0x0000000000000000     0xbd3d
 .debug_line    0x0000000000000000      0xcbf ./Core/Src/main.o
 .debug_line    0x0000000000000cbf      0x7bc ./Core/Src/stm32f4xx_hal_msp.o
 .debug_line    0x000000000000147b      0x7b4 ./Core/Src/stm32f4xx_it.o
 .debug_line    0x0000000000001c2f      0x4f4 ./Core/Src/sysmem.o
 .debug_line    0x0000000000002123      0x72b ./Core/Src/system_stm32f4xx.o
 .debug_line    0x000000000000284e       0x88 ./Core/Startup/startup_stm32f446retx.o
 .debug_line    0x00000000000028d6      0x991 ./Drivers/STM32F4xx_HAL_Driver/Src/stm32f4xx_hal.o
 .debug_line    0x0000000000003267     0x10fd ./Drivers/STM32F4xx_HAL_Driver/Src/stm32f4xx_hal_can.o
 .debug_line    0x0000000000004364      0xc40 ./Drivers/STM32F4xx_HAL_Driver/Src/stm32f4xx_hal_cortex.o
 .debug_line    0x0000000000004fa4      0xef5 ./Drivers/STM32F4xx_HAL_Driver/Src/stm32f4xx_hal_dma.o
 .debug_line    0x0000000000005e99      0xaf1 ./Drivers/STM32F4xx_HAL_Driver/Src/stm32f4xx_hal_gpio.o
 .debug_line    0x000000000000698a      0x8c0 ./Drivers/STM32F4xx_HAL_Driver/Src/stm32f4xx_hal_pwr_ex.o
 .debug_line    0x000000000000724a      0xd19 ./Drivers/STM32F4xx_HAL_Driver/Src/stm32f4xx_hal_rcc.o
 .debug_line    0x0000000000007f63     0x13a4 ./Drivers/STM32F4xx_HAL_Driver/Src/stm32f4xx_hal_rcc_ex.o
 .debug_line    0x0000000000009307     0x2a36 ./Drivers/STM32F4xx_HAL_Driver/Src/stm32f4xx_hal_uart.o

.debug_str      0x0000000000000000    0xcb4c4
 .debug_str     0x0000000000000000    0xc8a5f ./Core/Src/main.o
                                      0xc8dbf (size before relaxing)
 .debug_str     0x00000000000c8a5f      0x5e3 ./Core/Src/stm32f4xx_hal_msp.o
                                      0xc4ea0 (size before relaxing)
 .debug_str     0x00000000000c9042      0x12a ./Core/Src/stm32f4xx_it.o
                                      0xc4860 (size before relaxing)
 .debug_str     0x00000000000c916c      0x4da ./Core/Src/sysmem.o
                                       0x5dc6 (size before relaxing)
 .debug_str     0x00000000000c9646       0xdb ./Core/Src/system_stm32f4xx.o
                                      0xc4269 (size before relaxing)
 .debug_str     0x00000000000c9721       0x36 ./Core/Startup/startup_stm32f446retx.o
                                         0x88 (size before relaxing)
 .debug_str     0x00000000000c9757      0x601 ./Drivers/STM32F4xx_HAL_Driver/Src/stm32f4xx_hal.o
                                      0xc4e2e (size before relaxing)
 .debug_str     0x00000000000c9d58      0x3e6 ./Drivers/STM32F4xx_HAL_Driver/Src/stm32f4xx_hal_can.o
                                      0xc4930 (size before relaxing)
 .debug_str     0x00000000000ca13e      0x32d ./Drivers/STM32F4xx_HAL_Driver/Src/stm32f4xx_hal_cortex.o
                                      0xc4b3c (size before relaxing)
 .debug_str     0x00000000000ca46b      0x31a ./Drivers/STM32F4xx_HAL_Driver/Src/stm32f4xx_hal_dma.o
                                      0xc465e (size before relaxing)
 .debug_str     0x00000000000ca785      0x10e ./Drivers/STM32F4xx_HAL_Driver/Src/stm32f4xx_hal_gpio.o
                                      0xc43e4 (size before relaxing)
 .debug_str     0x00000000000ca893      0x135 ./Drivers/STM32F4xx_HAL_Driver/Src/stm32f4xx_hal_pwr_ex.o
                                      0xc4441 (size before relaxing)
 .debug_str     0x00000000000ca9c8      0x233 ./Drivers/STM32F4xx_HAL_Driver/Src/stm32f4xx_hal_rcc.o
                                      0xc46a2 (size before relaxing)
 .debug_str     0x00000000000cabfb      0x31c ./Drivers/STM32F4xx_HAL_Driver/Src/stm32f4xx_hal_rcc_ex.o
                                      0xc46d5 (size before relaxing)
 .debug_str     0x00000000000caf17      0x5ad ./Drivers/STM32F4xx_HAL_Driver/Src/stm32f4xx_hal_uart.o
                                      0xc4c17 (size before relaxing)

.comment        0x0000000000000000       0x50
 .comment       0x0000000000000000       0x50 ./Core/Src/main.o
                                         0x51 (size before relaxing)
 .comment       0x0000000000000050       0x51 ./Core/Src/stm32f4xx_hal_msp.o
 .comment       0x0000000000000050       0x51 ./Core/Src/stm32f4xx_it.o
 .comment       0x0000000000000050       0x51 ./Core/Src/sysmem.o
 .comment       0x0000000000000050       0x51 ./Core/Src/system_stm32f4xx.o
 .comment       0x0000000000000050       0x51 ./Drivers/STM32F4xx_HAL_Driver/Src/stm32f4xx_hal.o
 .comment       0x0000000000000050       0x51 ./Drivers/STM32F4xx_HAL_Driver/Src/stm32f4xx_hal_can.o
 .comment       0x0000000000000050       0x51 ./Drivers/STM32F4xx_HAL_Driver/Src/stm32f4xx_hal_cortex.o
 .comment       0x0000000000000050       0x51 ./Drivers/STM32F4xx_HAL_Driver/Src/stm32f4xx_hal_dma.o
 .comment       0x0000000000000050       0x51 ./Drivers/STM32F4xx_HAL_Driver/Src/stm32f4xx_hal_gpio.o
 .comment       0x0000000000000050       0x51 ./Drivers/STM32F4xx_HAL_Driver/Src/stm32f4xx_hal_pwr_ex.o
 .comment       0x0000000000000050       0x51 ./Drivers/STM32F4xx_HAL_Driver/Src/stm32f4xx_hal_rcc.o
 .comment       0x0000000000000050       0x51 ./Drivers/STM32F4xx_HAL_Driver/Src/stm32f4xx_hal_rcc_ex.o
 .comment       0x0000000000000050       0x51 ./Drivers/STM32F4xx_HAL_Driver/Src/stm32f4xx_hal_uart.o

.debug_frame    0x0000000000000000     0x2878
 .debug_frame   0x0000000000000000      0x170 ./Core/Src/main.o
 .debug_frame   0x0000000000000170       0xc8 ./Core/Src/stm32f4xx_hal_msp.o
 .debug_frame   0x0000000000000238      0x158 ./Core/Src/stm32f4xx_it.o
 .debug_frame   0x0000000000000390       0x34 ./Core/Src/sysmem.o
 .debug_frame   0x00000000000003c4       0x58 ./Core/Src/system_stm32f4xx.o
 .debug_frame   0x000000000000041c      0x374 ./Drivers/STM32F4xx_HAL_Driver/Src/stm32f4xx_hal.o
 .debug_frame   0x0000000000000790      0x5a0 ./Drivers/STM32F4xx_HAL_Driver/Src/stm32f4xx_hal_can.o
 .debug_frame   0x0000000000000d30      0x498 ./Drivers/STM32F4xx_HAL_Driver/Src/stm32f4xx_hal_cortex.o
 .debug_frame   0x00000000000011c8      0x250 ./Drivers/STM32F4xx_HAL_Driver/Src/stm32f4xx_hal_dma.o
 .debug_frame   0x0000000000001418      0x14c ./Drivers/STM32F4xx_HAL_Driver/Src/stm32f4xx_hal_gpio.o
 .debug_frame   0x0000000000001564      0x14c ./Drivers/STM32F4xx_HAL_Driver/Src/stm32f4xx_hal_pwr_ex.o
 .debug_frame   0x00000000000016b0      0x1f4 ./Drivers/STM32F4xx_HAL_Driver/Src/stm32f4xx_hal_rcc.o
 .debug_frame   0x00000000000018a4      0x1e8 ./Drivers/STM32F4xx_HAL_Driver/Src/stm32f4xx_hal_rcc_ex.o
 .debug_frame   0x0000000000001a8c      0x92c ./Drivers/STM32F4xx_HAL_Driver/Src/stm32f4xx_hal_uart.o
 .debug_frame   0x00000000000023b8       0x20 c:/st/stm32cubeide_1.11.0/stm32cubeide/plugins/com.st.stm32cube.ide.mcu.externaltools.gnu-tools-for-stm32.10.3-2021.10.win32_1.0.100.202210260954/tools/bin/../lib/gcc/arm-none-eabi/10.3.1/../../../../arm-none-eabi/lib/thumb/v7e-m+fp/hard\libc_nano.a(lib_a-errno.o)
 .debug_frame   0x00000000000023d8       0x2c c:/st/stm32cubeide_1.11.0/stm32cubeide/plugins/com.st.stm32cube.ide.mcu.externaltools.gnu-tools-for-stm32.10.3-2021.10.win32_1.0.100.202210260954/tools/bin/../lib/gcc/arm-none-eabi/10.3.1/../../../../arm-none-eabi/lib/thumb/v7e-m+fp/hard\libc_nano.a(lib_a-init.o)
 .debug_frame   0x0000000000002404       0x20 c:/st/stm32cubeide_1.11.0/stm32cubeide/plugins/com.st.stm32cube.ide.mcu.externaltools.gnu-tools-for-stm32.10.3-2021.10.win32_1.0.100.202210260954/tools/bin/../lib/gcc/arm-none-eabi/10.3.1/../../../../arm-none-eabi/lib/thumb/v7e-m+fp/hard\libc_nano.a(lib_a-memset.o)
 .debug_frame   0x0000000000002424       0x6c c:/st/stm32cubeide_1.11.0/stm32cubeide/plugins/com.st.stm32cube.ide.mcu.externaltools.gnu-tools-for-stm32.10.3-2021.10.win32_1.0.100.202210260954/tools/bin/../lib/gcc/arm-none-eabi/10.3.1/../../../../arm-none-eabi/lib/thumb/v7e-m+fp/hard\libc_nano.a(lib_a-sprintf.o)
 .debug_frame   0x0000000000002490       0x90 c:/st/stm32cubeide_1.11.0/stm32cubeide/plugins/com.st.stm32cube.ide.mcu.externaltools.gnu-tools-for-stm32.10.3-2021.10.win32_1.0.100.202210260954/tools/bin/../lib/gcc/arm-none-eabi/10.3.1/../../../../arm-none-eabi/lib/thumb/v7e-m+fp/hard\libc_nano.a(lib_a-nano-svfprintf.o)
 .debug_frame   0x0000000000002520       0x60 c:/st/stm32cubeide_1.11.0/stm32cubeide/plugins/com.st.stm32cube.ide.mcu.externaltools.gnu-tools-for-stm32.10.3-2021.10.win32_1.0.100.202210260954/tools/bin/../lib/gcc/arm-none-eabi/10.3.1/../../../../arm-none-eabi/lib/thumb/v7e-m+fp/hard\libc_nano.a(lib_a-nano-vfprintf_i.o)
 .debug_frame   0x0000000000002580       0x28 c:/st/stm32cubeide_1.11.0/stm32cubeide/plugins/com.st.stm32cube.ide.mcu.externaltools.gnu-tools-for-stm32.10.3-2021.10.win32_1.0.100.202210260954/tools/bin/../lib/gcc/arm-none-eabi/10.3.1/../../../../arm-none-eabi/lib/thumb/v7e-m+fp/hard\libc_nano.a(lib_a-memcpy-stub.o)
 .debug_frame   0x00000000000025a8       0x28 c:/st/stm32cubeide_1.11.0/stm32cubeide/plugins/com.st.stm32cube.ide.mcu.externaltools.gnu-tools-for-stm32.10.3-2021.10.win32_1.0.100.202210260954/tools/bin/../lib/gcc/arm-none-eabi/10.3.1/../../../../arm-none-eabi/lib/thumb/v7e-m+fp/hard\libc_nano.a(lib_a-memmove.o)
 .debug_frame   0x00000000000025d0       0x38 c:/st/stm32cubeide_1.11.0/stm32cubeide/plugins/com.st.stm32cube.ide.mcu.externaltools.gnu-tools-for-stm32.10.3-2021.10.win32_1.0.100.202210260954/tools/bin/../lib/gcc/arm-none-eabi/10.3.1/../../../../arm-none-eabi/lib/thumb/v7e-m+fp/hard\libc_nano.a(lib_a-nano-freer.o)
 .debug_frame   0x0000000000002608       0x4c c:/st/stm32cubeide_1.11.0/stm32cubeide/plugins/com.st.stm32cube.ide.mcu.externaltools.gnu-tools-for-stm32.10.3-2021.10.win32_1.0.100.202210260954/tools/bin/../lib/gcc/arm-none-eabi/10.3.1/../../../../arm-none-eabi/lib/thumb/v7e-m+fp/hard\libc_nano.a(lib_a-nano-mallocr.o)
 .debug_frame   0x0000000000002654       0x3c c:/st/stm32cubeide_1.11.0/stm32cubeide/plugins/com.st.stm32cube.ide.mcu.externaltools.gnu-tools-for-stm32.10.3-2021.10.win32_1.0.100.202210260954/tools/bin/../lib/gcc/arm-none-eabi/10.3.1/../../../../arm-none-eabi/lib/thumb/v7e-m+fp/hard\libc_nano.a(lib_a-nano-reallocr.o)
 .debug_frame   0x0000000000002690       0x2c c:/st/stm32cubeide_1.11.0/stm32cubeide/plugins/com.st.stm32cube.ide.mcu.externaltools.gnu-tools-for-stm32.10.3-2021.10.win32_1.0.100.202210260954/tools/bin/../lib/gcc/arm-none-eabi/10.3.1/../../../../arm-none-eabi/lib/thumb/v7e-m+fp/hard\libc_nano.a(lib_a-sbrkr.o)
 .debug_frame   0x00000000000026bc       0x30 c:/st/stm32cubeide_1.11.0/stm32cubeide/plugins/com.st.stm32cube.ide.mcu.externaltools.gnu-tools-for-stm32.10.3-2021.10.win32_1.0.100.202210260954/tools/bin/../lib/gcc/arm-none-eabi/10.3.1/../../../../arm-none-eabi/lib/thumb/v7e-m+fp/hard\libc_nano.a(lib_a-mlock.o)
 .debug_frame   0x00000000000026ec       0x20 c:/st/stm32cubeide_1.11.0/stm32cubeide/plugins/com.st.stm32cube.ide.mcu.externaltools.gnu-tools-for-stm32.10.3-2021.10.win32_1.0.100.202210260954/tools/bin/../lib/gcc/arm-none-eabi/10.3.1/../../../../arm-none-eabi/lib/thumb/v7e-m+fp/hard\libc_nano.a(lib_a-nano-msizer.o)
 .debug_frame   0x000000000000270c       0x5c c:/st/stm32cubeide_1.11.0/stm32cubeide/plugins/com.st.stm32cube.ide.mcu.externaltools.gnu-tools-for-stm32.10.3-2021.10.win32_1.0.100.202210260954/tools/bin/../lib/gcc/arm-none-eabi/10.3.1/../../../../arm-none-eabi/lib/thumb/v7e-m+fp/hard\libc_nano.a(lib_a-reent.o)
 .debug_frame   0x0000000000002768       0xb0 c:/st/stm32cubeide_1.11.0/stm32cubeide/plugins/com.st.stm32cube.ide.mcu.externaltools.gnu-tools-for-stm32.10.3-2021.10.win32_1.0.100.202210260954/tools/bin/../lib/gcc/arm-none-eabi/10.3.1/../../../../arm-none-eabi/lib/thumb/v7e-m+fp/hard\libc_nano.a(lib_a-lock.o)
 .debug_frame   0x0000000000002818       0x2c c:/st/stm32cubeide_1.11.0/stm32cubeide/plugins/com.st.stm32cube.ide.mcu.externaltools.gnu-tools-for-stm32.10.3-2021.10.win32_1.0.100.202210260954/tools/bin/../lib/gcc/arm-none-eabi/10.3.1/thumb/v7e-m+fp/hard\libgcc.a(_aeabi_uldivmod.o)
 .debug_frame   0x0000000000002844       0x34 c:/st/stm32cubeide_1.11.0/stm32cubeide/plugins/com.st.stm32cube.ide.mcu.externaltools.gnu-tools-for-stm32.10.3-2021.10.win32_1.0.100.202210260954/tools/bin/../lib/gcc/arm-none-eabi/10.3.1/thumb/v7e-m+fp/hard\libgcc.a(_udivmoddi4.o)
