Archive member included to satisfy reference by file (symbol)

c:/st/stm32cubeide_1.11.0/stm32cubeide/plugins/com.st.stm32cube.ide.mcu.externaltools.gnu-tools-for-stm32.10.3-2021.10.win32_1.0.100.202210260954/tools/bin/../lib/gcc/arm-none-eabi/10.3.1/../../../../arm-none-eabi/lib/thumb/v7-m/nofp\libc_nano.a(lib_a-errno.o)
                              ./Core/Src/syscalls.o (__errno)
c:/st/stm32cubeide_1.11.0/stm32cubeide/plugins/com.st.stm32cube.ide.mcu.externaltools.gnu-tools-for-stm32.10.3-2021.10.win32_1.0.100.202210260954/tools/bin/../lib/gcc/arm-none-eabi/10.3.1/../../../../arm-none-eabi/lib/thumb/v7-m/nofp\libc_nano.a(lib_a-exit.o)
                              c:/st/stm32cubeide_1.11.0/stm32cubeide/plugins/com.st.stm32cube.ide.mcu.externaltools.gnu-tools-for-stm32.10.3-2021.10.win32_1.0.100.202210260954/tools/bin/../lib/gcc/arm-none-eabi/10.3.1/../../../../arm-none-eabi/lib/thumb/v7-m/nofp/crt0.o (exit)
c:/st/stm32cubeide_1.11.0/stm32cubeide/plugins/com.st.stm32cube.ide.mcu.externaltools.gnu-tools-for-stm32.10.3-2021.10.win32_1.0.100.202210260954/tools/bin/../lib/gcc/arm-none-eabi/10.3.1/../../../../arm-none-eabi/lib/thumb/v7-m/nofp\libc_nano.a(lib_a-impure.o)
                              c:/st/stm32cubeide_1.11.0/stm32cubeide/plugins/com.st.stm32cube.ide.mcu.externaltools.gnu-tools-for-stm32.10.3-2021.10.win32_1.0.100.202210260954/tools/bin/../lib/gcc/arm-none-eabi/10.3.1/../../../../arm-none-eabi/lib/thumb/v7-m/nofp\libc_nano.a(lib_a-exit.o) (_global_impure_ptr)
c:/st/stm32cubeide_1.11.0/stm32cubeide/plugins/com.st.stm32cube.ide.mcu.externaltools.gnu-tools-for-stm32.10.3-2021.10.win32_1.0.100.202210260954/tools/bin/../lib/gcc/arm-none-eabi/10.3.1/../../../../arm-none-eabi/lib/thumb/v7-m/nofp\libc_nano.a(lib_a-init.o)
                              c:/st/stm32cubeide_1.11.0/stm32cubeide/plugins/com.st.stm32cube.ide.mcu.externaltools.gnu-tools-for-stm32.10.3-2021.10.win32_1.0.100.202210260954/tools/bin/../lib/gcc/arm-none-eabi/10.3.1/../../../../arm-none-eabi/lib/thumb/v7-m/nofp/crt0.o (__libc_init_array)
c:/st/stm32cubeide_1.11.0/stm32cubeide/plugins/com.st.stm32cube.ide.mcu.externaltools.gnu-tools-for-stm32.10.3-2021.10.win32_1.0.100.202210260954/tools/bin/../lib/gcc/arm-none-eabi/10.3.1/../../../../arm-none-eabi/lib/thumb/v7-m/nofp\libc_nano.a(lib_a-memset.o)
                              c:/st/stm32cubeide_1.11.0/stm32cubeide/plugins/com.st.stm32cube.ide.mcu.externaltools.gnu-tools-for-stm32.10.3-2021.10.win32_1.0.100.202210260954/tools/bin/../lib/gcc/arm-none-eabi/10.3.1/../../../../arm-none-eabi/lib/thumb/v7-m/nofp/crt0.o (memset)
c:/st/stm32cubeide_1.11.0/stm32cubeide/plugins/com.st.stm32cube.ide.mcu.externaltools.gnu-tools-for-stm32.10.3-2021.10.win32_1.0.100.202210260954/tools/bin/../lib/gcc/arm-none-eabi/10.3.1/../../../../arm-none-eabi/lib/thumb/v7-m/nofp\libc_nano.a(lib_a-sprintf.o)
                              ./Core/Src/main.o (sprintf)
c:/st/stm32cubeide_1.11.0/stm32cubeide/plugins/com.st.stm32cube.ide.mcu.externaltools.gnu-tools-for-stm32.10.3-2021.10.win32_1.0.100.202210260954/tools/bin/../lib/gcc/arm-none-eabi/10.3.1/../../../../arm-none-eabi/lib/thumb/v7-m/nofp\libc_nano.a(lib_a-nano-svfprintf.o)
                              c:/st/stm32cubeide_1.11.0/stm32cubeide/plugins/com.st.stm32cube.ide.mcu.externaltools.gnu-tools-for-stm32.10.3-2021.10.win32_1.0.100.202210260954/tools/bin/../lib/gcc/arm-none-eabi/10.3.1/../../../../arm-none-eabi/lib/thumb/v7-m/nofp\libc_nano.a(lib_a-sprintf.o) (_svfprintf_r)
c:/st/stm32cubeide_1.11.0/stm32cubeide/plugins/com.st.stm32cube.ide.mcu.externaltools.gnu-tools-for-stm32.10.3-2021.10.win32_1.0.100.202210260954/tools/bin/../lib/gcc/arm-none-eabi/10.3.1/../../../../arm-none-eabi/lib/thumb/v7-m/nofp\libc_nano.a(lib_a-nano-vfprintf_i.o)
                              c:/st/stm32cubeide_1.11.0/stm32cubeide/plugins/com.st.stm32cube.ide.mcu.externaltools.gnu-tools-for-stm32.10.3-2021.10.win32_1.0.100.202210260954/tools/bin/../lib/gcc/arm-none-eabi/10.3.1/../../../../arm-none-eabi/lib/thumb/v7-m/nofp\libc_nano.a(lib_a-nano-svfprintf.o) (_printf_i)
c:/st/stm32cubeide_1.11.0/stm32cubeide/plugins/com.st.stm32cube.ide.mcu.externaltools.gnu-tools-for-stm32.10.3-2021.10.win32_1.0.100.202210260954/tools/bin/../lib/gcc/arm-none-eabi/10.3.1/../../../../arm-none-eabi/lib/thumb/v7-m/nofp\libc_nano.a(lib_a-memchr-stub.o)
                              c:/st/stm32cubeide_1.11.0/stm32cubeide/plugins/com.st.stm32cube.ide.mcu.externaltools.gnu-tools-for-stm32.10.3-2021.10.win32_1.0.100.202210260954/tools/bin/../lib/gcc/arm-none-eabi/10.3.1/../../../../arm-none-eabi/lib/thumb/v7-m/nofp\libc_nano.a(lib_a-nano-svfprintf.o) (memchr)
c:/st/stm32cubeide_1.11.0/stm32cubeide/plugins/com.st.stm32cube.ide.mcu.externaltools.gnu-tools-for-stm32.10.3-2021.10.win32_1.0.100.202210260954/tools/bin/../lib/gcc/arm-none-eabi/10.3.1/../../../../arm-none-eabi/lib/thumb/v7-m/nofp\libc_nano.a(lib_a-memcpy-stub.o)
[...]
Memory Configuration

Name             Origin             Length             Attributes
RAM              0x0000000020000000 0x0000000000005000 xrw
FLASH            0x0000000008000000 0x0000000000010000 xr
*default*        0x0000000000000000 0xffffffffffffffff

Linker script and memory map

LOAD c:/st/stm32cubeide_1.11.0/stm32cubeide/plugins/com.st.stm32cube.ide.mcu.externaltools.gnu-tools-for-stm32.10.3-2021.10.win32_1.0.100.202210260954/tools/bin/../lib/gcc/arm-none-eabi/10.3.1/thumb/v7-m/nofp/crti.o
LOAD c:/st/stm32cubeide_1.11.0/stm32cubeide/plugins/com.st.stm32cube.ide.mcu.externaltools.gnu-tools-for-stm32.10.3-2021.10.win32_1.0.100.202210260954/tools/bin/../lib/gcc/arm-none-eabi/10.3.1/thumb/v7-m/nofp/crtbegin.o
LOAD c:/st/stm32cubeide_1.11.0/stm32cubeide/plugins/com.st.stm32cube.ide.mcu.externaltools.gnu-tools-for-stm32.10.3-2021.10.win32_1.0.100.202210260954/tools/bin/../lib/gcc/arm-none-eabi/10.3.1/../../../../arm-none-eabi/lib/thumb/v7-m/nofp/crt0.o
LOAD ./Core/Src/main.o
LOAD ./Core/Src/stm32f1xx_hal_msp.o
LOAD ./Core/Src/stm32f1xx_it.o
LOAD ./Core/Src/syscalls.o
LOAD ./Core/Src/sysmem.o
LOAD ./Core/Src/system_stm32f1xx.o
LOAD ./Core/Startup/startup_stm32f103c8tx.o
LOAD ./Drivers/STM32F1xx_HAL_Driver/Src/stm32f1xx_hal.o
LOAD ./Drivers/STM32F1xx_HAL_Driver/Src/stm32f1xx_hal_adc.o
LOAD ./Drivers/STM32F1xx_HAL_Driver/Src/stm32f1xx_hal_adc_ex.o
LOAD ./Drivers/STM32F1xx_HAL_Driver/Src/stm32f1xx_hal_can.o
LOAD ./Drivers/STM32F1xx_HAL_Driver/Src/stm32f1xx_hal_cortex.o
LOAD ./Drivers/STM32F1xx_HAL_Driver/Src/stm32f1xx_hal_dma.o
LOAD ./Drivers/STM32F1xx_HAL_Driver/Src/stm32f1xx_hal_exti.o
LOAD ./Drivers/STM32F1xx_HAL_Driver/Src/stm32f1xx_hal_flash.o
LOAD ./Drivers/STM32F1xx_HAL_Driver/Src/stm32f1xx_hal_flash_ex.o
LOAD ./Drivers/STM32F1xx_HAL_Driver/Src/stm32f1xx_hal_gpio.o
LOAD ./Drivers/STM32F1xx_HAL_Driver/Src/stm32f1xx_hal_gpio_ex.o
LOAD ./Drivers/STM32F1xx_HAL_Driver/Src/stm32f1xx_hal_pwr.o
LOAD ./Drivers/STM32F1xx_HAL_Driver/Src/stm32f1xx_hal_rcc.o
LOAD ./Drivers/STM32F1xx_HAL_Driver/Src/stm32f1xx_hal_rcc_ex.o
LOAD ./Drivers/STM32F1xx_HAL_Driver/Src/stm32f1xx_hal_tim.o
LOAD ./Drivers/STM32F1xx_HAL_Driver/Src/stm32f1xx_hal_tim_ex.o
LOAD ./Drivers/STM32F1xx_HAL_Driver/Src/stm32f1xx_hal_uart.o
START GROUP
LOAD c:/st/stm32cubeide_1.11.0/stm32cubeide/plugins/com.st.stm32cube.ide.mcu.externaltools.gnu-tools-for-stm32.10.3-2021.10.win32_1.0.100.202210260954/tools/bin/../lib/gcc/arm-none-eabi/10.3.1/../../../../arm-none-eabi/lib/thumb/v7-m/nofp\libc_nano.a
LOAD c:/st/stm32cubeide_1.11.0/stm32cubeide/plugins/com.st.stm32cube.ide.mcu.externaltools.gnu-tools-for-stm32.10.3-2021.10.win32_1.0.100.202210260954/tools/bin/../lib/gcc/arm-none-eabi/10.3.1/../../../../arm-none-eabi/lib/thumb/v7-m/nofp\libm.a
END GROUP
START GROUP
LOAD c:/st/stm32cubeide_1.11.0/stm32cubeide/plugins/com.st.stm32cube.ide.mcu.externaltools.gnu-tools-for-stm32.10.3-2021.10.win32_1.0.100.202210260954/tools/bin/../lib/gcc/arm-none-eabi/10.3.1/thumb/v7-m/nofp\libgcc.a
LOAD c:/st/stm32cubeide_1.11.0/stm32cubeide/plugins/com.st.stm32cube.ide.mcu.externaltools.gnu-tools-for-stm32.10.3-2021.10.win32_1.0.100.202210260954/tools/bin/../lib/gcc/arm-none-eabi/10.3.1/../../../../arm-none-eabi/lib/thumb/v7-m/nofp\libc_nano.a
END GROUP
START GROUP
LOAD c:/st/stm32cubeide_1.11.0/stm32cubeide/plugins/com.st.stm32cube.ide.mcu.externaltools.gnu-tools-for-stm32.10.3-2021.10.win32_1.0.100.202210260954/tools/bin/../lib/gcc/arm-none-eabi/10.3.1/thumb/v7-m/nofp\libgcc.a
LOAD c:/st/stm32cubeide_1.11.0/stm32cubeide/plugins/com.st.stm32cube.ide.mcu.externaltools.gnu-tools-for-stm32.10.3-2021.10.win32_1.0.100.202210260954/tools/bin/../lib/gcc/arm-none-eabi/10.3.1/../../../../arm-none-eabi/lib/thumb/v7-m/nofp\libc_nano.a
LOAD c:/st/stm32cubeide_1.11.0/stm32cubeide/plugins/com.st.stm32cube.ide.mcu.externaltools.gnu-tools-for-stm32.10.3-2021.10.win32_1.0.100.202210260954/tools/bin/../lib/gcc/arm-none-eabi/10.3.1/../../../../arm-none-eabi/lib/thumb/v7-m/nofp\libnosys.a
END GROUP
START GROUP
LOAD c:/st/stm32cubeide_1.11.0/stm32cubeide/plugins/com.st.stm32cube.ide.mcu.externaltools.gnu-tools-for-stm32.10.3-2021.10.win32_1.0.100.202210260954/tools/bin/../lib/gcc/arm-none-eabi/10.3.1/thumb/v7-m/nofp\libgcc.a
LOAD c:/st/stm32cubeide_1.11.0/stm32cubeide/plugins/com.st.stm32cube.ide.mcu.externaltools.gnu-tools-for-stm32.10.3-2021.10.win32_1.0.100.202210260954/tools/bin/../lib/gcc/arm-none-eabi/10.3.1/../../../../arm-none-eabi/lib/thumb/v7-m/nofp\libc_nano.a
LOAD c:/st/stm32cubeide_1.11.0/stm32cubeide/plugins/com.st.stm32cube.ide.mcu.externaltools.gnu-tools-for-stm32.10.3-2021.10.win32_1.0.100.202210260954/tools/bin/../lib/gcc/arm-none-eabi/10.3.1/../../../../arm-none-eabi/lib/thumb/v7-m/nofp\libnosys.a
END GROUP
LOAD c:/st/stm32cubeide_1.11.0/stm32cubeide/plugins/com.st.stm32cube.ide.mcu.externaltools.gnu-tools-for-stm32.10.3-2021.10.win32_1.0.100.202210260954/tools/bin/../lib/gcc/arm-none-eabi/10.3.1/thumb/v7-m/nofp/crtend.o
LOAD c:/st/stm32cubeide_1.11.0/stm32cubeide/plugins/com.st.stm32cube.ide.mcu.externaltools.gnu-tools-for-stm32.10.3-2021.10.win32_1.0.100.202210260954/tools/bin/../lib/gcc/arm-none-eabi/10.3.1/thumb/v7-m/nofp/crtn.o
                0x0000000020005000                _estack = (ORIGIN (RAM) + LENGTH (RAM))
                0x0000000000000200                _Min_Heap_Size = 0x200
                0x0000000000000400                _Min_Stack_Size = 0x400

.isr_vector     0x0000000008000000      0x10c
                0x0000000008000000                . = ALIGN (0x4)
 *(.isr_vector)
 .isr_vector    0x0000000008000000      0x10c ./Core/Startup/startup_stm32f103c8tx.o
                0x0000000008000000                g_pfnVectors
                0x000000000800010c                . = ALIGN (0x4)

.text           0x0000000008000110     0x8464
                0x0000000008000110                . = ALIGN (0x4)
 *(.text)
 .text          0x0000000008000110       0x40 c:/st/stm32cubeide_1.11.0/stm32cubeide/plugins/com.st.stm32cube.ide.mcu.externaltools.gnu-tools-for-stm32.10.3-2021.10.win32_1.0.100.202210260954/tools/bin/../lib/gcc/arm-none-eabi/10.3.1/thumb/v7-m/nofp/crtbegin.o
 .text          0x0000000008000150      0x378 c:/st/stm32cubeide_1.11.0/stm32cubeide/plugins/com.st.stm32cube.ide.mcu.externaltools.gnu-tools-for-stm32.10.3-2021.10.win32_1.0.100.202210260954/tools/bin/../lib/gcc/arm-none-eabi/10.3.1/thumb/v7-m/nofp\libgcc.a(_arm_addsubdf3.o)
                0x0000000008000150                __aeabi_drsub
                0x0000000008000158                __aeabi_dsub
                0x0000000008000158                __subdf3
                0x000000000800015c                __aeabi_dadd
                0x000000000800015c                __adddf3
                0x00000000080003d4                __floatunsidf
                0x00000000080003d4                __aeabi_ui2d
                0x00000000080003f4                __floatsidf
                0x00000000080003f4                __aeabi_i2d
                0x0000000008000418                __aeabi_f2d
                0x0000000008000418                __extendsfdf2
                0x000000000800045c                __floatundidf
                0x000000000800045c                __aeabi_ul2d
                0x000000000800046c                __floatdidf
                0x000000000800046c                __aeabi_l2d
 .text          0x00000000080004c8      0x424 c:/st/stm32cubeide_1.11.0/stm32cubeide/plugins/com.st.stm32cube.ide.mcu.externaltools.gnu-tools-for-stm32.10.3-2021.10.win32_1.0.100.202210260954/tools/bin/../lib/gcc/arm-none-eabi/10.3.1/thumb/v7-m/nofp\libgcc.a(_arm_muldivdf3.o)
                0x00000000080004c8                __aeabi_dmul
                0x00000000080004c8                __muldf3
                0x000000000800071c                __divdf3
                0x000000000800071c                __aeabi_ddiv
 .text          0x00000000080008ec      0x110 c:/st/stm32cubeide_1.11.0/stm32cubeide/plugins/com.st.stm32cube.ide.mcu.externaltools.gnu-tools-for-stm32.10.3-2021.10.win32_1.0.100.202210260954/tools/bin/../lib/gcc/arm-none-eabi/10.3.1/thumb/v7-m/nofp\libgcc.a(_arm_cmpdf2.o)
                0x00000000080008ec                __gtdf2
                0x00000000080008ec                __gedf2
                0x00000000080008f4                __ltdf2
                0x00000000080008f4                __ledf2
                0x00000000080008fc                __nedf2
                0x00000000080008fc                __eqdf2
                0x00000000080008fc                __cmpdf2
                0x0000000008000978                __aeabi_cdrcmple
                0x0000000008000988                __aeabi_cdcmpeq
                0x0000000008000988                __aeabi_cdcmple
                0x0000000008000998                __aeabi_dcmpeq
                0x00000000080009ac                __aeabi_dcmplt
                0x00000000080009c0                __aeabi_dcmple
                0x00000000080009d4                __aeabi_dcmpge
                0x00000000080009e8                __aeabi_dcmpgt
 .text          0x00000000080009fc       0x50 c:/st/stm32cubeide_1.11.0/stm32cubeide/plugins/com.st.stm32cube.ide.mcu.externaltools.gnu-tools-for-stm32.10.3-2021.10.win32_1.0.100.202210260954/tools/bin/../lib/gcc/arm-none-eabi/10.3.1/thumb/v7-m/nofp\libgcc.a(_arm_fixdfsi.o)
                0x00000000080009fc                __aeabi_d2iz
                0x00000000080009fc                __fixdfsi
 .text          0x0000000008000a4c       0x40 c:/st/stm32cubeide_1.11.0/stm32cubeide/plugins/com.st.stm32cube.ide.mcu.externaltools.gnu-tools-for-stm32.10.3-2021.10.win32_1.0.100.202210260954/tools/bin/../lib/gcc/arm-none-eabi/10.3.1/thumb/v7-m/nofp\libgcc.a(_arm_fixunsdfsi.o)
                0x0000000008000a4c                __aeabi_d2uiz
                0x0000000008000a4c                __fixunsdfsi
 .text          0x0000000008000a8c       0xa0 c:/st/stm32cubeide_1.11.0/stm32cubeide/plugins/com.st.stm32cube.ide.mcu.externaltools.gnu-tools-for-stm32.10.3-2021.10.win32_1.0.100.202210260954/tools/bin/../lib/gcc/arm-none-eabi/10.3.1/thumb/v7-m/nofp\libgcc.a(_arm_truncdfsf2.o)
                0x0000000008000a8c                __truncdfsf2
                0x0000000008000a8c                __aeabi_d2f
 .text          0x0000000008000b2c      0x21c c:/st/stm32cubeide_1.11.0/stm32cubeide/plugins/com.st.stm32cube.ide.mcu.externaltools.gnu-tools-for-stm32.10.3-2021.10.win32_1.0.100.202210260954/tools/bin/../lib/gcc/arm-none-eabi/10.3.1/thumb/v7-m/nofp\libgcc.a(_arm_addsubsf3.o)
                0x0000000008000b2c                __aeabi_frsub
                0x0000000008000b34                __subsf3
                0x0000000008000b34                __aeabi_fsub
                0x0000000008000b38                __aeabi_fadd
                0x0000000008000b38                __addsf3
                0x0000000008000c98                __aeabi_ui2f
                0x0000000008000c98                __floatunsisf
                0x0000000008000ca0                __aeabi_i2f
                0x0000000008000ca0                __floatsisf
                0x0000000008000cbc                __aeabi_ul2f
                0x0000000008000cbc                __floatundisf
                0x0000000008000ccc                __aeabi_l2f
                0x0000000008000ccc                __floatdisf
 .text          0x0000000008000d48       0x40 c:/st/stm32cubeide_1.11.0/stm32cubeide/plugins/com.st.stm32cube.ide.mcu.externaltools.gnu-tools-for-stm32.10.3-2021.10.win32_1.0.100.202210260954/tools/bin/../lib/gcc/arm-none-eabi/10.3.1/thumb/v7-m/nofp\libgcc.a(_arm_fixunssfsi.o)
                0x0000000008000d48                __fixunssfsi
                0x0000000008000d48                __aeabi_f2uiz
 *(.text*)
 .text.BitShiftCombine
                0x0000000008000d88       0x2e ./Core/Src/main.o
                0x0000000008000d88                BitShiftCombine
 .text.highByte
                0x0000000008000db6       0x1a ./Core/Src/main.o
                0x0000000008000db6                highByte
 .text.lowbyte  0x0000000008000dd0       0x18 ./Core/Src/main.o
                0x0000000008000dd0                lowbyte
 .text.HAL_TIM_IC_CaptureCallback
                0x0000000008000de8       0x98 ./Core/Src/main.o
                0x0000000008000de8                HAL_TIM_IC_CaptureCallback
 .text.HAL_CAN_RxFifo0MsgPendingCallback
                0x0000000008000e80      0x444 ./Core/Src/main.o
                0x0000000008000e80                HAL_CAN_RxFifo0MsgPendingCallback
 .text.Dwin_SendNumber
                0x00000000080012c4       0x54 ./Core/Src/main.o
                0x00000000080012c4                Dwin_SendNumber
 .text.Dwin_SendFloat
                0x0000000008001318       0x7c ./Core/Src/main.o
                0x0000000008001318                Dwin_SendFloat
 .text.Dwin_SendPage
                0x0000000008001394       0x58 ./Core/Src/main.o
                0x0000000008001394                Dwin_SendPage
 .text.HAL_GPIO_EXTI_Callback
                0x00000000080013ec       0x58 ./Core/Src/main.o
                0x00000000080013ec                HAL_GPIO_EXTI_Callback
 .text.HAL_TIM_PWM_PulseFinishedCallback
                0x0000000008001444       0x28 ./Core/Src/main.o
                0x0000000008001444                HAL_TIM_PWM_PulseFinishedCallback
 .text.Set_LED  0x000000000800146c       0x58 ./Core/Src/main.o
                0x000000000800146c                Set_LED
 *fill*         0x00000000080014c4        0x4 
 .text.Set_Brightness
                0x00000000080014c8       0xfc ./Core/Src/main.o
                0x00000000080014c8                Set_Brightness
 .text.WS2812_Send
                0x00000000080015c4       0xdc ./Core/Src/main.o
                0x00000000080015c4                WS2812_Send
 .text.main     0x00000000080016a0      0x71c ./Core/Src/main.o
                0x00000000080016a0                main
 .text.SystemClock_Config
                0x0000000008001dbc       0xb8 ./Core/Src/main.o
                0x0000000008001dbc                SystemClock_Config
 .text.MX_ADC1_Init
                0x0000000008001e74       0x7c ./Core/Src/main.o
 .text.MX_CAN_Init
                0x0000000008001ef0       0xa4 ./Core/Src/main.o
 .text.MX_TIM1_Init
                0x0000000008001f94       0xb0 ./Core/Src/main.o
 .text.MX_TIM2_Init
                0x0000000008002044       0xb0 ./Core/Src/main.o
 .text.MX_TIM3_Init
                0x00000000080020f4       0xa8 ./Core/Src/main.o
 .text.MX_USART3_UART_Init
                0x000000000800219c       0x54 ./Core/Src/main.o
 .text.MX_DMA_Init
                0x00000000080021f0       0x3c ./Core/Src/main.o
 .text.MX_GPIO_Init
                0x000000000800222c      0x174 ./Core/Src/main.o
 .text.Error_Handler
                0x00000000080023a0        0xa ./Core/Src/main.o
                0x00000000080023a0                Error_Handler
 *fill*         0x00000000080023aa        0x2 
 .text.HAL_MspInit
                0x00000000080023ac       0x64 ./Core/Src/stm32f1xx_hal_msp.o
                0x00000000080023ac                HAL_MspInit
 .text.HAL_ADC_MspInit
                0x0000000008002410       0x78 ./Core/Src/stm32f1xx_hal_msp.o
                0x0000000008002410                HAL_ADC_MspInit
 .text.HAL_CAN_MspInit
                0x0000000008002488       0xd0 ./Core/Src/stm32f1xx_hal_msp.o
                0x0000000008002488                HAL_CAN_MspInit
 .text.HAL_TIM_Encoder_MspInit
                0x0000000008002558      0x128 ./Core/Src/stm32f1xx_hal_msp.o
                0x0000000008002558                HAL_TIM_Encoder_MspInit
 .text.HAL_TIM_PWM_MspInit
                0x0000000008002680       0x90 ./Core/Src/stm32f1xx_hal_msp.o
                0x0000000008002680                HAL_TIM_PWM_MspInit
 .text.HAL_TIM_MspPostInit
                0x0000000008002710       0x60 ./Core/Src/stm32f1xx_hal_msp.o
                0x0000000008002710                HAL_TIM_MspPostInit
 .text.HAL_UART_MspInit
                0x0000000008002770       0xa8 ./Core/Src/stm32f1xx_hal_msp.o
                0x0000000008002770                HAL_UART_MspInit
 .text.NMI_Handler
                0x0000000008002818        0x6 ./Core/Src/stm32f1xx_it.o
                0x0000000008002818                NMI_Handler
 .text.HardFault_Handler
                0x000000000800281e        0x6 ./Core/Src/stm32f1xx_it.o
                0x000000000800281e                HardFault_Handler
 .text.MemManage_Handler
                0x0000000008002824        0x6 ./Core/Src/stm32f1xx_it.o
                0x0000000008002824                MemManage_Handler
 .text.BusFault_Handler
                0x000000000800282a        0x6 ./Core/Src/stm32f1xx_it.o
                0x000000000800282a                BusFault_Handler
 .text.UsageFault_Handler
                0x0000000008002830        0x6 ./Core/Src/stm32f1xx_it.o
                0x0000000008002830                UsageFault_Handler
 .text.SVC_Handler
                0x0000000008002836        0xc ./Core/Src/stm32f1xx_it.o
                0x0000000008002836                SVC_Handler
 .text.DebugMon_Handler
                0x0000000008002842        0xc ./Core/Src/stm32f1xx_it.o
                0x0000000008002842                DebugMon_Handler
 .text.PendSV_Handler
                0x000000000800284e        0xc ./Core/Src/stm32f1xx_it.o
                0x000000000800284e                PendSV_Handler
 .text.SysTick_Handler
                0x000000000800285a        0xc ./Core/Src/stm32f1xx_it.o
                0x000000000800285a                SysTick_Handler
 .text.EXTI3_IRQHandler
                0x0000000008002866        0xe ./Core/Src/stm32f1xx_it.o
                0x0000000008002866                EXTI3_IRQHandler
 .text.DMA1_Channel1_IRQHandler
                0x0000000008002874       0x14 ./Core/Src/stm32f1xx_it.o
                0x0000000008002874                DMA1_Channel1_IRQHandler
 .text.USB_LP_CAN1_RX0_IRQHandler
                0x0000000008002888       0x14 ./Core/Src/stm32f1xx_it.o
                0x0000000008002888                USB_LP_CAN1_RX0_IRQHandler
 .text.EXTI9_5_IRQHandler
                0x000000000800289c        0xe ./Core/Src/stm32f1xx_it.o
                0x000000000800289c                EXTI9_5_IRQHandler
 *fill*         0x00000000080028aa        0x2 
 .text.TIM1_BRK_IRQHandler
                0x00000000080028ac       0x14 ./Core/Src/stm32f1xx_it.o
                0x00000000080028ac                TIM1_BRK_IRQHandler
 .text.TIM1_UP_IRQHandler
                0x00000000080028c0       0x14 ./Core/Src/stm32f1xx_it.o
                0x00000000080028c0                TIM1_UP_IRQHandler
 .text.TIM1_TRG_COM_IRQHandler
                0x00000000080028d4       0x14 ./Core/Src/stm32f1xx_it.o
                0x00000000080028d4                TIM1_TRG_COM_IRQHandler
 .text.TIM1_CC_IRQHandler
                0x00000000080028e8       0x14 ./Core/Src/stm32f1xx_it.o
                0x00000000080028e8                TIM1_CC_IRQHandler
 .text.TIM3_IRQHandler
                0x00000000080028fc       0x14 ./Core/Src/stm32f1xx_it.o
                0x00000000080028fc                TIM3_IRQHandler
 .text.USART3_IRQHandler
                0x0000000008002910       0x14 ./Core/Src/stm32f1xx_it.o
                0x0000000008002910                USART3_IRQHandler
 .text.SystemInit
                0x0000000008002924        0xc ./Core/Src/system_stm32f1xx.o
                0x0000000008002924                SystemInit
 .text.Reset_Handler
                0x0000000008002930       0x48 ./Core/Startup/startup_stm32f103c8tx.o
                0x0000000008002930                Reset_Handler
 .text.Default_Handler
                0x0000000008002978        0x2 ./Core/Startup/startup_stm32f103c8tx.o
                0x0000000008002978                RTC_Alarm_IRQHandler
                0x0000000008002978                EXTI2_IRQHandler
                0x0000000008002978                PVD_IRQHandler
                0x0000000008002978                EXTI0_IRQHandler
                0x0000000008002978                I2C2_EV_IRQHandler
                0x0000000008002978                ADC1_2_IRQHandler
                0x0000000008002978                SPI1_IRQHandler
                0x0000000008002978                TAMPER_IRQHandler
                0x0000000008002978                DMA1_Channel4_IRQHandler
                0x0000000008002978                RTC_IRQHandler
                0x0000000008002978                DMA1_Channel7_IRQHandler
                0x0000000008002978                CAN1_RX1_IRQHandler
                0x0000000008002978                TIM4_IRQHandler
                0x0000000008002978                I2C1_EV_IRQHandler
                0x0000000008002978                DMA1_Channel6_IRQHandler
                0x0000000008002978                RCC_IRQHandler
                0x0000000008002978                Default_Handler
                0x0000000008002978                EXTI15_10_IRQHandler
                0x0000000008002978                SPI2_IRQHandler
                0x0000000008002978                DMA1_Channel5_IRQHandler
                0x0000000008002978                EXTI4_IRQHandler
                0x0000000008002978                USB_HP_CAN1_TX_IRQHandler
                0x0000000008002978                DMA1_Channel3_IRQHandler
                0x0000000008002978                WWDG_IRQHandler
                0x0000000008002978                TIM2_IRQHandler
                0x0000000008002978                EXTI1_IRQHandler
                0x0000000008002978                USART2_IRQHandler
                0x0000000008002978                I2C2_ER_IRQHandler
                0x0000000008002978                DMA1_Channel2_IRQHandler
                0x0000000008002978                CAN1_SCE_IRQHandler
                0x0000000008002978                FLASH_IRQHandler
                0x0000000008002978                USART1_IRQHandler
                0x0000000008002978                I2C1_ER_IRQHandler
                0x0000000008002978                USBWakeUp_IRQHandler
 *fill*         0x000000000800297a        0x2 
 .text.HAL_Init
                0x000000000800297c       0x2c ./Drivers/STM32F1xx_HAL_Driver/Src/stm32f1xx_hal.o
                0x000000000800297c                HAL_Init
 .text.HAL_InitTick
                0x00000000080029a8       0x60 ./Drivers/STM32F1xx_HAL_Driver/Src/stm32f1xx_hal.o
                0x00000000080029a8                HAL_InitTick
 .text.HAL_IncTick
                0x0000000008002a08       0x24 ./Drivers/STM32F1xx_HAL_Driver/Src/stm32f1xx_hal.o
                0x0000000008002a08                HAL_IncTick
 .text.HAL_GetTick
                0x0000000008002a2c       0x14 ./Drivers/STM32F1xx_HAL_Driver/Src/stm32f1xx_hal.o
                0x0000000008002a2c                HAL_GetTick
 .text.HAL_Delay
                0x0000000008002a40       0x48 ./Drivers/STM32F1xx_HAL_Driver/Src/stm32f1xx_hal.o
                0x0000000008002a40                HAL_Delay
 .text.HAL_ADC_Init
                0x0000000008002a88      0x1b0 ./Drivers/STM32F1xx_HAL_Driver/Src/stm32f1xx_hal_adc.o
                0x0000000008002a88                HAL_ADC_Init
 .text.HAL_ADC_Start
                0x0000000008002c38      0x15c ./Drivers/STM32F1xx_HAL_Driver/Src/stm32f1xx_hal_adc.o
                0x0000000008002c38                HAL_ADC_Start
 .text.HAL_ADC_PollForConversion
                0x0000000008002d94      0x20c ./Drivers/STM32F1xx_HAL_Driver/Src/stm32f1xx_hal_adc.o
                0x0000000008002d94                HAL_ADC_PollForConversion
 .text.HAL_ADC_GetValue
                0x0000000008002fa0       0x18 ./Drivers/STM32F1xx_HAL_Driver/Src/stm32f1xx_hal_adc.o
                0x0000000008002fa0                HAL_ADC_GetValue
 .text.HAL_ADC_ConfigChannel
                0x0000000008002fb8      0x1f0 ./Drivers/STM32F1xx_HAL_Driver/Src/stm32f1xx_hal_adc.o
                0x0000000008002fb8                HAL_ADC_ConfigChannel
 .text.ADC_Enable
                0x00000000080031a8       0xb4 ./Drivers/STM32F1xx_HAL_Driver/Src/stm32f1xx_hal_adc.o
                0x00000000080031a8                ADC_Enable
 .text.ADC_ConversionStop_Disable
                0x000000000800325c       0x82 ./Drivers/STM32F1xx_HAL_Driver/Src/stm32f1xx_hal_adc.o
                0x000000000800325c                ADC_ConversionStop_Disable
 .text.HAL_CAN_Init
                0x00000000080032de      0x1f6 ./Drivers/STM32F1xx_HAL_Driver/Src/stm32f1xx_hal_can.o
                0x00000000080032de                HAL_CAN_Init
 .text.HAL_CAN_ConfigFilter
                0x00000000080034d4      0x192 ./Drivers/STM32F1xx_HAL_Driver/Src/stm32f1xx_hal_can.o
                0x00000000080034d4                HAL_CAN_ConfigFilter
 .text.HAL_CAN_Start
                0x0000000008003666       0x88 ./Drivers/STM32F1xx_HAL_Driver/Src/stm32f1xx_hal_can.o
                0x0000000008003666                HAL_CAN_Start
 .text.HAL_CAN_AddTxMessage
                0x00000000080036ee      0x19e ./Drivers/STM32F1xx_HAL_Driver/Src/stm32f1xx_hal_can.o
                0x00000000080036ee                HAL_CAN_AddTxMessage
 .text.HAL_CAN_GetRxMessage
                0x000000000800388c      0x242 ./Drivers/STM32F1xx_HAL_Driver/Src/stm32f1xx_hal_can.o
                0x000000000800388c                HAL_CAN_GetRxMessage
 .text.HAL_CAN_ActivateNotification
                0x0000000008003ace       0x4a ./Drivers/STM32F1xx_HAL_Driver/Src/stm32f1xx_hal_can.o
                0x0000000008003ace                HAL_CAN_ActivateNotification
 .text.HAL_CAN_IRQHandler
                0x0000000008003b18      0x36e ./Drivers/STM32F1xx_HAL_Driver/Src/stm32f1xx_hal_can.o
                0x0000000008003b18                HAL_CAN_IRQHandler
 .text.HAL_CAN_TxMailbox0CompleteCallback
                0x0000000008003e86       0x12 ./Drivers/STM32F1xx_HAL_Driver/Src/stm32f1xx_hal_can.o
                0x0000000008003e86                HAL_CAN_TxMailbox0CompleteCallback
 .text.HAL_CAN_TxMailbox1CompleteCallback
                0x0000000008003e98       0x12 ./Drivers/STM32F1xx_HAL_Driver/Src/stm32f1xx_hal_can.o
                0x0000000008003e98                HAL_CAN_TxMailbox1CompleteCallback
 .text.HAL_CAN_TxMailbox2CompleteCallback
                0x0000000008003eaa       0x12 ./Drivers/STM32F1xx_HAL_Driver/Src/stm32f1xx_hal_can.o
                0x0000000008003eaa                HAL_CAN_TxMailbox2CompleteCallback
 .text.HAL_CAN_TxMailbox0AbortCallback
                0x0000000008003ebc       0x12 ./Drivers/STM32F1xx_HAL_Driver/Src/stm32f1xx_hal_can.o
                0x0000000008003ebc                HAL_CAN_TxMailbox0AbortCallback
 .text.HAL_CAN_TxMailbox1AbortCallback
                0x0000000008003ece       0x12 ./Drivers/STM32F1xx_HAL_Driver/Src/stm32f1xx_hal_can.o
                0x0000000008003ece                HAL_CAN_TxMailbox1AbortCallback
 .text.HAL_CAN_TxMailbox2AbortCallback
                0x0000000008003ee0       0x12 ./Drivers/STM32F1xx_HAL_Driver/Src/stm32f1xx_hal_can.o
                0x0000000008003ee0                HAL_CAN_TxMailbox2AbortCallback
 .text.HAL_CAN_RxFifo0FullCallback
                0x0000000008003ef2       0x12 ./Drivers/STM32F1xx_HAL_Driver/Src/stm32f1xx_hal_can.o
                0x0000000008003ef2                HAL_CAN_RxFifo0FullCallback
 .text.HAL_CAN_RxFifo1MsgPendingCallback
                0x0000000008003f04       0x12 ./Drivers/STM32F1xx_HAL_Driver/Src/stm32f1xx_hal_can.o
                0x0000000008003f04                HAL_CAN_RxFifo1MsgPendingCallback
 .text.HAL_CAN_RxFifo1FullCallback
                0x0000000008003f16       0x12 ./Drivers/STM32F1xx_HAL_Driver/Src/stm32f1xx_hal_can.o
                0x0000000008003f16                HAL_CAN_RxFifo1FullCallback
 .text.HAL_CAN_SleepCallback
                0x0000000008003f28       0x12 ./Drivers/STM32F1xx_HAL_Driver/Src/stm32f1xx_hal_can.o
                0x0000000008003f28                HAL_CAN_SleepCallback
 .text.HAL_CAN_WakeUpFromRxMsgCallback
                0x0000000008003f3a       0x12 ./Drivers/STM32F1xx_HAL_Driver/Src/stm32f1xx_hal_can.o
                0x0000000008003f3a                HAL_CAN_WakeUpFromRxMsgCallback
 .text.HAL_CAN_ErrorCallback
                0x0000000008003f4c       0x12 ./Drivers/STM32F1xx_HAL_Driver/Src/stm32f1xx_hal_can.o
                0x0000000008003f4c                HAL_CAN_ErrorCallback
 *fill*         0x0000000008003f5e        0x2 
 .text.__NVIC_SetPriorityGrouping
                0x0000000008003f60       0x48 ./Drivers/STM32F1xx_HAL_Driver/Src/stm32f1xx_hal_cortex.o
 .text.__NVIC_GetPriorityGrouping
                0x0000000008003fa8       0x1c ./Drivers/STM32F1xx_HAL_Driver/Src/stm32f1xx_hal_cortex.o
 .text.__NVIC_EnableIRQ
                0x0000000008003fc4       0x38 ./Drivers/STM32F1xx_HAL_Driver/Src/stm32f1xx_hal_cortex.o
 .text.__NVIC_SetPriority
                0x0000000008003ffc       0x54 ./Drivers/STM32F1xx_HAL_Driver/Src/stm32f1xx_hal_cortex.o
 .text.NVIC_EncodePriority
                0x0000000008004050       0x64 ./Drivers/STM32F1xx_HAL_Driver/Src/stm32f1xx_hal_cortex.o
 .text.SysTick_Config
                0x00000000080040b4       0x44 ./Drivers/STM32F1xx_HAL_Driver/Src/stm32f1xx_hal_cortex.o
 .text.HAL_NVIC_SetPriorityGrouping
                0x00000000080040f8       0x16 ./Drivers/STM32F1xx_HAL_Driver/Src/stm32f1xx_hal_cortex.o
                0x00000000080040f8                HAL_NVIC_SetPriorityGrouping
 .text.HAL_NVIC_SetPriority
                0x000000000800410e       0x38 ./Drivers/STM32F1xx_HAL_Driver/Src/stm32f1xx_hal_cortex.o
                0x000000000800410e                HAL_NVIC_SetPriority
 .text.HAL_NVIC_EnableIRQ
                0x0000000008004146       0x1c ./Drivers/STM32F1xx_HAL_Driver/Src/stm32f1xx_hal_cortex.o
                0x0000000008004146                HAL_NVIC_EnableIRQ
 .text.HAL_SYSTICK_Config
                0x0000000008004162       0x18 ./Drivers/STM32F1xx_HAL_Driver/Src/stm32f1xx_hal_cortex.o
                0x0000000008004162                HAL_SYSTICK_Config
 *fill*         0x000000000800417a        0x2 
 .text.HAL_DMA_Init
                0x000000000800417c       0xb4 ./Drivers/STM32F1xx_HAL_Driver/Src/stm32f1xx_hal_dma.o
                0x000000000800417c                HAL_DMA_Init
 .text.HAL_DMA_Start_IT
                0x0000000008004230       0xc0 ./Drivers/STM32F1xx_HAL_Driver/Src/stm32f1xx_hal_dma.o
                0x0000000008004230                HAL_DMA_Start_IT
 .text.HAL_DMA_Abort
                0x00000000080042f0       0x76 ./Drivers/STM32F1xx_HAL_Driver/Src/stm32f1xx_hal_dma.o
                0x00000000080042f0                HAL_DMA_Abort
 *fill*         0x0000000008004366        0x2 
 .text.HAL_DMA_Abort_IT
                0x0000000008004368       0xf0 ./Drivers/STM32F1xx_HAL_Driver/Src/stm32f1xx_hal_dma.o
                0x0000000008004368                HAL_DMA_Abort_IT
 .text.HAL_DMA_IRQHandler
                0x0000000008004458      0x20c ./Drivers/STM32F1xx_HAL_Driver/Src/stm32f1xx_hal_dma.o
                0x0000000008004458                HAL_DMA_IRQHandler
 .text.DMA_SetConfig
                0x0000000008004664       0x5a ./Drivers/STM32F1xx_HAL_Driver/Src/stm32f1xx_hal_dma.o
 *fill*         0x00000000080046be        0x2 
 .text.HAL_GPIO_Init
                0x00000000080046c0      0x308 ./Drivers/STM32F1xx_HAL_Driver/Src/stm32f1xx_hal_gpio.o
                0x00000000080046c0                HAL_GPIO_Init
 .text.HAL_GPIO_ReadPin
                0x00000000080049c8       0x2e ./Drivers/STM32F1xx_HAL_Driver/Src/stm32f1xx_hal_gpio.o
                0x00000000080049c8                HAL_GPIO_ReadPin
 .text.HAL_GPIO_WritePin
                0x00000000080049f6       0x30 ./Drivers/STM32F1xx_HAL_Driver/Src/stm32f1xx_hal_gpio.o
                0x00000000080049f6                HAL_GPIO_WritePin
 *fill*         0x0000000008004a26        0x2 
 .text.HAL_GPIO_EXTI_IRQHandler
                0x0000000008004a28       0x30 ./Drivers/STM32F1xx_HAL_Driver/Src/stm32f1xx_hal_gpio.o
                0x0000000008004a28                HAL_GPIO_EXTI_IRQHandler
 .text.HAL_RCC_OscConfig
                0x0000000008004a58      0x504 ./Drivers/STM32F1xx_HAL_Driver/Src/stm32f1xx_hal_rcc.o
                0x0000000008004a58                HAL_RCC_OscConfig
 .text.HAL_RCC_ClockConfig
                0x0000000008004f5c      0x1d4 ./Drivers/STM32F1xx_HAL_Driver/Src/stm32f1xx_hal_rcc.o
                0x0000000008004f5c                HAL_RCC_ClockConfig
 .text.HAL_RCC_GetSysClockFreq
                0x0000000008005130       0xac ./Drivers/STM32F1xx_HAL_Driver/Src/stm32f1xx_hal_rcc.o
                0x0000000008005130                HAL_RCC_GetSysClockFreq
 .text.HAL_RCC_GetHCLKFreq
                0x00000000080051dc       0x14 ./Drivers/STM32F1xx_HAL_Driver/Src/stm32f1xx_hal_rcc.o
                0x00000000080051dc                HAL_RCC_GetHCLKFreq
 .text.HAL_RCC_GetPCLK1Freq
                0x00000000080051f0       0x28 ./Drivers/STM32F1xx_HAL_Driver/Src/stm32f1xx_hal_rcc.o
                0x00000000080051f0                HAL_RCC_GetPCLK1Freq
 .text.HAL_RCC_GetPCLK2Freq
                0x0000000008005218       0x28 ./Drivers/STM32F1xx_HAL_Driver/Src/stm32f1xx_hal_rcc.o
                0x0000000008005218                HAL_RCC_GetPCLK2Freq
 .text.RCC_Delay
                0x0000000008005240       0x3c ./Drivers/STM32F1xx_HAL_Driver/Src/stm32f1xx_hal_rcc.o
 .text.HAL_RCCEx_PeriphCLKConfig
                0x000000000800527c      0x16c ./Drivers/STM32F1xx_HAL_Driver/Src/stm32f1xx_hal_rcc_ex.o
                0x000000000800527c                HAL_RCCEx_PeriphCLKConfig
 .text.HAL_RCCEx_GetPeriphCLKFreq
                0x00000000080053e8      0x16c ./Drivers/STM32F1xx_HAL_Driver/Src/stm32f1xx_hal_rcc_ex.o
                0x00000000080053e8                HAL_RCCEx_GetPeriphCLKFreq
 .text.HAL_TIM_PWM_Init
                0x0000000008005554       0x9e ./Drivers/STM32F1xx_HAL_Driver/Src/stm32f1xx_hal_tim.o
                0x0000000008005554                HAL_TIM_PWM_Init
 *fill*         0x00000000080055f2        0x2 
 .text.HAL_TIM_PWM_Start_DMA
                0x00000000080055f4      0x344 ./Drivers/STM32F1xx_HAL_Driver/Src/stm32f1xx_hal_tim.o
                0x00000000080055f4                HAL_TIM_PWM_Start_DMA
 .text.HAL_TIM_PWM_Stop_DMA
                0x0000000008005938      0x18c ./Drivers/STM32F1xx_HAL_Driver/Src/stm32f1xx_hal_tim.o
                0x0000000008005938                HAL_TIM_PWM_Stop_DMA
 .text.HAL_TIM_Encoder_Init
                0x0000000008005ac4      0x144 ./Drivers/STM32F1xx_HAL_Driver/Src/stm32f1xx_hal_tim.o
                0x0000000008005ac4                HAL_TIM_Encoder_Init
 .text.HAL_TIM_Encoder_Start_IT
                0x0000000008005c08      0x15c ./Drivers/STM32F1xx_HAL_Driver/Src/stm32f1xx_hal_tim.o
                0x0000000008005c08                HAL_TIM_Encoder_Start_IT
 .text.HAL_TIM_IRQHandler
                0x0000000008005d64      0x210 ./Drivers/STM32F1xx_HAL_Driver/Src/stm32f1xx_hal_tim.o
                0x0000000008005d64                HAL_TIM_IRQHandler
 .text.HAL_TIM_PWM_ConfigChannel
                0x0000000008005f74      0x184 ./Drivers/STM32F1xx_HAL_Driver/Src/stm32f1xx_hal_tim.o
                0x0000000008005f74                HAL_TIM_PWM_ConfigChannel
 .text.HAL_TIM_PeriodElapsedCallback
                0x00000000080060f8       0x12 ./Drivers/STM32F1xx_HAL_Driver/Src/stm32f1xx_hal_tim.o
                0x00000000080060f8                HAL_TIM_PeriodElapsedCallback
 .text.HAL_TIM_OC_DelayElapsedCallback
                0x000000000800610a       0x12 ./Drivers/STM32F1xx_HAL_Driver/Src/stm32f1xx_hal_tim.o
                0x000000000800610a                HAL_TIM_OC_DelayElapsedCallback
 .text.HAL_TIM_PWM_PulseFinishedHalfCpltCallback
                0x000000000800611c       0x12 ./Drivers/STM32F1xx_HAL_Driver/Src/stm32f1xx_hal_tim.o
                0x000000000800611c                HAL_TIM_PWM_PulseFinishedHalfCpltCallback
 .text.HAL_TIM_TriggerCallback
                0x000000000800612e       0x12 ./Drivers/STM32F1xx_HAL_Driver/Src/stm32f1xx_hal_tim.o
                0x000000000800612e                HAL_TIM_TriggerCallback
 .text.HAL_TIM_ErrorCallback
                0x0000000008006140       0x12 ./Drivers/STM32F1xx_HAL_Driver/Src/stm32f1xx_hal_tim.o
                0x0000000008006140                HAL_TIM_ErrorCallback
 .text.TIM_DMAError
                0x0000000008006152       0x92 ./Drivers/STM32F1xx_HAL_Driver/Src/stm32f1xx_hal_tim.o
                0x0000000008006152                TIM_DMAError
 .text.TIM_DMADelayPulseCplt
                0x00000000080061e4       0xa8 ./Drivers/STM32F1xx_HAL_Driver/Src/stm32f1xx_hal_tim.o
 .text.TIM_DMADelayPulseHalfCplt
                0x000000000800628c       0x68 ./Drivers/STM32F1xx_HAL_Driver/Src/stm32f1xx_hal_tim.o
                0x000000000800628c                TIM_DMADelayPulseHalfCplt
 .text.TIM_Base_SetConfig
                0x00000000080062f4       0xc4 ./Drivers/STM32F1xx_HAL_Driver/Src/stm32f1xx_hal_tim.o
                0x00000000080062f4                TIM_Base_SetConfig
 .text.TIM_OC1_SetConfig
                0x00000000080063b8       0xcc ./Drivers/STM32F1xx_HAL_Driver/Src/stm32f1xx_hal_tim.o
 .text.TIM_OC2_SetConfig
                0x0000000008006484       0xd4 ./Drivers/STM32F1xx_HAL_Driver/Src/stm32f1xx_hal_tim.o
                0x0000000008006484                TIM_OC2_SetConfig
 .text.TIM_OC3_SetConfig
                0x0000000008006558       0xd4 ./Drivers/STM32F1xx_HAL_Driver/Src/stm32f1xx_hal_tim.o
 .text.TIM_OC4_SetConfig
                0x000000000800662c       0x9c ./Drivers/STM32F1xx_HAL_Driver/Src/stm32f1xx_hal_tim.o
 .text.TIM_CCxChannelCmd
                0x00000000080066c8       0x48 ./Drivers/STM32F1xx_HAL_Driver/Src/stm32f1xx_hal_tim.o
                0x00000000080066c8                TIM_CCxChannelCmd
 .text.HAL_TIMEx_MasterConfigSynchronization
                0x0000000008006710       0xbc ./Drivers/STM32F1xx_HAL_Driver/Src/stm32f1xx_hal_tim_ex.o
                0x0000000008006710                HAL_TIMEx_MasterConfigSynchronization
 .text.HAL_TIMEx_CommutCallback
                0x00000000080067cc       0x12 ./Drivers/STM32F1xx_HAL_Driver/Src/stm32f1xx_hal_tim_ex.o
                0x00000000080067cc                HAL_TIMEx_CommutCallback
 .text.HAL_TIMEx_BreakCallback
                0x00000000080067de       0x12 ./Drivers/STM32F1xx_HAL_Driver/Src/stm32f1xx_hal_tim_ex.o
                0x00000000080067de                HAL_TIMEx_BreakCallback
 .text.HAL_UART_Init
                0x00000000080067f0       0xa0 ./Drivers/STM32F1xx_HAL_Driver/Src/stm32f1xx_hal_uart.o
                0x00000000080067f0                HAL_UART_Init
 .text.HAL_UART_Transmit
                0x0000000008006890      0x106 ./Drivers/STM32F1xx_HAL_Driver/Src/stm32f1xx_hal_uart.o
                0x0000000008006890                HAL_UART_Transmit
 *fill*         0x0000000008006996        0x2 
 .text.HAL_UART_IRQHandler
                0x0000000008006998      0x524 ./Drivers/STM32F1xx_HAL_Driver/Src/stm32f1xx_hal_uart.o
                0x0000000008006998                HAL_UART_IRQHandler
 .text.HAL_UART_TxCpltCallback
                0x0000000008006ebc       0x12 ./Drivers/STM32F1xx_HAL_Driver/Src/stm32f1xx_hal_uart.o
                0x0000000008006ebc                HAL_UART_TxCpltCallback
 .text.HAL_UART_RxCpltCallback
                0x0000000008006ece       0x12 ./Drivers/STM32F1xx_HAL_Driver/Src/stm32f1xx_hal_uart.o
                0x0000000008006ece                HAL_UART_RxCpltCallback
 .text.HAL_UART_ErrorCallback
                0x0000000008006ee0       0x12 ./Drivers/STM32F1xx_HAL_Driver/Src/stm32f1xx_hal_uart.o
                0x0000000008006ee0                HAL_UART_ErrorCallback
 .text.HAL_UARTEx_RxEventCallback
                0x0000000008006ef2       0x16 ./Drivers/STM32F1xx_HAL_Driver/Src/stm32f1xx_hal_uart.o
                0x0000000008006ef2                HAL_UARTEx_RxEventCallback
 .text.UART_WaitOnFlagUntilTimeout
                0x0000000008006f08       0xdc ./Drivers/STM32F1xx_HAL_Driver/Src/stm32f1xx_hal_uart.o
 .text.UART_EndRxTransfer
                0x0000000008006fe4       0xc4 ./Drivers/STM32F1xx_HAL_Driver/Src/stm32f1xx_hal_uart.o
 .text.UART_DMAAbortOnError
                0x00000000080070a8       0x28 ./Drivers/STM32F1xx_HAL_Driver/Src/stm32f1xx_hal_uart.o
 .text.UART_Transmit_IT
                0x00000000080070d0       0x9e ./Drivers/STM32F1xx_HAL_Driver/Src/stm32f1xx_hal_uart.o
 .text.UART_EndTransmit_IT
                0x000000000800716e       0x30 ./Drivers/STM32F1xx_HAL_Driver/Src/stm32f1xx_hal_uart.o
 .text.UART_Receive_IT
                0x000000000800719e      0x17c ./Drivers/STM32F1xx_HAL_Driver/Src/stm32f1xx_hal_uart.o
 *fill*         0x000000000800731a        0x2 
 .text.UART_SetConfig
                0x000000000800731c      0x11c ./Drivers/STM32F1xx_HAL_Driver/Src/stm32f1xx_hal_uart.o
 .text.__libc_init_array
                0x0000000008007438       0x48 c:/st/stm32cubeide_1.11.0/stm32cubeide/plugins/com.st.stm32cube.ide.mcu.externaltools.gnu-tools-for-stm32.10.3-2021.10.win32_1.0.100.202210260954/tools/bin/../lib/gcc/arm-none-eabi/10.3.1/../../../../arm-none-eabi/lib/thumb/v7-m/nofp\libc_nano.a(lib_a-init.o)
                0x0000000008007438                __libc_init_array
 .text.memset   0x0000000008007480       0x10 c:/st/stm32cubeide_1.11.0/stm32cubeide/plugins/com.st.stm32cube.ide.mcu.externaltools.gnu-tools-for-stm32.10.3-2021.10.win32_1.0.100.202210260954/tools/bin/../lib/gcc/arm-none-eabi/10.3.1/../../../../arm-none-eabi/lib/thumb/v7-m/nofp\libc_nano.a(lib_a-memset.o)
                0x0000000008007480                memset
 .text.tan      0x0000000008007490       0x54 c:/st/stm32cubeide_1.11.0/stm32cubeide/plugins/com.st.stm32cube.ide.mcu.externaltools.gnu-tools-for-stm32.10.3-2021.10.win32_1.0.100.202210260954/tools/bin/../lib/gcc/arm-none-eabi/10.3.1/../../../../arm-none-eabi/lib/thumb/v7-m/nofp\libm.a(lib_a-s_tan.o)
                0x0000000008007490                tan
 *fill*         0x00000000080074e4        0x4 
 .text.__ieee754_rem_pio2
                0x00000000080074e8      0x3f0 c:/st/stm32cubeide_1.11.0/stm32cubeide/plugins/com.st.stm32cube.ide.mcu.externaltools.gnu-tools-for-stm32.10.3-2021.10.win32_1.0.100.202210260954/tools/bin/../lib/gcc/arm-none-eabi/10.3.1/../../../../arm-none-eabi/lib/thumb/v7-m/nofp\libm.a(lib_a-e_rem_pio2.o)
                0x00000000080074e8                __ieee754_rem_pio2
 .text.__kernel_rem_pio2
                0x00000000080078d8      0x684 c:/st/stm32cubeide_1.11.0/stm32cubeide/plugins/com.st.stm32cube.ide.mcu.externaltools.gnu-tools-for-stm32.10.3-2021.10.win32_1.0.100.202210260954/tools/bin/../lib/gcc/arm-none-eabi/10.3.1/../../../../arm-none-eabi/lib/thumb/v7-m/nofp\libm.a(lib_a-k_rem_pio2.o)
                0x00000000080078d8                __kernel_rem_pio2
 *fill*         0x0000000008007f5c        0x4 
 .text.__kernel_tan
                0x0000000008007f60      0x3f8 c:/st/stm32cubeide_1.11.0/stm32cubeide/plugins/com.st.stm32cube.ide.mcu.externaltools.gnu-tools-for-stm32.10.3-2021.10.win32_1.0.100.202210260954/tools/bin/../lib/gcc/arm-none-eabi/10.3.1/../../../../arm-none-eabi/lib/thumb/v7-m/nofp\libm.a(lib_a-k_tan.o)
                0x0000000008007f60                __kernel_tan
 .text.fabs     0x0000000008008358        0x6 c:/st/stm32cubeide_1.11.0/stm32cubeide/plugins/com.st.stm32cube.ide.mcu.externaltools.gnu-tools-for-stm32.10.3-2021.10.win32_1.0.100.202210260954/tools/bin/../lib/gcc/arm-none-eabi/10.3.1/../../../../arm-none-eabi/lib/thumb/v7-m/nofp\libm.a(lib_a-s_fabs.o)
                0x0000000008008358                fabs
 *fill*         0x000000000800835e        0x2 
 .text.floor    0x0000000008008360      0x100 c:/st/stm32cubeide_1.11.0/stm32cubeide/plugins/com.st.stm32cube.ide.mcu.externaltools.gnu-tools-for-stm32.10.3-2021.10.win32_1.0.100.202210260954/tools/bin/../lib/gcc/arm-none-eabi/10.3.1/../../../../arm-none-eabi/lib/thumb/v7-m/nofp\libm.a(lib_a-s_floor.o)
                0x0000000008008360                floor
 .text.scalbn   0x0000000008008460       0xfc c:/st/stm32cubeide_1.11.0/stm32cubeide/plugins/com.st.stm32cube.ide.mcu.externaltools.gnu-tools-for-stm32.10.3-2021.10.win32_1.0.100.202210260954/tools/bin/../lib/gcc/arm-none-eabi/10.3.1/../../../../arm-none-eabi/lib/thumb/v7-m/nofp\libm.a(lib_a-s_scalbn.o)
                0x0000000008008460                scalbn
 *(.glue_7)
 .glue_7        0x000000000800855c        0x0 linker stubs
 *(.glue_7t)
 .glue_7t       0x000000000800855c        0x0 linker stubs
 *(.eh_frame)
 .eh_frame      0x000000000800855c        0x0 c:/st/stm32cubeide_1.11.0/stm32cubeide/plugins/com.st.stm32cube.ide.mcu.externaltools.gnu-tools-for-stm32.10.3-2021.10.win32_1.0.100.202210260954/tools/bin/../lib/gcc/arm-none-eabi/10.3.1/thumb/v7-m/nofp/crtbegin.o
 *(.init)
 .init          0x000000000800855c        0x4 c:/st/stm32cubeide_1.11.0/stm32cubeide/plugins/com.st.stm32cube.ide.mcu.externaltools.gnu-tools-for-stm32.10.3-2021.10.win32_1.0.100.202210260954/tools/bin/../lib/gcc/arm-none-eabi/10.3.1/thumb/v7-m/nofp/crti.o
                0x000000000800855c                _init
 .init          0x0000000008008560        0x8 c:/st/stm32cubeide_1.11.0/stm32cubeide/plugins/com.st.stm32cube.ide.mcu.externaltools.gnu-tools-for-stm32.10.3-2021.10.win32_1.0.100.202210260954/tools/bin/../lib/gcc/arm-none-eabi/10.3.1/thumb/v7-m/nofp/crtn.o
 *(.fini)
 .fini          0x0000000008008568        0x4 c:/st/stm32cubeide_1.11.0/stm32cubeide/plugins/com.st.stm32cube.ide.mcu.externaltools.gnu-tools-for-stm32.10.3-2021.10.win32_1.0.100.202210260954/tools/bin/../lib/gcc/arm-none-eabi/10.3.1/thumb/v7-m/nofp/crti.o
                0x0000000008008568                _fini
 .fini          0x000000000800856c        0x8 c:/st/stm32cubeide_1.11.0/stm32cubeide/plugins/com.st.stm32cube.ide.mcu.externaltools.gnu-tools-for-stm32.10.3-2021.10.win32_1.0.100.202210260954/tools/bin/../lib/gcc/arm-none-eabi/10.3.1/thumb/v7-m/nofp/crtn.o
                0x0000000008008574                . = ALIGN (0x4)
                0x0000000008008574                _etext = .

.vfp11_veneer   0x0000000008008574        0x0
 .vfp11_veneer  0x0000000008008574        0x0 linker stubs

.v4_bx          0x0000000008008574        0x0
 .v4_bx         0x0000000008008574        0x0 linker stubs

.iplt           0x0000000008008574        0x0
 .iplt          0x0000000008008574        0x0 c:/st/stm32cubeide_1.11.0/stm32cubeide/plugins/com.st.stm32cube.ide.mcu.externaltools.gnu-tools-for-stm32.10.3-2021.10.win32_1.0.100.202210260954/tools/bin/../lib/gcc/arm-none-eabi/10.3.1/thumb/v7-m/nofp/crtbegin.o

.rodata         0x0000000008008578      0x218
                0x0000000008008578                . = ALIGN (0x4)
 *(.rodata)
 *(.rodata*)
 .rodata.AHBPrescTable
                0x0000000008008578       0x10 ./Core/Src/system_stm32f1xx.o
                0x0000000008008578                AHBPrescTable
 .rodata.APBPrescTable
                0x0000000008008588        0x8 ./Core/Src/system_stm32f1xx.o
                0x0000000008008588                APBPrescTable
 .rodata.aPLLMULFactorTable.1
                0x0000000008008590       0x10 ./Drivers/STM32F1xx_HAL_Driver/Src/stm32f1xx_hal_rcc.o
 .rodata.aPredivFactorTable.0
                0x00000000080085a0        0x2 ./Drivers/STM32F1xx_HAL_Driver/Src/stm32f1xx_hal_rcc.o
 *fill*         0x00000000080085a2        0x2 
 .rodata.aPLLMULFactorTable.1
                0x00000000080085a4       0x10 ./Drivers/STM32F1xx_HAL_Driver/Src/stm32f1xx_hal_rcc_ex.o
 .rodata.aPredivFactorTable.0
                0x00000000080085b4        0x2 ./Drivers/STM32F1xx_HAL_Driver/Src/stm32f1xx_hal_rcc_ex.o
 *fill*         0x00000000080085b6        0x2 
 .rodata.npio2_hw
                0x00000000080085b8       0x80 c:/st/stm32cubeide_1.11.0/stm32cubeide/plugins/com.st.stm32cube.ide.mcu.externaltools.gnu-tools-for-stm32.10.3-2021.10.win32_1.0.100.202210260954/tools/bin/../lib/gcc/arm-none-eabi/10.3.1/../../../../arm-none-eabi/lib/thumb/v7-m/nofp\libm.a(lib_a-e_rem_pio2.o)
 .rodata.two_over_pi
                0x0000000008008638      0x108 c:/st/stm32cubeide_1.11.0/stm32cubeide/plugins/com.st.stm32cube.ide.mcu.externaltools.gnu-tools-for-stm32.10.3-2021.10.win32_1.0.100.202210260954/tools/bin/../lib/gcc/arm-none-eabi/10.3.1/../../../../arm-none-eabi/lib/thumb/v7-m/nofp\libm.a(lib_a-e_rem_pio2.o)
 .rodata.PIo2   0x0000000008008740       0x40 c:/st/stm32cubeide_1.11.0/stm32cubeide/plugins/com.st.stm32cube.ide.mcu.externaltools.gnu-tools-for-stm32.10.3-2021.10.win32_1.0.100.202210260954/tools/bin/../lib/gcc/arm-none-eabi/10.3.1/../../../../arm-none-eabi/lib/thumb/v7-m/nofp\libm.a(lib_a-k_rem_pio2.o)
 .rodata.init_jk
                0x0000000008008780       0x10 c:/st/stm32cubeide_1.11.0/stm32cubeide/plugins/com.st.stm32cube.ide.mcu.externaltools.gnu-tools-for-stm32.10.3-2021.10.win32_1.0.100.202210260954/tools/bin/../lib/gcc/arm-none-eabi/10.3.1/../../../../arm-none-eabi/lib/thumb/v7-m/nofp\libm.a(lib_a-k_rem_pio2.o)
                0x0000000008008790                . = ALIGN (0x4)

.rel.dyn        0x0000000008008790        0x0
 .rel.iplt      0x0000000008008790        0x0 c:/st/stm32cubeide_1.11.0/stm32cubeide/plugins/com.st.stm32cube.ide.mcu.externaltools.gnu-tools-for-stm32.10.3-2021.10.win32_1.0.100.202210260954/tools/bin/../lib/gcc/arm-none-eabi/10.3.1/thumb/v7-m/nofp/crtbegin.o

.ARM.extab      0x0000000008008790        0x0
                0x0000000008008790                . = ALIGN (0x4)
 *(.ARM.extab* .gnu.linkonce.armextab.*)
                0x0000000008008790                . = ALIGN (0x4)

.ARM            0x0000000008008790        0x0
                0x0000000008008790                . = ALIGN (0x4)
                0x0000000008008790                __exidx_start = .
 *(.ARM.exidx*)
                0x0000000008008790                __exidx_end = .
                0x0000000008008790                . = ALIGN (0x4)

.preinit_array  0x0000000008008790        0x0
                0x0000000008008790                . = ALIGN (0x4)
                0x0000000008008790                PROVIDE (__preinit_array_start = .)
 *(.preinit_array*)
                0x0000000008008790                PROVIDE (__preinit_array_end = .)
                0x0000000008008790                . = ALIGN (0x4)

.init_array     0x0000000008008790        0x4
                0x0000000008008790                . = ALIGN (0x4)
                0x0000000008008790                PROVIDE (__init_array_start = .)
 *(SORT_BY_NAME(.init_array.*))
 *(.init_array*)
 .init_array    0x0000000008008790        0x4 c:/st/stm32cubeide_1.11.0/stm32cubeide/plugins/com.st.stm32cube.ide.mcu.externaltools.gnu-tools-for-stm32.10.3-2021.10.win32_1.0.100.202210260954/tools/bin/../lib/gcc/arm-none-eabi/10.3.1/thumb/v7-m/nofp/crtbegin.o
                0x0000000008008794                PROVIDE (__init_array_end = .)
                0x0000000008008794                . = ALIGN (0x4)

.fini_array     0x0000000008008794        0x4
                0x0000000008008794                . = ALIGN (0x4)
                [!provide]                        PROVIDE (__fini_array_start = .)
 *(SORT_BY_NAME(.fini_array.*))
 *(.fini_array*)
 .fini_array    0x0000000008008794        0x4 c:/st/stm32cubeide_1.11.0/stm32cubeide/plugins/com.st.stm32cube.ide.mcu.externaltools.gnu-tools-for-stm32.10.3-2021.10.win32_1.0.100.202210260954/tools/bin/../lib/gcc/arm-none-eabi/10.3.1/thumb/v7-m/nofp/crtbegin.o
                [!provide]                        PROVIDE (__fini_array_end = .)
                0x0000000008008798                . = ALIGN (0x4)
                0x0000000008008798                _sidata = LOADADDR (.data)

.data           0x0000000020000000       0x10 load address 0x0000000008008798
                0x0000000020000000                . = ALIGN (0x4)
                0x0000000020000000                _sdata = .
 *(.data)
 *(.data*)
 .data.neutral_upshift_time
                0x0000000020000000        0x1 ./Core/Src/main.o
                0x0000000020000000                neutral_upshift_time
 *fill*         0x0000000020000001        0x3 
 .data.SystemCoreClock
                0x0000000020000004        0x4 ./Core/Src/system_stm32f1xx.o
                0x0000000020000004                SystemCoreClock
 .data.uwTickPrio
                0x0000000020000008        0x4 ./Drivers/STM32F1xx_HAL_Driver/Src/stm32f1xx_hal.o
                0x0000000020000008                uwTickPrio
 .data.uwTickFreq
                0x000000002000000c        0x1 ./Drivers/STM32F1xx_HAL_Driver/Src/stm32f1xx_hal.o
                0x000000002000000c                uwTickFreq
 *(.RamFunc)
 *(.RamFunc*)
                0x0000000020000010                . = ALIGN (0x4)
 *fill*         0x000000002000000d        0x3 
                0x0000000020000010                _edata = .

.igot.plt       0x0000000020000010        0x0 load address 0x00000000080087a8
 .igot.plt      0x0000000020000010        0x0 c:/st/stm32cubeide_1.11.0/stm32cubeide/plugins/com.st.stm32cube.ide.mcu.externaltools.gnu-tools-for-stm32.10.3-2021.10.win32_1.0.100.202210260954/tools/bin/../lib/gcc/arm-none-eabi/10.3.1/thumb/v7-m/nofp/crtbegin.o
                0x0000000020000010                . = ALIGN (0x4)

.bss            0x0000000020000010      0x6c8 load address 0x00000000080087a8
                0x0000000020000010                _sbss = .
                0x0000000020000010                __bss_start__ = _sbss
 *(.bss)
 .bss           0x0000000020000010       0x1c c:/st/stm32cubeide_1.11.0/stm32cubeide/plugins/com.st.stm32cube.ide.mcu.externaltools.gnu-tools-for-stm32.10.3-2021.10.win32_1.0.100.202210260954/tools/bin/../lib/gcc/arm-none-eabi/10.3.1/thumb/v7-m/nofp/crtbegin.o
 *(.bss*)
 .bss.hadc1     0x000000002000002c       0x30 ./Core/Src/main.o
                0x000000002000002c                hadc1
 .bss.hcan      0x000000002000005c       0x28 ./Core/Src/main.o
                0x000000002000005c                hcan
 .bss.htim1     0x0000000020000084       0x48 ./Core/Src/main.o
                0x0000000020000084                htim1
 .bss.htim2     0x00000000200000cc       0x48 ./Core/Src/main.o
                0x00000000200000cc                htim2
 .bss.htim3     0x0000000020000114       0x48 ./Core/Src/main.o
                0x0000000020000114                htim3
 .bss.hdma_tim2_ch3
                0x000000002000015c       0x44 ./Core/Src/main.o
                0x000000002000015c                hdma_tim2_ch3
 .bss.huart3    0x00000000200001a0       0x48 ./Core/Src/main.o
                0x00000000200001a0                huart3
 .bss.TxHeader  0x00000000200001e8       0x18 ./Core/Src/main.o
                0x00000000200001e8                TxHeader
 .bss.RxHeader  0x0000000020000200       0x1c ./Core/Src/main.o
                0x0000000020000200                RxHeader
 .bss.TxMailbox
                0x000000002000021c        0x4 ./Core/Src/main.o
                0x000000002000021c                TxMailbox
 .bss.TxData    0x0000000020000220        0x8 ./Core/Src/main.o
                0x0000000020000220                TxData
 .bss.RxData    0x0000000020000228        0x8 ./Core/Src/main.o
                0x0000000020000228                RxData
 .bss.LED_Data  0x0000000020000230       0x40 ./Core/Src/main.o
                0x0000000020000230                LED_Data
 .bss.LED_Mod   0x0000000020000270       0x40 ./Core/Src/main.o
                0x0000000020000270                LED_Mod
 .bss.RearBrakePress2
                0x00000000200002b0        0x4 ./Core/Src/main.o
                0x00000000200002b0                RearBrakePress2
 .bss.FrontBrakePress2
                0x00000000200002b4        0x4 ./Core/Src/main.o
                0x00000000200002b4                FrontBrakePress2
 .bss.CHASSIS_TEMP
                0x00000000200002b8        0x4 ./Core/Src/main.o
                0x00000000200002b8                CHASSIS_TEMP
 .bss.brake_bias
                0x00000000200002bc        0x4 ./Core/Src/main.o
                0x00000000200002bc                brake_bias
 .bss.Lambda    0x00000000200002c0        0x4 ./Core/Src/main.o
                0x00000000200002c0                Lambda
 .bss.cnt       0x00000000200002c4        0x4 ./Core/Src/main.o
                0x00000000200002c4                cnt
 .bss.cnt2      0x00000000200002c8        0x4 ./Core/Src/main.o
                0x00000000200002c8                cnt2
 .bss.datasentflag
                0x00000000200002cc        0x4 ./Core/Src/main.o
                0x00000000200002cc                datasentflag
 .bss.launch_sw
                0x00000000200002d0        0x4 ./Core/Src/main.o
                0x00000000200002d0                launch_sw
 .bss.launch    0x00000000200002d4        0x4 ./Core/Src/main.o
                0x00000000200002d4                launch
 .bss.ecu_map   0x00000000200002d8        0x4 ./Core/Src/main.o
                0x00000000200002d8                ecu_map
 .bss.old_ecu_map
                0x00000000200002dc        0x4 ./Core/Src/main.o
                0x00000000200002dc                old_ecu_map
 .bss.old_launch
                0x00000000200002e0        0x4 ./Core/Src/main.o
                0x00000000200002e0                old_launch
 .bss.launch_changed
                0x00000000200002e4        0x4 ./Core/Src/main.o
                0x00000000200002e4                launch_changed
 .bss.changed_up
                0x00000000200002e8        0x1 ./Core/Src/main.o
                0x00000000200002e8                changed_up
 .bss.TPS       0x00000000200002e9        0x1 ./Core/Src/main.o
                0x00000000200002e9                TPS
 .bss.TPS1      0x00000000200002ea        0x1 ./Core/Src/main.o
                0x00000000200002ea                TPS1
 .bss.RPM       0x00000000200002eb        0x1 ./Core/Src/main.o
                0x00000000200002eb                RPM
 .bss.RPM1      0x00000000200002ec        0x1 ./Core/Src/main.o
                0x00000000200002ec                RPM1
 .bss.MAP       0x00000000200002ed        0x1 ./Core/Src/main.o
                0x00000000200002ed                MAP
 .bss.MAP1      0x00000000200002ee        0x1 ./Core/Src/main.o
                0x00000000200002ee                MAP1
 .bss.IAT       0x00000000200002ef        0x1 ./Core/Src/main.o
                0x00000000200002ef                IAT
 .bss.IAT1      0x00000000200002f0        0x1 ./Core/Src/main.o
                0x00000000200002f0                IAT1
 .bss.FP        0x00000000200002f1        0x1 ./Core/Src/main.o
                0x00000000200002f1                FP
 .bss.FP1       0x00000000200002f2        0x1 ./Core/Src/main.o
                0x00000000200002f2                FP1
 .bss.OP        0x00000000200002f3        0x1 ./Core/Src/main.o
                0x00000000200002f3                OP
 .bss.OP1       0x00000000200002f4        0x1 ./Core/Src/main.o
                0x00000000200002f4                OP1
 .bss.Gear      0x00000000200002f5        0x1 ./Core/Src/main.o
                0x00000000200002f5                Gear
 .bss.LapTime   0x00000000200002f6        0x1 ./Core/Src/main.o
                0x00000000200002f6                LapTime
 .bss.LapTime1  0x00000000200002f7        0x1 ./Core/Src/main.o
                0x00000000200002f7                LapTime1
 .bss.FU        0x00000000200002f8        0x1 ./Core/Src/main.o
                0x00000000200002f8                FU
 .bss.FU1       0x00000000200002f9        0x1 ./Core/Src/main.o
                0x00000000200002f9                FU1
 .bss.FRWS      0x00000000200002fa        0x1 ./Core/Src/main.o
                0x00000000200002fa                FRWS
 .bss.FRWS1     0x00000000200002fb        0x1 ./Core/Src/main.o
                0x00000000200002fb                FRWS1
 .bss.FLWS      0x00000000200002fc        0x1 ./Core/Src/main.o
                0x00000000200002fc                FLWS
 .bss.FLWS1     0x00000000200002fd        0x1 ./Core/Src/main.o
                0x00000000200002fd                FLWS1
 .bss.RRWS      0x00000000200002fe        0x1 ./Core/Src/main.o
                0x00000000200002fe                RRWS
 .bss.RRWS1     0x00000000200002ff        0x1 ./Core/Src/main.o
                0x00000000200002ff                RRWS1
 .bss.RLWS      0x0000000020000300        0x1 ./Core/Src/main.o
                0x0000000020000300                RLWS
 .bss.RLWS1     0x0000000020000301        0x1 ./Core/Src/main.o
                0x0000000020000301                RLWS1
 .bss.FrontBrakePress
                0x0000000020000302        0x1 ./Core/Src/main.o
                0x0000000020000302                FrontBrakePress
 .bss.FrontBrakePress1
                0x0000000020000303        0x1 ./Core/Src/main.o
                0x0000000020000303                FrontBrakePress1
 .bss.RearBrakePress
                0x0000000020000304        0x1 ./Core/Src/main.o
                0x0000000020000304                RearBrakePress
 .bss.RearBrakePress1
                0x0000000020000305        0x1 ./Core/Src/main.o
                0x0000000020000305                RearBrakePress1
 *fill*         0x0000000020000306        0x2 
 .bss.Neutral   0x0000000020000308        0x4 ./Core/Src/main.o
                0x0000000020000308                Neutral
 .bss.page      0x000000002000030c        0x4 ./Core/Src/main.o
                0x000000002000030c                page
 .bss.TPS2      0x0000000020000310        0x4 ./Core/Src/main.o
                0x0000000020000310                TPS2
 .bss.OP2       0x0000000020000314        0x4 ./Core/Src/main.o
                0x0000000020000314                OP2
 .bss.RPM2      0x0000000020000318        0x4 ./Core/Src/main.o
                0x0000000020000318                RPM2
 .bss.BatV      0x000000002000031c        0x4 ./Core/Src/main.o
                0x000000002000031c                BatV
 .bss.MAP2      0x0000000020000320        0x4 ./Core/Src/main.o
                0x0000000020000320                MAP2
 .bss.IAT2      0x0000000020000324        0x4 ./Core/Src/main.o
                0x0000000020000324                IAT2
 .bss.FP2       0x0000000020000328        0x4 ./Core/Src/main.o
                0x0000000020000328                FP2
 .bss.LapTime2  0x000000002000032c        0x4 ./Core/Src/main.o
                0x000000002000032c                LapTime2
 .bss.FU2       0x0000000020000330        0x4 ./Core/Src/main.o
                0x0000000020000330                FU2
 .bss.RRWS2     0x0000000020000334        0x4 ./Core/Src/main.o
                0x0000000020000334                RRWS2
 .bss.RLWS2     0x0000000020000338        0x4 ./Core/Src/main.o
                0x0000000020000338                RLWS2
 .bss.FLWS2     0x000000002000033c        0x4 ./Core/Src/main.o
                0x000000002000033c                FLWS2
 .bss.FRWS2     0x0000000020000340        0x4 ./Core/Src/main.o
                0x0000000020000340                FRWS2
 .bss.RearSPEED
                0x0000000020000344        0x4 ./Core/Src/main.o
                0x0000000020000344                RearSPEED
 .bss.SPEED     0x0000000020000348        0x4 ./Core/Src/main.o
                0x0000000020000348                SPEED
 .bss.ET        0x000000002000034c        0x4 ./Core/Src/main.o
                0x000000002000034c                ET
 .bss.OT        0x0000000020000350        0x4 ./Core/Src/main.o
                0x0000000020000350                OT
 .bss.error_btn
                0x0000000020000354        0x4 ./Core/Src/main.o
                0x0000000020000354                error_btn
 .bss.counter   0x0000000020000358        0x4 ./Core/Src/main.o
                0x0000000020000358                counter
 .bss.counter2  0x000000002000035c        0x4 ./Core/Src/main.o
                0x000000002000035c                counter2
 .bss.prevNeutralTimeChange
                0x0000000020000360        0x4 ./Core/Src/main.o
                0x0000000020000360                prevNeutralTimeChange
 .bss.count     0x0000000020000364        0x2 ./Core/Src/main.o
                0x0000000020000364                count
 .bss.count2    0x0000000020000366        0x2 ./Core/Src/main.o
                0x0000000020000366                count2
 .bss.position  0x0000000020000368        0x2 ./Core/Src/main.o
                0x0000000020000368                position
 .bss.position2
                0x000000002000036a        0x2 ./Core/Src/main.o
                0x000000002000036a                position2
 .bss.lastPosition
                0x000000002000036c        0x2 ./Core/Src/main.o
                0x000000002000036c                lastPosition
 .bss.neutral_upshift
                0x000000002000036e        0x1 ./Core/Src/main.o
                0x000000002000036e                neutral_upshift
 .bss.neutral_time_changed
                0x000000002000036f        0x1 ./Core/Src/main.o
                0x000000002000036f                neutral_time_changed
 .bss.pwmData   0x0000000020000370      0x364 ./Core/Src/main.o
                0x0000000020000370                pwmData
 .bss.uwTick    0x00000000200006d4        0x4 ./Drivers/STM32F1xx_HAL_Driver/Src/stm32f1xx_hal.o
                0x00000000200006d4                uwTick
 *(COMMON)
                0x00000000200006d8                . = ALIGN (0x4)
                0x00000000200006d8                _ebss = .
                0x00000000200006d8                __bss_end__ = _ebss

._user_heap_stack
                0x00000000200006d8      0x600 load address 0x00000000080087a8
                0x00000000200006d8                . = ALIGN (0x8)
                [!provide]                        PROVIDE (end = .)
                0x00000000200006d8                PROVIDE (_end = .)
                0x00000000200008d8                . = (. + _Min_Heap_Size)
 *fill*         0x00000000200006d8      0x200 
                0x0000000020000cd8                . = (. + _Min_Stack_Size)
 *fill*         0x00000000200008d8      0x400 
                0x0000000020000cd8                . = ALIGN (0x8)

/DISCARD/
 libc.a(*)
 libm.a(*)
 libgcc.a(*)

.ARM.attributes
                0x0000000000000000       0x29
 *(.ARM.attributes)
 .ARM.attributes
                0x0000000000000000       0x1d c:/st/stm32cubeide_1.11.0/stm32cubeide/plugins/com.st.stm32cube.ide.mcu.externaltools.gnu-tools-for-stm32.10.3-2021.10.win32_1.0.100.202210260954/tools/bin/../lib/gcc/arm-none-eabi/10.3.1/thumb/v7-m/nofp/crti.o
 .ARM.attributes
                0x000000000000001d       0x2d c:/st/stm32cubeide_1.11.0/stm32cubeide/plugins/com.st.stm32cube.ide.mcu.externaltools.gnu-tools-for-stm32.10.3-2021.10.win32_1.0.100.202210260954/tools/bin/../lib/gcc/arm-none-eabi/10.3.1/thumb/v7-m/nofp/crtbegin.o
 .ARM.attributes
                0x000000000000004a       0x2d ./Core/Src/main.o
 .ARM.attributes
                0x0000000000000077       0x2d ./Core/Src/stm32f1xx_hal_msp.o
 .ARM.attributes
                0x00000000000000a4       0x2d ./Core/Src/stm32f1xx_it.o
 .ARM.attributes
                0x00000000000000d1       0x2d ./Core/Src/system_stm32f1xx.o
 .ARM.attributes
                0x00000000000000fe       0x21 ./Core/Startup/startup_stm32f103c8tx.o
 .ARM.attributes
                0x000000000000011f       0x2d ./Drivers/STM32F1xx_HAL_Driver/Src/stm32f1xx_hal.o
 .ARM.attributes
                0x000000000000014c       0x2d ./Drivers/STM32F1xx_HAL_Driver/Src/stm32f1xx_hal_adc.o
 .ARM.attributes
                0x0000000000000179       0x2d ./Drivers/STM32F1xx_HAL_Driver/Src/stm32f1xx_hal_can.o
 .ARM.attributes
                0x00000000000001a6       0x2d ./Drivers/STM32F1xx_HAL_Driver/Src/stm32f1xx_hal_cortex.o
 .ARM.attributes
                0x00000000000001d3       0x2d ./Drivers/STM32F1xx_HAL_Driver/Src/stm32f1xx_hal_dma.o
 .ARM.attributes
                0x0000000000000200       0x2d ./Drivers/STM32F1xx_HAL_Driver/Src/stm32f1xx_hal_gpio.o
 .ARM.attributes
                0x000000000000022d       0x2d ./Drivers/STM32F1xx_HAL_Driver/Src/stm32f1xx_hal_rcc.o
 .ARM.attributes
                0x000000000000025a       0x2d ./Drivers/STM32F1xx_HAL_Driver/Src/stm32f1xx_hal_rcc_ex.o
 .ARM.attributes
                0x0000000000000287       0x2d ./Drivers/STM32F1xx_HAL_Driver/Src/stm32f1xx_hal_tim.o
 .ARM.attributes
                0x00000000000002b4       0x2d ./Drivers/STM32F1xx_HAL_Driver/Src/stm32f1xx_hal_tim_ex.o
 .ARM.attributes
                0x00000000000002e1       0x2d ./Drivers/STM32F1xx_HAL_Driver/Src/stm32f1xx_hal_uart.o
 .ARM.attributes
                0x000000000000030e       0x2d c:/st/stm32cubeide_1.11.0/stm32cubeide/plugins/com.st.stm32cube.ide.mcu.externaltools.gnu-tools-for-stm32.10.3-2021.10.win32_1.0.100.202210260954/tools/bin/../lib/gcc/arm-none-eabi/10.3.1/../../../../arm-none-eabi/lib/thumb/v7-m/nofp\libc_nano.a(lib_a-init.o)
 .ARM.attributes
                0x000000000000033b       0x2d c:/st/stm32cubeide_1.11.0/stm32cubeide/plugins/com.st.stm32cube.ide.mcu.externaltools.gnu-tools-for-stm32.10.3-2021.10.win32_1.0.100.202210260954/tools/bin/../lib/gcc/arm-none-eabi/10.3.1/../../../../arm-none-eabi/lib/thumb/v7-m/nofp\libc_nano.a(lib_a-memset.o)
 .ARM.attributes
                0x0000000000000368       0x2d c:/st/stm32cubeide_1.11.0/stm32cubeide/plugins/com.st.stm32cube.ide.mcu.externaltools.gnu-tools-for-stm32.10.3-2021.10.win32_1.0.100.202210260954/tools/bin/../lib/gcc/arm-none-eabi/10.3.1/../../../../arm-none-eabi/lib/thumb/v7-m/nofp\libm.a(lib_a-s_tan.o)
 .ARM.attributes
                0x0000000000000395       0x2d c:/st/stm32cubeide_1.11.0/stm32cubeide/plugins/com.st.stm32cube.ide.mcu.externaltools.gnu-tools-for-stm32.10.3-2021.10.win32_1.0.100.202210260954/tools/bin/../lib/gcc/arm-none-eabi/10.3.1/../../../../arm-none-eabi/lib/thumb/v7-m/nofp\libm.a(lib_a-e_rem_pio2.o)
 .ARM.attributes
                0x00000000000003c2       0x2d c:/st/stm32cubeide_1.11.0/stm32cubeide/plugins/com.st.stm32cube.ide.mcu.externaltools.gnu-tools-for-stm32.10.3-2021.10.win32_1.0.100.202210260954/tools/bin/../lib/gcc/arm-none-eabi/10.3.1/../../../../arm-none-eabi/lib/thumb/v7-m/nofp\libm.a(lib_a-k_rem_pio2.o)
 .ARM.attributes
                0x00000000000003ef       0x2d c:/st/stm32cubeide_1.11.0/stm32cubeide/plugins/com.st.stm32cube.ide.mcu.externaltools.gnu-tools-for-stm32.10.3-2021.10.win32_1.0.100.202210260954/tools/bin/../lib/gcc/arm-none-eabi/10.3.1/../../../../arm-none-eabi/lib/thumb/v7-m/nofp\libm.a(lib_a-k_tan.o)
 .ARM.attributes
                0x000000000000041c       0x2d c:/st/stm32cubeide_1.11.0/stm32cubeide/plugins/com.st.stm32cube.ide.mcu.externaltools.gnu-tools-for-stm32.10.3-2021.10.win32_1.0.100.202210260954/tools/bin/../lib/gcc/arm-none-eabi/10.3.1/../../../../arm-none-eabi/lib/thumb/v7-m/nofp\libm.a(lib_a-s_fabs.o)
 .ARM.attributes
                0x0000000000000449       0x2d c:/st/stm32cubeide_1.11.0/stm32cubeide/plugins/com.st.stm32cube.ide.mcu.externaltools.gnu-tools-for-stm32.10.3-2021.10.win32_1.0.100.202210260954/tools/bin/../lib/gcc/arm-none-eabi/10.3.1/../../../../arm-none-eabi/lib/thumb/v7-m/nofp\libm.a(lib_a-s_floor.o)
 .ARM.attributes
                0x0000000000000476       0x2d c:/st/stm32cubeide_1.11.0/stm32cubeide/plugins/com.st.stm32cube.ide.mcu.externaltools.gnu-tools-for-stm32.10.3-2021.10.win32_1.0.100.202210260954/tools/bin/../lib/gcc/arm-none-eabi/10.3.1/../../../../arm-none-eabi/lib/thumb/v7-m/nofp\libm.a(lib_a-s_scalbn.o)
 .ARM.attributes
                0x00000000000004a3       0x1d c:/st/stm32cubeide_1.11.0/stm32cubeide/plugins/com.st.stm32cube.ide.mcu.externaltools.gnu-tools-for-stm32.10.3-2021.10.win32_1.0.100.202210260954/tools/bin/../lib/gcc/arm-none-eabi/10.3.1/thumb/v7-m/nofp\libgcc.a(_arm_addsubdf3.o)
 .ARM.attributes
                0x00000000000004c0       0x1d c:/st/stm32cubeide_1.11.0/stm32cubeide/plugins/com.st.stm32cube.ide.mcu.externaltools.gnu-tools-for-stm32.10.3-2021.10.win32_1.0.100.202210260954/tools/bin/../lib/gcc/arm-none-eabi/10.3.1/thumb/v7-m/nofp\libgcc.a(_arm_muldivdf3.o)
 .ARM.attributes
                0x00000000000004dd       0x1d c:/st/stm32cubeide_1.11.0/stm32cubeide/plugins/com.st.stm32cube.ide.mcu.externaltools.gnu-tools-for-stm32.10.3-2021.10.win32_1.0.100.202210260954/tools/bin/../lib/gcc/arm-none-eabi/10.3.1/thumb/v7-m/nofp\libgcc.a(_arm_cmpdf2.o)
 .ARM.attributes
                0x00000000000004fa       0x1d c:/st/stm32cubeide_1.11.0/stm32cubeide/plugins/com.st.stm32cube.ide.mcu.externaltools.gnu-tools-for-stm32.10.3-2021.10.win32_1.0.100.202210260954/tools/bin/../lib/gcc/arm-none-eabi/10.3.1/thumb/v7-m/nofp\libgcc.a(_arm_fixdfsi.o)
 .ARM.attributes
                0x0000000000000517       0x1d c:/st/stm32cubeide_1.11.0/stm32cubeide/plugins/com.st.stm32cube.ide.mcu.externaltools.gnu-tools-for-stm32.10.3-2021.10.win32_1.0.100.202210260954/tools/bin/../lib/gcc/arm-none-eabi/10.3.1/thumb/v7-m/nofp\libgcc.a(_arm_fixunsdfsi.o)
 .ARM.attributes
                0x0000000000000534       0x1d c:/st/stm32cubeide_1.11.0/stm32cubeide/plugins/com.st.stm32cube.ide.mcu.externaltools.gnu-tools-for-stm32.10.3-2021.10.win32_1.0.100.202210260954/tools/bin/../lib/gcc/arm-none-eabi/10.3.1/thumb/v7-m/nofp\libgcc.a(_arm_truncdfsf2.o)
 .ARM.attributes
                0x0000000000000551       0x1d c:/st/stm32cubeide_1.11.0/stm32cubeide/plugins/com.st.stm32cube.ide.mcu.externaltools.gnu-tools-for-stm32.10.3-2021.10.win32_1.0.100.202210260954/tools/bin/../lib/gcc/arm-none-eabi/10.3.1/thumb/v7-m/nofp\libgcc.a(_arm_addsubsf3.o)
 .ARM.attributes
                0x000000000000056e       0x1d c:/st/stm32cubeide_1.11.0/stm32cubeide/plugins/com.st.stm32cube.ide.mcu.externaltools.gnu-tools-for-stm32.10.3-2021.10.win32_1.0.100.202210260954/tools/bin/../lib/gcc/arm-none-eabi/10.3.1/thumb/v7-m/nofp\libgcc.a(_arm_fixunssfsi.o)
 .ARM.attributes
                0x000000000000058b       0x1d c:/st/stm32cubeide_1.11.0/stm32cubeide/plugins/com.st.stm32cube.ide.mcu.externaltools.gnu-tools-for-stm32.10.3-2021.10.win32_1.0.100.202210260954/tools/bin/../lib/gcc/arm-none-eabi/10.3.1/thumb/v7-m/nofp/crtn.o
OUTPUT(timoni_gia_challenger.elf elf32-littlearm)
LOAD linker stubs
LOAD c:/st/stm32cubeide_1.11.0/stm32cubeide/plugins/com.st.stm32cube.ide.mcu.externaltools.gnu-tools-for-stm32.10.3-2021.10.win32_1.0.100.202210260954/tools/bin/../lib/gcc/arm-none-eabi/10.3.1/../../../../arm-none-eabi/lib/thumb/v7-m/nofp\libc.a
LOAD c:/st/stm32cubeide_1.11.0/stm32cubeide/plugins/com.st.stm32cube.ide.mcu.externaltools.gnu-tools-for-stm32.10.3-2021.10.win32_1.0.100.202210260954/tools/bin/../lib/gcc/arm-none-eabi/10.3.1/../../../../arm-none-eabi/lib/thumb/v7-m/nofp\libm.a
LOAD c:/st/stm32cubeide_1.11.0/stm32cubeide/plugins/com.st.stm32cube.ide.mcu.externaltools.gnu-tools-for-stm32.10.3-2021.10.win32_1.0.100.202210260954/tools/bin/../lib/gcc/arm-none-eabi/10.3.1/thumb/v7-m/nofp\libgcc.a

.debug_info     0x0000000000000000    0x10ed6
 .debug_info    0x0000000000000000     0x2ba5 ./Core/Src/main.o
 .debug_info    0x0000000000002ba5     0x1663 ./Core/Src/stm32f1xx_hal_msp.o
 .debug_info    0x0000000000004208      0xe7e ./Core/Src/stm32f1xx_it.o
 .debug_info    0x0000000000005086      0x23d ./Core/Src/system_stm32f1xx.o
 .debug_info    0x00000000000052c3       0x22 ./Core/Startup/startup_stm32f103c8tx.o
 .debug_info    0x00000000000052e5      0x734 ./Drivers/STM32F1xx_HAL_Driver/Src/stm32f1xx_hal.o
 .debug_info    0x0000000000005a19      0xcfe ./Drivers/STM32F1xx_HAL_Driver/Src/stm32f1xx_hal_adc.o
 .debug_info    0x0000000000006717      0xfd7 ./Drivers/STM32F1xx_HAL_Driver/Src/stm32f1xx_hal_can.o
 .debug_info    0x00000000000076ee      0xb20 ./Drivers/STM32F1xx_HAL_Driver/Src/stm32f1xx_hal_cortex.o
 .debug_info    0x000000000000820e      0x744 ./Drivers/STM32F1xx_HAL_Driver/Src/stm32f1xx_hal_dma.o
 .debug_info    0x0000000000008952      0x615 ./Drivers/STM32F1xx_HAL_Driver/Src/stm32f1xx_hal_gpio.o
 .debug_info    0x0000000000008f67      0x865 ./Drivers/STM32F1xx_HAL_Driver/Src/stm32f1xx_hal_rcc.o
 .debug_info    0x00000000000097cc      0x3e6 ./Drivers/STM32F1xx_HAL_Driver/Src/stm32f1xx_hal_rcc_ex.o
 .debug_info    0x0000000000009bb2     0x2bab ./Drivers/STM32F1xx_HAL_Driver/Src/stm32f1xx_hal_tim.o
 .debug_info    0x000000000000c75d     0x15c7 ./Drivers/STM32F1xx_HAL_Driver/Src/stm32f1xx_hal_tim_ex.o
 .debug_info    0x000000000000dd24     0x31b2 ./Drivers/STM32F1xx_HAL_Driver/Src/stm32f1xx_hal_uart.o

.debug_abbrev   0x0000000000000000     0x227d
 .debug_abbrev  0x0000000000000000      0x3ec ./Core/Src/main.o
 .debug_abbrev  0x00000000000003ec      0x289 ./Core/Src/stm32f1xx_hal_msp.o
 .debug_abbrev  0x0000000000000675      0x20d ./Core/Src/stm32f1xx_it.o
 .debug_abbrev  0x0000000000000882      0x13b ./Core/Src/system_stm32f1xx.o
 .debug_abbrev  0x00000000000009bd       0x12 ./Core/Startup/startup_stm32f103c8tx.o
 .debug_abbrev  0x00000000000009cf      0x1fb ./Drivers/STM32F1xx_HAL_Driver/Src/stm32f1xx_hal.o
 .debug_abbrev  0x0000000000000bca      0x210 ./Drivers/STM32F1xx_HAL_Driver/Src/stm32f1xx_hal_adc.o
 .debug_abbrev  0x0000000000000dda      0x224 ./Drivers/STM32F1xx_HAL_Driver/Src/stm32f1xx_hal_can.o
 .debug_abbrev  0x0000000000000ffe      0x2ed ./Drivers/STM32F1xx_HAL_Driver/Src/stm32f1xx_hal_cortex.o
 .debug_abbrev  0x00000000000012eb      0x1fe ./Drivers/STM32F1xx_HAL_Driver/Src/stm32f1xx_hal_dma.o
 .debug_abbrev  0x00000000000014e9      0x1bb ./Drivers/STM32F1xx_HAL_Driver/Src/stm32f1xx_hal_gpio.o
 .debug_abbrev  0x00000000000016a4      0x2a8 ./Drivers/STM32F1xx_HAL_Driver/Src/stm32f1xx_hal_rcc.o
 .debug_abbrev  0x000000000000194c      0x182 ./Drivers/STM32F1xx_HAL_Driver/Src/stm32f1xx_hal_rcc_ex.o
 .debug_abbrev  0x0000000000001ace      0x264 ./Drivers/STM32F1xx_HAL_Driver/Src/stm32f1xx_hal_tim.o
 .debug_abbrev  0x0000000000001d32      0x26c ./Drivers/STM32F1xx_HAL_Driver/Src/stm32f1xx_hal_tim_ex.o
 .debug_abbrev  0x0000000000001f9e      0x2df ./Drivers/STM32F1xx_HAL_Driver/Src/stm32f1xx_hal_uart.o

.debug_aranges  0x0000000000000000      0xf58
 .debug_aranges
                0x0000000000000000      0x100 ./Core/Src/main.o
 .debug_aranges
                0x0000000000000100       0x78 ./Core/Src/stm32f1xx_hal_msp.o
 .debug_aranges
                0x0000000000000178       0xb0 ./Core/Src/stm32f1xx_it.o
 .debug_aranges
                0x0000000000000228       0x28 ./Core/Src/system_stm32f1xx.o
 .debug_aranges
                0x0000000000000250       0x28 ./Core/Startup/startup_stm32f103c8tx.o
 .debug_aranges
                0x0000000000000278       0xe0 ./Drivers/STM32F1xx_HAL_Driver/Src/stm32f1xx_hal.o
 .debug_aranges
                0x0000000000000358       0xf0 ./Drivers/STM32F1xx_HAL_Driver/Src/stm32f1xx_hal_adc.o
 .debug_aranges
                0x0000000000000448      0x138 ./Drivers/STM32F1xx_HAL_Driver/Src/stm32f1xx_hal_can.o
 .debug_aranges
                0x0000000000000580      0x100 ./Drivers/STM32F1xx_HAL_Driver/Src/stm32f1xx_hal_cortex.o
 .debug_aranges
                0x0000000000000680       0x80 ./Drivers/STM32F1xx_HAL_Driver/Src/stm32f1xx_hal_dma.o
 .debug_aranges
                0x0000000000000700       0x58 ./Drivers/STM32F1xx_HAL_Driver/Src/stm32f1xx_hal_gpio.o
 .debug_aranges
                0x0000000000000758       0x90 ./Drivers/STM32F1xx_HAL_Driver/Src/stm32f1xx_hal_rcc.o
 .debug_aranges
                0x00000000000007e8       0x30 ./Drivers/STM32F1xx_HAL_Driver/Src/stm32f1xx_hal_rcc_ex.o
 .debug_aranges
                0x0000000000000818      0x3d0 ./Drivers/STM32F1xx_HAL_Driver/Src/stm32f1xx_hal_tim.o
 .debug_aranges
                0x0000000000000be8      0x168 ./Drivers/STM32F1xx_HAL_Driver/Src/stm32f1xx_hal_tim_ex.o
 .debug_aranges
                0x0000000000000d50      0x208 ./Drivers/STM32F1xx_HAL_Driver/Src/stm32f1xx_hal_uart.o

.debug_ranges   0x0000000000000000      0xe90
 .debug_ranges  0x0000000000000000       0xf0 ./Core/Src/main.o
 .debug_ranges  0x00000000000000f0       0x68 ./Core/Src/stm32f1xx_hal_msp.o
 .debug_ranges  0x0000000000000158       0xa0 ./Core/Src/stm32f1xx_it.o
 .debug_ranges  0x00000000000001f8       0x18 ./Core/Src/system_stm32f1xx.o
 .debug_ranges  0x0000000000000210       0x20 ./Core/Startup/startup_stm32f103c8tx.o
 .debug_ranges  0x0000000000000230       0xd0 ./Drivers/STM32F1xx_HAL_Driver/Src/stm32f1xx_hal.o
 .debug_ranges  0x0000000000000300       0xe0 ./Drivers/STM32F1xx_HAL_Driver/Src/stm32f1xx_hal_adc.o
 .debug_ranges  0x00000000000003e0      0x128 ./Drivers/STM32F1xx_HAL_Driver/Src/stm32f1xx_hal_can.o
 .debug_ranges  0x0000000000000508       0xf0 ./Drivers/STM32F1xx_HAL_Driver/Src/stm32f1xx_hal_cortex.o
 .debug_ranges  0x00000000000005f8       0x70 ./Drivers/STM32F1xx_HAL_Driver/Src/stm32f1xx_hal_dma.o
 .debug_ranges  0x0000000000000668       0x48 ./Drivers/STM32F1xx_HAL_Driver/Src/stm32f1xx_hal_gpio.o
 .debug_ranges  0x00000000000006b0       0x80 ./Drivers/STM32F1xx_HAL_Driver/Src/stm32f1xx_hal_rcc.o
 .debug_ranges  0x0000000000000730       0x20 ./Drivers/STM32F1xx_HAL_Driver/Src/stm32f1xx_hal_rcc_ex.o
 .debug_ranges  0x0000000000000750      0x3c0 ./Drivers/STM32F1xx_HAL_Driver/Src/stm32f1xx_hal_tim.o
 .debug_ranges  0x0000000000000b10      0x158 ./Drivers/STM32F1xx_HAL_Driver/Src/stm32f1xx_hal_tim_ex.o
 .debug_ranges  0x0000000000000c68      0x228 ./Drivers/STM32F1xx_HAL_Driver/Src/stm32f1xx_hal_uart.o

.debug_macro    0x0000000000000000    0x18bd7
 .debug_macro   0x0000000000000000      0x37f ./Core/Src/main.o
 .debug_macro   0x000000000000037f      0xa6c ./Core/Src/main.o
 .debug_macro   0x0000000000000deb      0x22d ./Core/Src/main.o
 .debug_macro   0x0000000000001018       0x2e ./Core/Src/main.o
 .debug_macro   0x0000000000001046       0x22 ./Core/Src/main.o
 .debug_macro   0x0000000000001068       0x22 ./Core/Src/main.o
 .debug_macro   0x000000000000108a       0x8e ./Core/Src/main.o
 .debug_macro   0x0000000000001118       0x51 ./Core/Src/main.o
 .debug_macro   0x0000000000001169      0x103 ./Core/Src/main.o
 .debug_macro   0x000000000000126c       0x6a ./Core/Src/main.o
 .debug_macro   0x00000000000012d6      0x1df ./Core/Src/main.o
 .debug_macro   0x00000000000014b5       0x1c ./Core/Src/main.o
 .debug_macro   0x00000000000014d1       0x22 ./Core/Src/main.o
 .debug_macro   0x00000000000014f3       0xbd ./Core/Src/main.o
 .debug_macro   0x00000000000015b0      0xd23 ./Core/Src/main.o
 .debug_macro   0x00000000000022d3     0xe09e ./Core/Src/main.o
 .debug_macro   0x0000000000010371       0x6d ./Core/Src/main.o
 .debug_macro   0x00000000000103de     0x348d ./Core/Src/main.o
 .debug_macro   0x000000000001386b      0x174 ./Core/Src/main.o
 .debug_macro   0x00000000000139df       0x5c ./Core/Src/main.o
 .debug_macro   0x0000000000013a3b      0x5bc ./Core/Src/main.o
 .debug_macro   0x0000000000013ff7      0x289 ./Core/Src/main.o
 .debug_macro   0x0000000000014280      0x1cb ./Core/Src/main.o
 .debug_macro   0x000000000001444b      0x114 ./Core/Src/main.o
 .debug_macro   0x000000000001455f      0x1b2 ./Core/Src/main.o
 .debug_macro   0x0000000000014711       0x27 ./Core/Src/main.o
 .debug_macro   0x0000000000014738      0x136 ./Core/Src/main.o
 .debug_macro   0x000000000001486e      0x1bc ./Core/Src/main.o
 .debug_macro   0x0000000000014a2a       0x34 ./Core/Src/main.o
 .debug_macro   0x0000000000014a5e       0x3c ./Core/Src/main.o
 .debug_macro   0x0000000000014a9a      0x408 ./Core/Src/main.o
 .debug_macro   0x0000000000014ea2       0x57 ./Core/Src/main.o
 .debug_macro   0x0000000000014ef9      0x46a ./Core/Src/main.o
 .debug_macro   0x0000000000015363      0x1b5 ./Core/Src/main.o
 .debug_macro   0x0000000000015518       0x87 ./Core/Src/main.o
 .debug_macro   0x000000000001559f      0x240 ./Core/Src/main.o
 .debug_macro   0x00000000000157df      0x140 ./Core/Src/main.o
 .debug_macro   0x000000000001591f      0x8ed ./Core/Src/main.o
 .debug_macro   0x000000000001620c      0x28e ./Core/Src/main.o
 .debug_macro   0x000000000001649a       0x83 ./Core/Src/main.o
 .debug_macro   0x000000000001651d       0xb8 ./Core/Src/main.o
 .debug_macro   0x00000000000165d5       0x52 ./Core/Src/main.o
 .debug_macro   0x0000000000016627       0x18 ./Core/Src/main.o
 .debug_macro   0x000000000001663f       0x3c ./Core/Src/main.o
 .debug_macro   0x000000000001667b       0x34 ./Core/Src/main.o
 .debug_macro   0x00000000000166af       0x16 ./Core/Src/main.o
 .debug_macro   0x00000000000166c5       0x43 ./Core/Src/main.o
 .debug_macro   0x0000000000016708       0x34 ./Core/Src/main.o
 .debug_macro   0x000000000001673c       0x10 ./Core/Src/main.o
 .debug_macro   0x000000000001674c       0x58 ./Core/Src/main.o
 .debug_macro   0x00000000000167a4       0x71 ./Core/Src/main.o
 .debug_macro   0x0000000000016815       0x1c ./Core/Src/main.o
 .debug_macro   0x0000000000016831      0x12a ./Core/Src/main.o
 .debug_macro   0x000000000001695b      0x341 ./Core/Src/main.o
 .debug_macro   0x0000000000016c9c      0x19b ./Core/Src/main.o
 .debug_macro   0x0000000000016e37       0x1c ./Core/Src/main.o
 .debug_macro   0x0000000000016e53       0x35 ./Core/Src/main.o
 .debug_macro   0x0000000000016e88       0x10 ./Core/Src/main.o
 .debug_macro   0x0000000000016e98       0x10 ./Core/Src/main.o
 .debug_macro   0x0000000000016ea8       0x1c ./Core/Src/main.o
 .debug_macro   0x0000000000016ec4       0x52 ./Core/Src/main.o
 .debug_macro   0x0000000000016f16       0x22 ./Core/Src/main.o
 .debug_macro   0x0000000000016f38       0x10 ./Core/Src/main.o
 .debug_macro   0x0000000000016f48       0x52 ./Core/Src/main.o
 .debug_macro   0x0000000000016f9a       0xd5 ./Core/Src/main.o
 .debug_macro   0x000000000001706f       0x1c ./Core/Src/main.o
 .debug_macro   0x000000000001708b       0x3d ./Core/Src/main.o
 .debug_macro   0x00000000000170c8       0x16 ./Core/Src/main.o
 .debug_macro   0x00000000000170de      0x145 ./Core/Src/main.o
 .debug_macro   0x0000000000017223       0x16 ./Core/Src/main.o
 .debug_macro   0x0000000000017239       0x20 ./Core/Src/main.o
 .debug_macro   0x0000000000017259      0x1d0 ./Core/Src/stm32f1xx_hal_msp.o
 .debug_macro   0x0000000000017429      0x1da ./Core/Src/stm32f1xx_it.o
 .debug_macro   0x0000000000017603      0x1c1 ./Core/Src/system_stm32f1xx.o
 .debug_macro   0x00000000000177c4      0x1e5 ./Drivers/STM32F1xx_HAL_Driver/Src/stm32f1xx_hal.o
 .debug_macro   0x00000000000179a9      0x1de ./Drivers/STM32F1xx_HAL_Driver/Src/stm32f1xx_hal_adc.o
 .debug_macro   0x0000000000017b87      0x1c9 ./Drivers/STM32F1xx_HAL_Driver/Src/stm32f1xx_hal_can.o
 .debug_macro   0x0000000000017d50      0x1c1 ./Drivers/STM32F1xx_HAL_Driver/Src/stm32f1xx_hal_cortex.o
 .debug_macro   0x0000000000017f11      0x1c1 ./Drivers/STM32F1xx_HAL_Driver/Src/stm32f1xx_hal_dma.o
 .debug_macro   0x00000000000180d2      0x22c ./Drivers/STM32F1xx_HAL_Driver/Src/stm32f1xx_hal_gpio.o
 .debug_macro   0x00000000000182fe      0x1d3 ./Drivers/STM32F1xx_HAL_Driver/Src/stm32f1xx_hal_rcc.o
 .debug_macro   0x00000000000184d1      0x1c1 ./Drivers/STM32F1xx_HAL_Driver/Src/stm32f1xx_hal_rcc_ex.o
 .debug_macro   0x0000000000018692      0x1c2 ./Drivers/STM32F1xx_HAL_Driver/Src/stm32f1xx_hal_tim.o
 .debug_macro   0x0000000000018854      0x1c1 ./Drivers/STM32F1xx_HAL_Driver/Src/stm32f1xx_hal_tim_ex.o
 .debug_macro   0x0000000000018a15      0x1c2 ./Drivers/STM32F1xx_HAL_Driver/Src/stm32f1xx_hal_uart.o

.debug_line     0x0000000000000000    0x106ef
 .debug_line    0x0000000000000000     0x14db ./Core/Src/main.o
 .debug_line    0x00000000000014db      0x8bf ./Core/Src/stm32f1xx_hal_msp.o
 .debug_line    0x0000000000001d9a      0x874 ./Core/Src/stm32f1xx_it.o
 .debug_line    0x000000000000260e      0x740 ./Core/Src/system_stm32f1xx.o
 .debug_line    0x0000000000002d4e       0x86 ./Core/Startup/startup_stm32f103c8tx.o
 .debug_line    0x0000000000002dd4      0x96d ./Drivers/STM32F1xx_HAL_Driver/Src/stm32f1xx_hal.o
 .debug_line    0x0000000000003741      0xff2 ./Drivers/STM32F1xx_HAL_Driver/Src/stm32f1xx_hal_adc.o
 .debug_line    0x0000000000004733     0x1114 ./Drivers/STM32F1xx_HAL_Driver/Src/stm32f1xx_hal_can.o
 .debug_line    0x0000000000005847      0xb55 ./Drivers/STM32F1xx_HAL_Driver/Src/stm32f1xx_hal_cortex.o
 .debug_line    0x000000000000639c      0xdc6 ./Drivers/STM32F1xx_HAL_Driver/Src/stm32f1xx_hal_dma.o
 .debug_line    0x0000000000007162      0xa06 ./Drivers/STM32F1xx_HAL_Driver/Src/stm32f1xx_hal_gpio.o
 .debug_line    0x0000000000007b68      0xd79 ./Drivers/STM32F1xx_HAL_Driver/Src/stm32f1xx_hal_rcc.o
 .debug_line    0x00000000000088e1      0x8b5 ./Drivers/STM32F1xx_HAL_Driver/Src/stm32f1xx_hal_rcc_ex.o
 .debug_line    0x0000000000009196     0x33f8 ./Drivers/STM32F1xx_HAL_Driver/Src/stm32f1xx_hal_tim.o
 .debug_line    0x000000000000c58e     0x18c3 ./Drivers/STM32F1xx_HAL_Driver/Src/stm32f1xx_hal_tim_ex.o
 .debug_line    0x000000000000de51     0x289e ./Drivers/STM32F1xx_HAL_Driver/Src/stm32f1xx_hal_uart.o

.debug_str      0x0000000000000000    0x92e44
 .debug_str     0x0000000000000000    0x8ff4e ./Core/Src/main.o
                                      0x9049b (size before relaxing)
 .debug_str     0x000000000008ff4e      0x175 ./Core/Src/stm32f1xx_hal_msp.o
                                      0x8b38d (size before relaxing)
 .debug_str     0x00000000000900c3      0x1a1 ./Core/Src/stm32f1xx_it.o
                                      0x8af1b (size before relaxing)
 .debug_str     0x0000000000090264       0x7e ./Core/Src/system_stm32f1xx.o
                                      0x8a0bc (size before relaxing)
 .debug_str     0x00000000000902e2       0x36 ./Core/Startup/startup_stm32f103c8tx.o
                                         0x7f (size before relaxing)
 .debug_str     0x0000000000090318      0x378 ./Drivers/STM32F1xx_HAL_Driver/Src/stm32f1xx_hal.o
                                      0x8a7ef (size before relaxing)
 .debug_str     0x0000000000090690      0x355 ./Drivers/STM32F1xx_HAL_Driver/Src/stm32f1xx_hal_adc.o
                                      0x8a7a0 (size before relaxing)
 .debug_str     0x00000000000909e5      0x3d3 ./Drivers/STM32F1xx_HAL_Driver/Src/stm32f1xx_hal_can.o
                                      0x8a8bc (size before relaxing)
 .debug_str     0x0000000000090db8      0x26c ./Drivers/STM32F1xx_HAL_Driver/Src/stm32f1xx_hal_cortex.o
                                      0x8a73b (size before relaxing)
 .debug_str     0x0000000000091024      0x1e7 ./Drivers/STM32F1xx_HAL_Driver/Src/stm32f1xx_hal_dma.o
                                      0x8a465 (size before relaxing)
 .debug_str     0x000000000009120b      0x297 ./Drivers/STM32F1xx_HAL_Driver/Src/stm32f1xx_hal_gpio.o
                                      0x8a442 (size before relaxing)
 .debug_str     0x00000000000914a2      0x229 ./Drivers/STM32F1xx_HAL_Driver/Src/stm32f1xx_hal_rcc.o
                                      0x8a4eb (size before relaxing)
 .debug_str     0x00000000000916cb       0x84 ./Drivers/STM32F1xx_HAL_Driver/Src/stm32f1xx_hal_rcc_ex.o
                                      0x8a23b (size before relaxing)
 .debug_str     0x000000000009174f      0xc78 ./Drivers/STM32F1xx_HAL_Driver/Src/stm32f1xx_hal_tim.o
                                      0x8b4dd (size before relaxing)
 .debug_str     0x00000000000923c7      0x493 ./Drivers/STM32F1xx_HAL_Driver/Src/stm32f1xx_hal_tim_ex.o
                                      0x8acf9 (size before relaxing)
 .debug_str     0x000000000009285a      0x5ea ./Drivers/STM32F1xx_HAL_Driver/Src/stm32f1xx_hal_uart.o
                                      0x8ab5c (size before relaxing)

.comment        0x0000000000000000       0x50
 .comment       0x0000000000000000       0x50 ./Core/Src/main.o
                                         0x51 (size before relaxing)
 .comment       0x0000000000000050       0x51 ./Core/Src/stm32f1xx_hal_msp.o
 .comment       0x0000000000000050       0x51 ./Core/Src/stm32f1xx_it.o
 .comment       0x0000000000000050       0x51 ./Core/Src/system_stm32f1xx.o
 .comment       0x0000000000000050       0x51 ./Drivers/STM32F1xx_HAL_Driver/Src/stm32f1xx_hal.o
 .comment       0x0000000000000050       0x51 ./Drivers/STM32F1xx_HAL_Driver/Src/stm32f1xx_hal_adc.o
 .comment       0x0000000000000050       0x51 ./Drivers/STM32F1xx_HAL_Driver/Src/stm32f1xx_hal_can.o
 .comment       0x0000000000000050       0x51 ./Drivers/STM32F1xx_HAL_Driver/Src/stm32f1xx_hal_cortex.o
 .comment       0x0000000000000050       0x51 ./Drivers/STM32F1xx_HAL_Driver/Src/stm32f1xx_hal_dma.o
 .comment       0x0000000000000050       0x51 ./Drivers/STM32F1xx_HAL_Driver/Src/stm32f1xx_hal_gpio.o
 .comment       0x0000000000000050       0x51 ./Drivers/STM32F1xx_HAL_Driver/Src/stm32f1xx_hal_rcc.o
 .comment       0x0000000000000050       0x51 ./Drivers/STM32F1xx_HAL_Driver/Src/stm32f1xx_hal_rcc_ex.o
 .comment       0x0000000000000050       0x51 ./Drivers/STM32F1xx_HAL_Driver/Src/stm32f1xx_hal_tim.o
 .comment       0x0000000000000050       0x51 ./Drivers/STM32F1xx_HAL_Driver/Src/stm32f1xx_hal_tim_ex.o
 .comment       0x0000000000000050       0x51 ./Drivers/STM32F1xx_HAL_Driver/Src/stm32f1xx_hal_uart.o

.debug_frame    0x0000000000000000     0x44fc
 .debug_frame   0x0000000000000000      0x434 ./Core/Src/main.o
 .debug_frame   0x0000000000000434      0x1c4 ./Core/Src/stm32f1xx_hal_msp.o
 .debug_frame   0x00000000000005f8      0x21c ./Core/Src/stm32f1xx_it.o
 .debug_frame   0x0000000000000814       0x58 ./Core/Src/system_stm32f1xx.o
 .debug_frame   0x000000000000086c      0x334 ./Drivers/STM32F1xx_HAL_Driver/Src/stm32f1xx_hal.o
 .debug_frame   0x0000000000000ba0      0x40c ./Drivers/STM32F1xx_HAL_Driver/Src/stm32f1xx_hal_adc.o
 .debug_frame   0x0000000000000fac      0x5a0 ./Drivers/STM32F1xx_HAL_Driver/Src/stm32f1xx_hal_can.o
 .debug_frame   0x000000000000154c      0x428 ./Drivers/STM32F1xx_HAL_Driver/Src/stm32f1xx_hal_cortex.o
 .debug_frame   0x0000000000001974      0x208 ./Drivers/STM32F1xx_HAL_Driver/Src/stm32f1xx_hal_dma.o
 .debug_frame   0x0000000000001b7c      0x14c ./Drivers/STM32F1xx_HAL_Driver/Src/stm32f1xx_hal_gpio.o
 .debug_frame   0x0000000000001cc8      0x218 ./Drivers/STM32F1xx_HAL_Driver/Src/stm32f1xx_hal_rcc.o
 .debug_frame   0x0000000000001ee0       0x80 ./Drivers/STM32F1xx_HAL_Driver/Src/stm32f1xx_hal_rcc_ex.o
 .debug_frame   0x0000000000001f60     0x11bc ./Drivers/STM32F1xx_HAL_Driver/Src/stm32f1xx_hal_tim.o
 .debug_frame   0x000000000000311c      0x638 ./Drivers/STM32F1xx_HAL_Driver/Src/stm32f1xx_hal_tim_ex.o
 .debug_frame   0x0000000000003754      0x944 ./Drivers/STM32F1xx_HAL_Driver/Src/stm32f1xx_hal_uart.o
 .debug_frame   0x0000000000004098       0x2c c:/st/stm32cubeide_1.11.0/stm32cubeide/plugins/com.st.stm32cube.ide.mcu.externaltools.gnu-tools-for-stm32.10.3-2021.10.win32_1.0.100.202210260954/tools/bin/../lib/gcc/arm-none-eabi/10.3.1/../../../../arm-none-eabi/lib/thumb/v7-m/nofp\libc_nano.a(lib_a-init.o)