../Core/Src/main.c:87:6:BitShiftCombine	24	static
../Core/Src/main.c:94:6:HAL_CAN_RxFifo0MsgPendingCallback	16	static
../Core/Src/main.c:208:5:main	128	static
../Core/Src/main.c:287:6:SystemClock_Config	88	static
../Core/Src/main.c:342:13:MX_CAN1_Init	48	static
../Core/Src/main.c:405:13:MX_CAN2_Init	48	static
../Core/Src/main.c:468:13:MX_USART1_UART_Init	8	static
../Core/Src/main.c:501:13:MX_GPIO_Init	48	static
../Core/Src/main.c:524:6:HAL_UART_RxCpltCallback	16	static
../Core/Src/main.c:549:6:Error_Handler	4	static,ignoring_inline_asm
